Archive member included to satisfy reference by file (symbol)

build/cooja/contiki-ng-cooja.a(simEnvChange.o)
                              build/cooja/mtype531321371.o (simDontFallAsleep)
build/cooja/contiki-ng-cooja.a(cooja_mt.o)
                              build/cooja/mtype531321371.o (cooja_mt_start)
build/cooja/contiki-ng-cooja.a(cooja_mtarch.o)
                              build/cooja/contiki-ng-cooja.a(cooja_mt.o) (cooja_mtarch_start)
build/cooja/contiki-ng-cooja.a(rtimer-arch.o)
                              build/cooja/mtype531321371.o (rtimer_arch_check)
build/cooja/contiki-ng-cooja.a(beep.o)
                              build/cooja/mtype531321371.o (beep_interface)
build/cooja/contiki-ng-cooja.a(leds-arch.o)
                              build/cooja/mtype531321371.o (leds_interface)
build/cooja/contiki-ng-cooja.a(moteid.o)
                              build/cooja/mtype531321371.o (moteid_interface)
build/cooja/contiki-ng-cooja.a(pir-sensor.o)
                              build/cooja/mtype531321371.o (pir_interface)
build/cooja/contiki-ng-cooja.a(rs232.o)
                              build/cooja/mtype531321371.o (rs232_interface)
build/cooja/contiki-ng-cooja.a(vib-sensor.o)
                              build/cooja/mtype531321371.o (vib_interface)
build/cooja/contiki-ng-cooja.a(clock.o)
                              build/cooja/mtype531321371.o (clock_interface)
build/cooja/contiki-ng-cooja.a(cooja-log.o)
                              build/cooja/mtype531321371.o (simlog_interface)
build/cooja/contiki-ng-cooja.a(cfs-cooja.o)
                              build/cooja/mtype531321371.o (cfs_interface)
build/cooja/contiki-ng-cooja.a(cooja-radio.o)
                              build/cooja/mtype531321371.o (radio_interface)
build/cooja/contiki-ng-cooja.a(eeprom.o)
                              build/cooja/mtype531321371.o (eeprom_interface)
build/cooja/contiki-ng-cooja.a(random.o)
                              build/cooja/contiki-ng-cooja.a(moteid.o) (random_init)
build/cooja/contiki-ng-cooja.a(sensors.o)
                              build/cooja/contiki-ng-cooja.a(pir-sensor.o) (sensors_changed)
build/cooja/contiki-ng-cooja.a(leds.o)
                              build/cooja/contiki-ng-cooja.a(leds-arch.o) (leds_get)
build/cooja/contiki-ng-cooja.a(gpio-hal-arch.o)
                              build/cooja/contiki-ng-cooja.a(leds-arch.o) (gpio_hal_arch_register_pin_callback)
build/cooja/contiki-ng-cooja.a(buttons.o)
                              build/cooja/mtype531321371.o (button_interface)
build/cooja/contiki-ng-cooja.a(webserver.o)
                              border-router.o (webserver_nogui_process)
build/cooja/contiki-ng-cooja.a(contiki-main.o)
                              build/cooja/mtype531321371.o (main)
build/cooja/contiki-ng-cooja.a(autostart.o)
                              build/cooja/contiki-ng-cooja.a(contiki-main.o) (autostart_start)
build/cooja/contiki-ng-cooja.a(ctimer.o)
                              build/cooja/contiki-ng-cooja.a(contiki-main.o) (ctimer_init)
build/cooja/contiki-ng-cooja.a(energest.o)
                              build/cooja/contiki-ng-cooja.a(contiki-main.o) (energest_init)
build/cooja/contiki-ng-cooja.a(etimer.o)
                              build/cooja/contiki-ng-cooja.a(contiki-main.o) (etimer_process)
build/cooja/contiki-ng-cooja.a(log.o)
                              build/cooja/contiki-ng-cooja.a(contiki-main.o) (curr_log_level_main)
build/cooja/contiki-ng-cooja.a(node-id.o)
                              build/cooja/contiki-ng-cooja.a(contiki-main.o) (node_id)
build/cooja/contiki-ng-cooja.a(process.o)
                              build/cooja/contiki-ng-cooja.a(ctimer.o) (process_current)
build/cooja/contiki-ng-cooja.a(rtimer.o)
                              build/cooja/contiki-ng-cooja.a(contiki-main.o) (rtimer_init)
build/cooja/contiki-ng-cooja.a(timer.o)
                              build/cooja/contiki-ng-cooja.a(etimer.o) (timer_set)
build/cooja/contiki-ng-cooja.a(list.o)
                              build/cooja/contiki-ng-cooja.a(ctimer.o) (list_init)
build/cooja/contiki-ng-cooja.a(button-hal.o)
                              build/cooja/mtype531321371.o (button_hal_init)
build/cooja/contiki-ng-cooja.a(gpio-hal.o)
                              build/cooja/contiki-ng-cooja.a(button-hal.o) (gpio_hal_register_handler)
build/cooja/contiki-ng-cooja.a(serial-line.o)
                              build/cooja/contiki-ng-cooja.a(rs232.o) (serial_line_input_byte)
build/cooja/contiki-ng-cooja.a(linkaddr.o)
                              build/cooja/contiki-ng-cooja.a(contiki-main.o) (linkaddr_node_addr)
build/cooja/contiki-ng-cooja.a(netstack.o)
                              build/cooja/contiki-ng-cooja.a(contiki-main.o) (netstack_init)
build/cooja/contiki-ng-cooja.a(packetbuf.o)
                              build/cooja/contiki-ng-cooja.a(cooja-radio.o) (packetbuf_clear)
build/cooja/contiki-ng-cooja.a(queuebuf.o)
[...]
Memory Configuration

Name             Origin             Length             Attributes
*default*        0x0000000000000000 0xffffffffffffffff

Linker script and memory map

LOAD /usr/lib/gcc/x86_64-linux-gnu/11/../../../x86_64-linux-gnu/crti.o
LOAD /usr/lib/gcc/x86_64-linux-gnu/11/crtbeginS.o
LOAD border-router.o
LOAD build/cooja/mtype531321371.o
LOAD build/cooja/contiki-ng-cooja.a
LOAD /usr/lib/gcc/x86_64-linux-gnu/11/libgcc.a
LOAD /usr/lib/gcc/x86_64-linux-gnu/11/libgcc_s.so
START GROUP
LOAD /usr/lib/gcc/x86_64-linux-gnu/11/../../../x86_64-linux-gnu/libgcc_s.so.1
LOAD /usr/lib/gcc/x86_64-linux-gnu/11/libgcc.a
END GROUP
LOAD /usr/lib/gcc/x86_64-linux-gnu/11/../../../x86_64-linux-gnu/libc.so
START GROUP
LOAD /lib/x86_64-linux-gnu/libc.so.6
LOAD /usr/lib/x86_64-linux-gnu/libc_nonshared.a
LOAD /lib64/ld-linux-x86-64.so.2
END GROUP
LOAD /usr/lib/gcc/x86_64-linux-gnu/11/libgcc.a
LOAD /usr/lib/gcc/x86_64-linux-gnu/11/libgcc_s.so
START GROUP
LOAD /usr/lib/gcc/x86_64-linux-gnu/11/../../../x86_64-linux-gnu/libgcc_s.so.1
LOAD /usr/lib/gcc/x86_64-linux-gnu/11/libgcc.a
END GROUP
LOAD /usr/lib/gcc/x86_64-linux-gnu/11/crtendS.o
LOAD /usr/lib/gcc/x86_64-linux-gnu/11/../../../x86_64-linux-gnu/crtn.o
                0x00000000000002a8                . = (SEGMENT_START ("text-segment", 0x0) + SIZEOF_HEADERS)

.note.gnu.property
                0x00000000000002a8       0x20
 .note.gnu.property
                0x00000000000002a8       0x20 /usr/lib/gcc/x86_64-linux-gnu/11/../../../x86_64-linux-gnu/crti.o

.note.gnu.build-id
                0x00000000000002c8       0x24
 *(.note.gnu.build-id)
 .note.gnu.build-id
                0x00000000000002c8       0x24 /usr/lib/gcc/x86_64-linux-gnu/11/../../../x86_64-linux-gnu/crti.o

.hash
 *(.hash)

.gnu.hash       0x00000000000002f0     0x14cc
 *(.gnu.hash)
 .gnu.hash      0x00000000000002f0     0x14cc /usr/lib/gcc/x86_64-linux-gnu/11/../../../x86_64-linux-gnu/crti.o

.dynsym         0x00000000000017c0     0x4110
 *(.dynsym)
 .dynsym        0x00000000000017c0     0x4110 /usr/lib/gcc/x86_64-linux-gnu/11/../../../x86_64-linux-gnu/crti.o

.dynstr         0x00000000000058d0     0x30d8
 *(.dynstr)
 .dynstr        0x00000000000058d0     0x30d8 /usr/lib/gcc/x86_64-linux-gnu/11/../../../x86_64-linux-gnu/crti.o

.gnu.version    0x00000000000089a8      0x56c
 *(.gnu.version)
 .gnu.version   0x00000000000089a8      0x56c /usr/lib/gcc/x86_64-linux-gnu/11/../../../x86_64-linux-gnu/crti.o

.gnu.version_d  0x0000000000008f18        0x0
 *(.gnu.version_d)
 .gnu.version_d
                0x0000000000008f18        0x0 /usr/lib/gcc/x86_64-linux-gnu/11/../../../x86_64-linux-gnu/crti.o

.gnu.version_r  0x0000000000008f18       0x40
 *(.gnu.version_r)
 .gnu.version_r
                0x0000000000008f18       0x40 /usr/lib/gcc/x86_64-linux-gnu/11/../../../x86_64-linux-gnu/crti.o

.rela.dyn       0x0000000000008f58     0x2010
 *(.rela.init)
 *(.rela.text .rela.text.* .rela.gnu.linkonce.t.*)
 .rela.text     0x0000000000008f58        0x0 /usr/lib/gcc/x86_64-linux-gnu/11/../../../x86_64-linux-gnu/crti.o
 *(.rela.fini)
 *(.rela.rodata .rela.rodata.* .rela.gnu.linkonce.r.*)
 *(.rela.data .rela.data.* .rela.gnu.linkonce.d.*)
 .rela.data.rel.local
                0x0000000000008f58      0x780 /usr/lib/gcc/x86_64-linux-gnu/11/../../../x86_64-linux-gnu/crti.o
 .rela.data.rel.ro
                0x00000000000096d8      0x288 /usr/lib/gcc/x86_64-linux-gnu/11/../../../x86_64-linux-gnu/crti.o
 .rela.data.rel
                0x0000000000009960      0x3a8 /usr/lib/gcc/x86_64-linux-gnu/11/../../../x86_64-linux-gnu/crti.o
 .rela.data.rel.ro.local
                0x0000000000009d08      0x5d0 /usr/lib/gcc/x86_64-linux-gnu/11/../../../x86_64-linux-gnu/crti.o
 *(.rela.tdata .rela.tdata.* .rela.gnu.linkonce.td.*)
 *(.rela.tbss .rela.tbss.* .rela.gnu.linkonce.tb.*)
 *(.rela.ctors)
 *(.rela.dtors)
 *(.rela.got)
 .rela.got      0x000000000000a2d8      0xc60 /usr/lib/gcc/x86_64-linux-gnu/11/../../../x86_64-linux-gnu/crti.o
 *(.rela.bss .rela.bss.* .rela.gnu.linkonce.b.*)
 *(.rela.ldata .rela.ldata.* .rela.gnu.linkonce.l.*)
 *(.rela.lbss .rela.lbss.* .rela.gnu.linkonce.lb.*)
 *(.rela.lrodata .rela.lrodata.* .rela.gnu.linkonce.lr.*)
 *(.rela.ifunc)
 .rela.ifunc    0x000000000000af38        0x0 /usr/lib/gcc/x86_64-linux-gnu/11/../../../x86_64-linux-gnu/crti.o
 .rela.fini_array
                0x000000000000af38       0x18 /usr/lib/gcc/x86_64-linux-gnu/11/../../../x86_64-linux-gnu/crti.o
 .rela.init_array
                0x000000000000af50       0x18 /usr/lib/gcc/x86_64-linux-gnu/11/../../../x86_64-linux-gnu/crti.o

.rela.plt       0x000000000000af68     0x22c8
 *(.rela.plt)
 .rela.plt      0x000000000000af68     0x22c8 /usr/lib/gcc/x86_64-linux-gnu/11/../../../x86_64-linux-gnu/crti.o
 *(.rela.iplt)

.relr.dyn
 *(.relr.dyn)
                0x000000000000e000                . = ALIGN (CONSTANT (MAXPAGESIZE))

.init           0x000000000000e000       0x1b
 *(SORT_NONE(.init))
 .init          0x000000000000e000       0x16 /usr/lib/gcc/x86_64-linux-gnu/11/../../../x86_64-linux-gnu/crti.o
                0x000000000000e000                _init
 .init          0x000000000000e016        0x5 /usr/lib/gcc/x86_64-linux-gnu/11/../../../x86_64-linux-gnu/crtn.o

.plt            0x000000000000e020     0x1740
 *(.plt)
 .plt           0x000000000000e020     0x1740 /usr/lib/gcc/x86_64-linux-gnu/11/../../../x86_64-linux-gnu/crti.o
 *(.iplt)

.plt.got        0x000000000000f760       0x30
 *(.plt.got)
 .plt.got       0x000000000000f760       0x30 /usr/lib/gcc/x86_64-linux-gnu/11/../../../x86_64-linux-gnu/crti.o

.plt.sec        0x000000000000f790     0x1730
 *(.plt.sec)
 .plt.sec       0x000000000000f790     0x1730 /usr/lib/gcc/x86_64-linux-gnu/11/../../../x86_64-linux-gnu/crti.o

.text           0x0000000000010ec0    0x1eb61
 *(.text.unlikely .text.*_unlikely .text.unlikely.*)
 *(.text.exit .text.exit.*)
 *(.text.startup .text.startup.*)
 *(.text.hot .text.hot.*)
 *(SORT_BY_NAME(.text.sorted.*))
 *(.text .stub .text.* .gnu.linkonce.t.*)
 .text          0x0000000000010ec0        0x0 /usr/lib/gcc/x86_64-linux-gnu/11/../../../x86_64-linux-gnu/crti.o
 .text          0x0000000000010ec0       0xb9 /usr/lib/gcc/x86_64-linux-gnu/11/crtbeginS.o
 .text          0x0000000000010f79       0x8a border-router.o
 .text          0x0000000000011003      0x374 build/cooja/mtype531321371.o
                0x00000000000110b9                platform_init_stage_one
                0x00000000000110ce                platform_init_stage_two
                0x00000000000110e3                platform_init_stage_three
                0x00000000000110f8                platform_main_loop
                0x0000000000011192                JNI_OnLoad
                0x00000000000111a9                Java_org_contikios_cooja_corecomm_Lib1_init
                0x00000000000111fc                Java_org_contikios_cooja_corecomm_Lib1_getMemory
                0x000000000001125b                Java_org_contikios_cooja_corecomm_Lib1_setMemory
                0x00000000000112ba                Java_org_contikios_cooja_corecomm_Lib1_tick
                0x0000000000011348                Java_org_contikios_cooja_corecomm_Lib1_setReferenceAddress
 .text          0x0000000000011377       0x93 build/cooja/contiki-ng-cooja.a(simEnvChange.o)
                0x0000000000011377                doActionsBeforeTick
                0x00000000000113c0                doActionsAfterTick
 .text          0x000000000001140a       0xab build/cooja/contiki-ng-cooja.a(cooja_mt.o)
                0x000000000001140a                cooja_mt_start
                0x000000000001144a                cooja_mt_exec
                0x000000000001148d                cooja_mt_yield
 .text          0x00000000000114b5      0x10e build/cooja/contiki-ng-cooja.a(cooja_mtarch.o)
                0x00000000000114b5                cooja_mtarch_start
                0x0000000000011558                cooja_sw
                0x0000000000011585                cooja_mtarch_exec
                0x00000000000115b3                cooja_mtarch_yield
 .text          0x00000000000115c3       0xcc build/cooja/contiki-ng-cooja.a(rtimer-arch.o)
                0x00000000000115c3                rtimer_arch_init
                0x00000000000115e9                rtimer_arch_schedule
                0x0000000000011613                rtimer_arch_next
                0x0000000000011627                rtimer_arch_pending
                0x000000000001163a                rtimer_arch_check
                0x000000000001167b                rtimer_arch_now
 .text          0x000000000001168f       0xe6 build/cooja/contiki-ng-cooja.a(beep.o)
                0x000000000001168f                beep_alarm
                0x00000000000116aa                beep_beep
                0x00000000000116c2                beep
                0x00000000000116d7                beep_down
                0x00000000000116ef                beep_on
                0x0000000000011704                beep_off
                0x0000000000011719                beep_spinup
                0x000000000001172e                beep_quick
                0x0000000000011746                beep_long
 .text          0x0000000000011775       0x80 build/cooja/contiki-ng-cooja.a(leds-arch.o)
                0x000000000001178e                leds_arch_init
 .text          0x00000000000117f5       0x41 build/cooja/contiki-ng-cooja.a(moteid.o)
 .text          0x0000000000011836       0xfa build/cooja/contiki-ng-cooja.a(pir-sensor.o)
 .text          0x0000000000011930      0x18b build/cooja/contiki-ng-cooja.a(rs232.o)
                0x0000000000011930                rs232_init
                0x000000000001193b                rs232_set_speed
                0x000000000001194b                rs232_set_input
                0x0000000000011965                rs232_send
                0x0000000000011984                rs232_print
                0x00000000000119b2                slip_arch_writeb
 .text          0x0000000000011abb       0xfa build/cooja/contiki-ng-cooja.a(vib-sensor.o)
 .text          0x0000000000011bb5       0x6f build/cooja/contiki-ng-cooja.a(clock.o)
                0x0000000000011bb5                clock_init
                0x0000000000011bc0                clock_time
                0x0000000000011bd4                clock_seconds
                0x0000000000011c00                clock_delay
 .text          0x0000000000011c24      0x214 build/cooja/contiki-ng-cooja.a(cooja-log.o)
                0x0000000000011c24                simlog_char
                0x0000000000011c7e                simlog
                0x0000000000011d03                log_message
                0x0000000000011d48                log_set_putchar_with_slip
                0x0000000000011d5f                dbg_putchar
                0x0000000000011de0                dbg_send_bytes
 .text          0x0000000000011e38      0x39b build/cooja/contiki-ng-cooja.a(cfs-cooja.o)
                0x0000000000011e38                cfs_open
                0x0000000000011eb5                cfs_close
                0x0000000000011eca                cfs_read
                0x0000000000011f91                cfs_write
                0x00000000000120a1                cfs_seek
                0x0000000000012150                cfs_remove
                0x0000000000012180                cfs_opendir
                0x0000000000012197                cfs_readdir
                0x00000000000121ae                cfs_closedir
 .text          0x00000000000121d3      0x79f build/cooja/contiki-ng-cooja.a(cooja-radio.o)
                0x0000000000012232                radio_set_channel
                0x000000000001224c                radio_set_txpower
                0x0000000000012269                radio_signal_strength_last
                0x000000000001227c                radio_signal_strength_current
                0x000000000001228f                radio_LQI
 .text          0x0000000000012972      0x163 build/cooja/contiki-ng-cooja.a(eeprom.o)
                0x0000000000012972                eeprom_init
                0x0000000000012981                eeprom_read
                0x0000000000012a20                eeprom_write
 .text          0x0000000000012ad5       0x2f build/cooja/contiki-ng-cooja.a(random.o)
                0x0000000000012ad5                random_init
                0x0000000000012af5                random_rand
 .text          0x0000000000012b04      0x35f build/cooja/contiki-ng-cooja.a(sensors.o)
                0x0000000000012b4d                sensors_first
                0x0000000000012b61                sensors_next
                0x0000000000012b90                sensors_changed
                0x0000000000012bdd                sensors_find
 .text          0x0000000000012e63      0x3ad build/cooja/contiki-ng-cooja.a(leds.o)
                0x0000000000012e63                leds_init
                0x0000000000012eae                leds_single_on
                0x0000000000012f1b                leds_single_off
                0x0000000000012f88                leds_single_toggle
                0x0000000000012fc0                leds_on
                0x0000000000013051                leds_off
                0x00000000000130e2                leds_toggle
                0x000000000001313e                leds_set
                0x0000000000013167                leds_get
 .text          0x0000000000013210      0x41b build/cooja/contiki-ng-cooja.a(gpio-hal-arch.o)
                0x0000000000013210                gpio_hal_arch_register_pin_callback
                0x00000000000132b7                gpio_hal_arch_init
                0x000000000001330d                gpio_hal_arch_no_port_interrupt_enable
                0x000000000001335a                gpio_hal_arch_no_port_interrupt_disable
                0x00000000000133a7                gpio_hal_arch_no_port_pin_cfg_set
                0x00000000000133dd                gpio_hal_arch_no_port_pin_cfg_get
                0x0000000000013411                gpio_hal_arch_no_port_pin_set_input
                0x0000000000013424                gpio_hal_arch_no_port_pin_set_output
                0x0000000000013437                gpio_hal_arch_no_port_set_pin
                0x000000000001345b                gpio_hal_arch_no_port_clear_pin
                0x000000000001347f                gpio_hal_arch_no_port_read_pin
                0x00000000000134ac                gpio_hal_arch_no_port_write_pin
                0x00000000000134d6                gpio_hal_arch_no_port_set_pins
                0x0000000000013525                gpio_hal_arch_no_port_clear_pins
                0x0000000000013574                gpio_hal_arch_no_port_read_pins
                0x00000000000135c2                gpio_hal_arch_no_port_write_pins
 .text          0x000000000001362b       0xa8 build/cooja/contiki-ng-cooja.a(buttons.o)
 .text          0x00000000000136d3      0x8f8 build/cooja/contiki-ng-cooja.a(webserver.o)
                0x0000000000013fb6                httpd_simple_get_script
 .text          0x0000000000013fcb      0x405 build/cooja/contiki-ng-cooja.a(contiki-main.o)
                0x0000000000013fcb                main
 .text          0x00000000000143d0       0xbd build/cooja/contiki-ng-cooja.a(autostart.o)
                0x00000000000143d0                autostart_start
                0x0000000000014431                autostart_exit
 .text          0x000000000001448d      0x441 build/cooja/contiki-ng-cooja.a(ctimer.o)
                0x00000000000145ef                ctimer_init
                0x0000000000014624                ctimer_set
                0x0000000000014668                ctimer_set_with_process
                0x0000000000014722                ctimer_reset
                0x0000000000014793                ctimer_restart
                0x0000000000014804                ctimer_stop
                0x0000000000014862                ctimer_expired
 .text          0x00000000000148ce       0x25 build/cooja/contiki-ng-cooja.a(energest.o)
                0x00000000000148ce                energest_init
                0x00000000000148d9                energest_flush
                0x00000000000148e4                energest_get_total_time
 .text          0x00000000000148f3      0x57c build/cooja/contiki-ng-cooja.a(etimer.o)
                0x0000000000014b9b                etimer_request_poll
                0x0000000000014c4d                etimer_set
                0x0000000000014c83                etimer_reset_with_new_interval
                0x0000000000014cbe                etimer_reset
                0x0000000000014ce9                etimer_restart
                0x0000000000014d14                etimer_adjust
                0x0000000000014d45                etimer_expired
                0x0000000000014d64                etimer_expiration_time
                0x0000000000014d84                etimer_start_time
                0x0000000000014d99                etimer_pending
                0x0000000000014db3                etimer_next_expiration_time
                0x0000000000014dd4                etimer_stop
 .text          0x0000000000014e6f      0x539 build/cooja/contiki-ng-cooja.a(log.o)
                0x0000000000014e6f                log_6addr
                0x0000000000014ed5                log_6addr_compact_snprint
                0x0000000000014fb0                log_6addr_compact
                0x0000000000015016                log_lladdr
                0x0000000000015096                log_lladdr_compact
                0x0000000000015118                log_bytes
                0x0000000000015178                log_set_level
                0x0000000000015286                log_get_level
                0x000000000001533d                log_level_to_str
 .text          0x00000000000153a8       0x36 build/cooja/contiki-ng-cooja.a(node-id.o)
                0x00000000000153a8                node_id_init
 .text          0x00000000000153de      0x673 build/cooja/contiki-ng-cooja.a(process.o)
                0x00000000000153de                process_alloc_event
                0x00000000000153f8                process_start
                0x0000000000015668                process_exit
                0x0000000000015694                process_init
                0x000000000001588b                process_run
                0x00000000000158c0                process_nevents
                0x00000000000158e0                process_post
                0x00000000000159a8                process_post_synch
                0x00000000000159f6                process_poll
                0x0000000000015a33                process_is_running
 .text          0x0000000000015a51      0x101 build/cooja/contiki-ng-cooja.a(rtimer.o)
                0x0000000000015a51                rtimer_init
                0x0000000000015a61                rtimer_set
                0x0000000000015ae2                rtimer_run_next
 .text          0x0000000000015b52       0xfd build/cooja/contiki-ng-cooja.a(timer.o)
                0x0000000000015b52                timer_set
                0x0000000000015b81                timer_reset
                0x0000000000015bbd                timer_restart
                0x0000000000015bdc                timer_expired
                0x0000000000015c17                timer_remaining
 .text          0x0000000000015c4f      0x39b build/cooja/contiki-ng-cooja.a(list.o)
                0x0000000000015c4f                list_init
                0x0000000000015c69                list_head
                0x0000000000015c7e                list_copy
                0x0000000000015c9f                list_tail
                0x0000000000015ce8                list_add
                0x0000000000015d4c                list_push
                0x0000000000015d8f                list_chop
                0x0000000000015e1c                list_pop
                0x0000000000015e56                list_remove
                0x0000000000015ee2                list_length
                0x0000000000015f1d                list_insert
                0x0000000000015f80                list_item_next
                0x0000000000015fa3                list_contains
 .text          0x0000000000015fea      0x574 build/cooja/contiki-ng-cooja.a(button-hal.o)
                0x00000000000161b5                button_hal_get_by_id
                0x0000000000016203                button_hal_get_by_index
                0x000000000001623a                button_hal_get_state
                0x000000000001629d                button_hal_init
 .text          0x000000000001655e      0x181 build/cooja/contiki-ng-cooja.a(gpio-hal.o)
                0x000000000001655e                gpio_hal_register_handler
                0x0000000000016587                gpio_hal_event_handler
                0x00000000000165f2                gpio_hal_init
                0x0000000000016611                gpio_hal_arch_port_toggle_pin
                0x0000000000016648                gpio_hal_arch_port_toggle_pins
                0x0000000000016679                gpio_hal_arch_no_port_toggle_pin
                0x00000000000166b3                gpio_hal_arch_no_port_toggle_pins
 .text          0x00000000000166df      0x238 build/cooja/contiki-ng-cooja.a(serial-line.o)
                0x00000000000166df                serial_line_input_byte
                0x00000000000168da                serial_line_init
 .text          0x0000000000016917       0x80 build/cooja/contiki-ng-cooja.a(linkaddr.o)
                0x0000000000016917                linkaddr_copy
                0x0000000000016938                linkaddr_cmp
                0x000000000001696e                linkaddr_set_node_addr
 .text          0x0000000000016997      0x12b build/cooja/contiki-ng-cooja.a(netstack.o)
                0x0000000000016997                netstack_process_ip_callback
                0x0000000000016a38                netstack_ip_packet_processor_add
                0x0000000000016a68                uip_ds6_ip_packet_processor_rm
                0x0000000000016a91                netstack_init
 .text          0x0000000000016ac2      0x4a8 build/cooja/contiki-ng-cooja.a(packetbuf.o)
                0x0000000000016ac2                packetbuf_clear
                0x0000000000016af0                packetbuf_copyfrom
                0x0000000000016b49                packetbuf_copyto
                0x0000000000016bef                packetbuf_hdralloc
                0x0000000000016c7e                packetbuf_hdrreduce
                0x0000000000016cce                packetbuf_set_datalen
                0x0000000000016cea                packetbuf_dataptr
                0x0000000000016d0f                packetbuf_hdrptr
                0x0000000000016d20                packetbuf_datalen
                0x0000000000016d31                packetbuf_hdrlen
                0x0000000000016d4d                packetbuf_totlen
                0x0000000000016d6f                packetbuf_remaininglen
                0x0000000000016d87                packetbuf_attr_clear
                0x0000000000016dec                packetbuf_attr_copyto
                0x0000000000016e37                packetbuf_attr_copyfrom
                0x0000000000016e82                packetbuf_set_attr
                0x0000000000016eb2                packetbuf_attr
                0x0000000000016ed3                packetbuf_set_addr
                0x0000000000016f19                packetbuf_addr
                0x0000000000016f43                packetbuf_holds_broadcast
 .text          0x0000000000016f6a      0x382 build/cooja/contiki-ng-cooja.a(queuebuf.o)
                0x0000000000016f7f                queuebuf_init
                0x0000000000016fa8                queuebuf_numfree
                0x0000000000016fc1                queuebuf_new_from_packetbuf
                0x0000000000017074                queuebuf_update_attr_from_packetbuf
                0x00000000000170b7                queuebuf_update_from_packetbuf
                0x0000000000017113                queuebuf_free
                0x000000000001716f                queuebuf_to_packetbuf
                0x00000000000171e8                queuebuf_dataptr
                0x000000000001722f                queuebuf_datalen
                0x000000000001725f                queuebuf_addr
                0x00000000000172a6                queuebuf_attr
                0x00000000000172e1                queuebuf_debug_print
 .text          0x00000000000172ec      0x116 build/cooja/contiki-ng-cooja.a(printf.o)
                0x0000000000017321                log_printf
 .text          0x0000000000017402       0x1e build/cooja/contiki-ng-cooja.a(putchar.o)
                0x0000000000017402                log_putchar
 .text          0x0000000000017420       0x3d build/cooja/contiki-ng-cooja.a(puts.o)
                0x0000000000017420                log_puts
 .text          0x000000000001745d      0x1f8 build/cooja/contiki-ng-cooja.a(snprintf.o)
                0x00000000000174e8                log_snprintf
                0x00000000000175cd                log_vsnprintf
 .text          0x0000000000017655     0x170b build/cooja/contiki-ng-cooja.a(strformat.o)
                0x00000000000179c8                format_str
                0x0000000000017aa9                format_str_v
 .text          0x0000000000018d60      0x292 build/cooja/contiki-ng-cooja.a(csma.o)
 .text          0x0000000000018ff2      0x988 build/cooja/contiki-ng-cooja.a(psock.o)
                0x0000000000019415                psock_send
                0x00000000000194cd                psock_generator_send
                0x000000000001962f                psock_datalen
                0x0000000000019652                psock_newdata
                0x00000000000196af                psock_readto
                0x00000000000197cf                psock_readbuf_len
                0x0000000000019908                psock_init
 .text          0x000000000001997a     0x3747 build/cooja/contiki-ng-cooja.a(sicslowpan.o)
                0x000000000001a150                netstack_sniffer_add
                0x000000000001a16a                netstack_sniffer_remove
                0x000000000001d08a                sicslowpan_init
                0x000000000001d0b1                sicslowpan_get_last_rssi
 .text          0x000000000001d0c1      0xcef build/cooja/contiki-ng-cooja.a(tcpip.o)
                0x000000000001d0f1                tcpip_output
                0x000000000001d1f3                tcp_connect
                0x000000000001d25a                tcp_unlisten
                0x000000000001d2ca                tcp_listen
                0x000000000001d336                tcp_attach
                0x000000000001d364                udp_attach
                0x000000000001d392                udp_new
                0x000000000001d3ed                udp_broadcast_new
                0x000000000001d700                tcpip_input
                0x000000000001d925                tcpip_ipv6_output
                0x000000000001db7e                tcpip_poll_udp
                0x000000000001dbac                tcpip_poll_tcp
                0x000000000001dbda                tcpip_uipcall
 .text          0x000000000001ddb0      0x416 build/cooja/contiki-ng-cooja.a(uip-ds6-nbr.o)
                0x000000000001ddb0                uip_ds6_neighbors_init
                0x000000000001ddd9                uip_ds6_nbr_add
                0x000000000001de77                uip_ds6_nbr_rm
                0x000000000001ded4                uip_ds6_nbr_update_ll
                0x000000000001dfd9                uip_ds6_nbr_get_ipaddr
                0x000000000001dff9                uip_ds6_nbr_get_ll
                0x000000000001e021                uip_ds6_nbr_num
                0x000000000001e073                uip_ds6_nbr_head
                0x000000000001e08c                uip_ds6_nbr_next
                0x000000000001e0b4                uip_ds6_nbr_lookup
                0x000000000001e11d                uip_ds6_nbr_ll_lookup
                0x000000000001e145                uip_ds6_nbr_ipaddr_from_lladdr
                0x000000000001e179                uip_ds6_nbr_lladdr_from_ipaddr
                0x000000000001e1b5                uip_ds6_link_callback
 .text          0x000000000001e1c6      0x3f9 build/cooja/contiki-ng-cooja.a(uip-ds6-route.o)
                0x000000000001e21d                uip_ds6_route_init
                0x000000000001e246                uip_ds6_route_count_nexthop_neighbors
                0x000000000001e255                uip_ds6_route_nexthop
                0x000000000001e268                uip_ds6_route_head
                0x000000000001e277                uip_ds6_route_next
                0x000000000001e28a                uip_ds6_route_is_nexthop
                0x000000000001e29d                uip_ds6_route_num_routes
                0x000000000001e2ac                uip_ds6_route_lookup
                0x000000000001e2bf                uip_ds6_route_add
                0x000000000001e2db                uip_ds6_route_rm
                0x000000000001e2ea                uip_ds6_route_rm_by_nexthop
                0x000000000001e2f9                uip_ds6_defrt_head
                0x000000000001e312                uip_ds6_defrt_add
                0x000000000001e3d2                uip_ds6_defrt_rm
                0x000000000001e448                uip_ds6_defrt_lookup
                0x000000000001e4bf                uip_ds6_defrt_choose
                0x000000000001e542                uip_ds6_defrt_periodic
 .text          0x000000000001e5bf      0xebc build/cooja/contiki-ng-cooja.a(uip-ds6.o)
                0x000000000001e5bf                uip_ds6_default_prefix
                0x000000000001e5d0                uip_ds6_set_default_prefix
                0x000000000001e5f8                uip_ds6_init
                0x000000000001e897                uip_ds6_periodic
                0x000000000001e939                uip_ds6_list_loop
                0x000000000001ea22                uip_ds6_prefix_add
                0x000000000001eaf3                uip_ds6_prefix_rm
                0x000000000001eb11                uip_ds6_prefix_lookup
                0x000000000001eb68                uip_ds6_is_addr_onlink
                0x000000000001ebfc                uip_ds6_addr_add
                0x000000000001ed47                uip_ds6_addr_rm
                0x000000000001ee02                uip_ds6_addr_lookup
                0x000000000001ee57                uip_ds6_get_link_local
                0x000000000001eefc                uip_ds6_get_global
                0x000000000001efa1                uip_ds6_maddr_add
                0x000000000001f01d                uip_ds6_maddr_rm
                0x000000000001f03b                uip_ds6_maddr_lookup
                0x000000000001f093                uip_ds6_aaddr_add
                0x000000000001f10f                uip_ds6_aaddr_rm
                0x000000000001f12d                uip_ds6_aaddr_lookup
                0x000000000001f185                uip_ds6_select_src
                0x000000000001f30f                uip_ds6_set_addr_iid
                0x000000000001f348                uip_ds6_set_lladdr_from_iid
                0x000000000001f37f                get_match_length
                0x000000000001f42d                uip_ds6_compute_reachable_time
 .text          0x000000000001f47b      0x8b7 build/cooja/contiki-ng-cooja.a(uip-icmp6.o)
                0x000000000001f4f8                uip_icmp6_input
                0x000000000001f556                uip_icmp6_register_input_handler
                0x000000000001f6e8                uip_icmp6_error_output
                0x000000000001fa4d                uip_icmp6_send
                0x000000000001fc99                uip_icmp6_echo_reply_callback_add
                0x000000000001fce0                uip_icmp6_echo_reply_callback_rm
                0x000000000001fd09                uip_icmp6_init
 .text          0x000000000001fd32      0x1b9 build/cooja/contiki-ng-cooja.a(uip-packetqueue.o)
                0x000000000001fd71                uip_packetqueue_new
                0x000000000001fd8b                uip_packetqueue_alloc
                0x000000000001fe05                uip_packetqueue_free
                0x000000000001fe5d                uip_packetqueue_buf
                0x000000000001fe89                uip_packetqueue_buflen
                0x000000000001feb8                uip_packetqueue_set_buflen
 .text          0x000000000001feeb      0x7e7 build/cooja/contiki-ng-cooja.a(uip-sr.o)
                0x000000000001feeb                uip_sr_num_nodes
                0x000000000001ff96                uip_sr_get_node
                0x000000000001fffe                uip_sr_is_addr_reachable
                0x00000000000200c6                uip_sr_expire_parent
                0x0000000000020135                uip_sr_update_node
                0x00000000000202a9                uip_sr_init
                0x00000000000202dc                uip_sr_node_head
                0x00000000000202f5                uip_sr_node_next
                0x0000000000020313                uip_sr_periodic
                0x000000000002044f                uip_sr_free_all
                0x00000000000204ce                uip_sr_link_snprint
 .text          0x00000000000206d2     0x3915 build/cooja/contiki-ng-cooja.a(uip6.o)
                0x00000000000206d2                uip_add32
                0x00000000000208dc                uip_chksum
                0x00000000000209c2                uip_icmp6chksum
                0x00000000000209d6                uip_tcpchksum
                0x00000000000209ea                uip_udpchksum
                0x00000000000209fe                uip_init
                0x0000000000020ac3                uip_connect
                0x0000000000020c6d                uip_remove_ext_hdr
                0x0000000000020d6e                uip_udp_new
                0x0000000000020eda                uip_unlisten
                0x0000000000020f29                uip_listen
                0x000000000002124b                uip_process
                0x0000000000023e6d                uip_htons
                0x0000000000023e90                uip_htonl
                0x0000000000023ed8                uip_send
 .text          0x0000000000023fe7      0x5b1 build/cooja/contiki-ng-cooja.a(uipbuf.o)
                0x0000000000023fe7                uipbuf_clear
                0x0000000000024019                uipbuf_add_ext_hdr
                0x00000000000240b1                uipbuf_set_len
                0x00000000000240e3                uipbuf_set_len_field
                0x0000000000024116                uipbuf_get_len_field
                0x0000000000024141                uipbuf_get_next_header
                0x00000000000242b3                uipbuf_get_last_header
                0x0000000000024346                uipbuf_search_header
                0x000000000002440d                uipbuf_get_attr
                0x000000000002443e                uipbuf_set_attr
                0x000000000002447e                uipbuf_set_default_attr
                0x00000000000244be                uipbuf_clear_attr
                0x00000000000244e5                uipbuf_set_attr_flag
                0x0000000000024508                uipbuf_clr_attr_flag
                0x0000000000024531                uipbuf_is_attr_flag
                0x0000000000024556                uipbuf_init
 .text          0x0000000000024598      0x57d build/cooja/contiki-ng-cooja.a(uiplib.o)
                0x0000000000024598                uiplib_ip6addrconv
                0x0000000000024774                uiplib_ip4addrconv
                0x0000000000024846                uiplib_ipaddr_print
                0x00000000000248ac                uiplib_ipaddr_snprint
 .text          0x0000000000024b15      0x66e build/cooja/contiki-ng-cooja.a(rpl.o)
                0x0000000000024b15                rpl_lollipop_greater_than
                0x0000000000024b79                rpl_get_global_address
                0x0000000000024d19                rpl_link_callback
                0x0000000000024d83                rpl_has_joined
                0x0000000000024db6                rpl_is_reachable
                0x0000000000024e5c                rpl_reset_prefix
                0x0000000000024ed3                rpl_set_prefix_from_addr
                0x0000000000024fee                rpl_set_prefix
                0x0000000000025158                rpl_set_leaf_only
                0x0000000000025172                rpl_get_leaf_only
 .text          0x0000000000025183      0x258 build/cooja/contiki-ng-cooja.a(slip-bridge.o)
                0x0000000000025183                request_prefix
 .text          0x00000000000253db       0x49 build/cooja/contiki-ng-cooja.a(watchdog.o)
                0x00000000000253db                watchdog_init
                0x00000000000253e6                watchdog_start
                0x00000000000253f1                watchdog_periodic
                0x000000000002540e                watchdog_stop
                0x0000000000025419                watchdog_reboot
 .text          0x0000000000025424       0x61 build/cooja/contiki-ng-cooja.a(int-master.o)
                0x0000000000025424                int_master_enable
                0x0000000000025439                int_master_read_and_disable
                0x0000000000025459                int_master_status_set
                0x0000000000025470                int_master_is_enabled
 .text          0x0000000000025485       0x1a build/cooja/contiki-ng-cooja.a(slip-arch.o)
                0x0000000000025485                slip_arch_init
 .text          0x000000000002549f      0x74a build/cooja/contiki-ng-cooja.a(httpd-simple.o)
                0x00000000000259d7                httpd_appcall
                0x0000000000025bc5                httpd_init
 .text          0x0000000000025be9      0x198 build/cooja/contiki-ng-cooja.a(rpl-border-router.o)
                0x0000000000025be9                print_local_addresses
                0x0000000000025d1f                set_prefix_64
                0x0000000000025d62                rpl_border_router_init
 .text          0x0000000000025d81      0x125 build/cooja/contiki-ng-cooja.a(stimer.o)
                0x0000000000025d81                stimer_set
                0x0000000000025db0                stimer_reset
                0x0000000000025dec                stimer_restart
                0x0000000000025e0b                stimer_expired
                0x0000000000025e4d                stimer_remaining
                0x0000000000025e85                stimer_elapsed
 .text          0x0000000000025ea6      0x21a build/cooja/contiki-ng-cooja.a(memb.o)
                0x0000000000025ea6                memb_init
                0x0000000000025f09                memb_alloc
                0x0000000000025f83                memb_free
                0x0000000000026016                memb_inmemb
                0x000000000002606d                memb_numfree
 .text          0x00000000000260c0      0x19d build/cooja/contiki-ng-cooja.a(ringbuf.o)
                0x00000000000260c0                ringbuf_init
                0x0000000000026101                ringbuf_put
                0x0000000000026190                ringbuf_get
                0x000000000002620e                ringbuf_size
                0x000000000002622a                ringbuf_elements
 .text          0x000000000002625d      0x72b build/cooja/contiki-ng-cooja.a(slip.o)
                0x000000000002625d                slip_set_input_callback
                0x0000000000026277                slip_send
                0x00000000000262a0                slip_write
                0x0000000000026837                slip_input_byte
 .text          0x0000000000026988      0x481 build/cooja/contiki-ng-cooja.a(link-stats.o)
                0x0000000000026988                link_stats_from_lladdr
                0x00000000000269b0                link_stats_get_lladdr
                0x00000000000269d8                link_stats_is_fresh
                0x0000000000026a20                guess_etx_from_rssi
                0x0000000000026aa5                link_stats_packet_sent
                0x0000000000026c09                link_stats_input_callback
                0x0000000000026d6b                link_stats_reset
                0x0000000000026dc7                link_stats_init
 .text          0x0000000000026e09      0xcb3 build/cooja/contiki-ng-cooja.a(nbr-table.o)
                0x0000000000027267                nbr_table_count_entries
                0x0000000000027309                nbr_table_gc_get_worst
                0x000000000002734c                nbr_table_can_accept_new
                0x0000000000027501                nbr_table_entry_is_allowed
                0x00000000000275ae                nbr_table_register
                0x0000000000027640                nbr_table_is_registered
                0x0000000000027697                nbr_table_head
                0x0000000000027705                nbr_table_next
                0x0000000000027782                nbr_table_add_lladdr
                0x00000000000278e2                nbr_table_get_from_lladdr
                0x0000000000027941                nbr_table_remove
                0x000000000002799b                nbr_table_lock
                0x00000000000279d0                nbr_table_unlock
                0x0000000000027a05                nbr_table_get_lladdr
                0x0000000000027a48                nbr_table_clear
                0x0000000000027a85                nbr_table_key_head
                0x0000000000027a9e                nbr_table_key_next
 .text          0x0000000000027abc      0x1e0 build/cooja/contiki-ng-cooja.a(mac-sequence.o)
                0x0000000000027abc                mac_sequence_is_duplicate
                0x0000000000027b9d                mac_sequence_register_seqno
 .text          0x0000000000027c9c      0x451 build/cooja/contiki-ng-cooja.a(framer-802154.o)
                0x0000000000027e37                framer_802154_setup_params
 .text          0x00000000000280ed      0xae3 build/cooja/contiki-ng-cooja.a(csma-output.o)
                0x00000000000288cf                csma_output_packet
                0x0000000000028b98                csma_output_init
 .text          0x0000000000028bd0       0x3d build/cooja/contiki-ng-cooja.a(csma-security.o)
                0x0000000000028bd0                csma_security_create_frame
                0x0000000000028bf6                csma_security_parse_frame
 .text          0x0000000000028c0d      0x87f build/cooja/contiki-ng-cooja.a(uip-nd6.o)
                0x0000000000029472                uip_nd6_init
 .text          0x000000000002948c      0x35a build/cooja/contiki-ng-cooja.a(rpl-dag-root.o)
                0x000000000002948c                rpl_dag_root_print_links
                0x0000000000029601                rpl_dag_root_set_prefix
                0x000000000002963d                rpl_dag_root_start
                0x00000000000297a6                rpl_dag_root_is_root
 .text          0x00000000000297e6     0x1219 build/cooja/contiki-ng-cooja.a(rpl-dag.o)
                0x00000000000297e6                rpl_dag_state_to_str
                0x0000000000029844                rpl_dag_get_root_ipaddr
                0x000000000002988e                rpl_dag_leave
                0x0000000000029939                rpl_dag_poison_and_leave
                0x0000000000029957                rpl_dag_periodic
                0x0000000000029a1b                rpl_is_addr_in_our_dag
                0x0000000000029a77                rpl_get_default_instance
                0x0000000000029a9e                rpl_get_any_dag
                0x0000000000029b0b                rpl_refresh_routes
                0x0000000000029b6d                rpl_global_repair
                0x0000000000029c2f                rpl_local_repair
                0x0000000000029c91                rpl_dag_ready_to_advertise
                0x0000000000029ce9                rpl_dag_update_state
                0x000000000002a5ac                rpl_process_dio
                0x000000000002a64e                rpl_process_dis
                0x000000000002a6a2                rpl_process_dao
                0x000000000002a74b                rpl_process_dao_ack
                0x000000000002a7fb                rpl_process_hbh
                0x000000000002a85a                rpl_dag_init_root
                0x000000000002a9db                rpl_dag_init
 .text          0x000000000002a9ff      0xdef build/cooja/contiki-ng-cooja.a(rpl-ext-header.o)
                0x000000000002a9ff                rpl_ext_header_srh_get_next_hop
                0x000000000002ab10                rpl_ext_header_srh_update
                0x000000000002b19f                rpl_ext_header_hbh_update
                0x000000000002b53f                rpl_ext_header_update
                0x000000000002b5e9                rpl_ext_header_remove
 .text          0x000000000002b7ee     0x16eb build/cooja/contiki-ng-cooja.a(rpl-icmp6.o)
                0x000000000002b982                rpl_icmp6_update_nbr_table
                0x000000000002ba37                rpl_icmp6_dis_output
                0x000000000002c15b                rpl_icmp6_dio_output
                0x000000000002ca8b                rpl_icmp6_dao_output
                0x000000000002cdfc                rpl_icmp6_dao_ack_output
                0x000000000002ce92                rpl_icmp6_init
 .text          0x000000000002ced9      0x36f build/cooja/contiki-ng-cooja.a(rpl-mrhof.o)
 .text          0x000000000002d248       0x8c build/cooja/contiki-ng-cooja.a(rpl-nbr-policy.o)
                0x000000000002d290                rpl_nbr_gc_get_worst
 .text          0x000000000002d2d4      0xadd build/cooja/contiki-ng-cooja.a(rpl-neighbor.o)
                0x000000000002d367                rpl_neighbor_snprint
                0x000000000002d695                rpl_neighbor_print_list
                0x000000000002d76c                rpl_neighbor_count
                0x000000000002d857                rpl_neighbor_get_from_lladdr
                0x000000000002d882                rpl_neighbor_is_acceptable_parent
                0x000000000002d8ce                rpl_neighbor_get_link_metric
                0x000000000002d91a                rpl_neighbor_rank_via_nbr
                0x000000000002d966                rpl_neighbor_get_lladdr
                0x000000000002d991                rpl_neighbor_get_ipaddr
                0x000000000002d9bf                rpl_neighbor_get_link_stats
                0x000000000002d9ed                rpl_neighbor_is_fresh
                0x000000000002da1b                rpl_neighbor_is_parent
                0x000000000002da54                rpl_neighbor_set_preferred_parent
                0x000000000002db0b                rpl_neighbor_remove_all
                0x000000000002db71                rpl_neighbor_get_from_ipaddr
                0x000000000002dcaa                rpl_neighbor_select_best
                0x000000000002dd8a                rpl_neighbor_init
 .text          0x000000000002ddb1      0xd3d build/cooja/contiki-ng-cooja.a(rpl-timers.o)
                0x000000000002ddb1                rpl_timers_schedule_periodic_dis
                0x000000000002df67                rpl_timers_dio_reset
                0x000000000002e0eb                rpl_timers_schedule_unicast_dio
                0x000000000002e2d2                rpl_timers_schedule_dao
                0x000000000002e3d8                rpl_timers_schedule_dao_ack
                0x000000000002e49d                rpl_timers_notify_dao_ack
                0x000000000002e512                get_probing_delay
                0x000000000002e559                get_probing_target
                0x000000000002e797                rpl_schedule_probing
                0x000000000002e7de                rpl_schedule_probing_now
                0x000000000002e86c                rpl_timers_unschedule_leaving
                0x000000000002e8b6                rpl_timers_schedule_leaving
                0x000000000002e914                rpl_timers_init
                0x000000000002e9c6                rpl_timers_stop_dag_timers
                0x000000000002ea68                rpl_timers_unschedule_state_update
                0x000000000002ea95                rpl_timers_schedule_state_update
 .text          0x000000000002eaee      0x21c build/cooja/contiki-ng-cooja.a(border-router-embedded.o)
 .text          0x000000000002ed0a       0x34 build/cooja/contiki-ng-cooja.a(assert.o)
                0x000000000002ed0a                _xassert
 .text          0x000000000002ed3e       0x3a build/cooja/contiki-ng-cooja.a(mac.o)
                0x000000000002ed3e                mac_call_sent_callback
 .text          0x000000000002ed78      0xca9 build/cooja/contiki-ng-cooja.a(frame802154.o)
                0x000000000002eda6                frame802154_get_pan_id
                0x000000000002edb7                frame802154_set_pan_id
                0x000000000002edd3                frame802154_has_panid
                0x000000000002efb2                frame802154_check_dest_panid
                0x000000000002f050                frame802154_is_broadcast_addr
                0x000000000002f0a7                frame802154_extract_linkaddr
                0x000000000002f341                frame802154_hdrlen
                0x000000000002f3c0                frame802154_create_fcf
                0x000000000002f492                frame802154_create
                0x000000000002f63c                frame802154_parse_fcf
                0x000000000002f733                frame802154_parse
 .text          0x000000000002fa21        0x0 /usr/lib/gcc/x86_64-linux-gnu/11/crtendS.o
 .text          0x000000000002fa21        0x0 /usr/lib/gcc/x86_64-linux-gnu/11/../../../x86_64-linux-gnu/crtn.o
 *(.gnu.warning)

.fini           0x000000000002fa24        0xd
 *(SORT_NONE(.fini))
 .fini          0x000000000002fa24        0x8 /usr/lib/gcc/x86_64-linux-gnu/11/../../../x86_64-linux-gnu/crti.o
                0x000000000002fa24                _fini
 .fini          0x000000000002fa2c        0x5 /usr/lib/gcc/x86_64-linux-gnu/11/../../../x86_64-linux-gnu/crtn.o
                [!provide]                        PROVIDE (__etext = .)
                [!provide]                        PROVIDE (_etext = .)
                [!provide]                        PROVIDE (etext = .)
                0x0000000000030000                . = ALIGN (CONSTANT (MAXPAGESIZE))
                0x0000000000030000                . = SEGMENT_START ("rodata-segment", (ALIGN (CONSTANT (MAXPAGESIZE)) + (. & (CONSTANT (MAXPAGESIZE) - 0x1))))

.rodata         0x0000000000030000      0xc65
 *(.rodata .rodata.* .gnu.linkonce.r.*)
 .rodata        0x0000000000030000       0x59 border-router.o
 .rodata        0x0000000000030059        0x6 build/cooja/contiki-ng-cooja.a(leds-arch.o)
                0x0000000000030059                leds_arch_leds
 .rodata        0x000000000003005f        0x4 build/cooja/contiki-ng-cooja.a(pir-sensor.o)
 .rodata        0x0000000000030063        0x3 build/cooja/contiki-ng-cooja.a(rs232.o)
 .rodata        0x0000000000030066        0xa build/cooja/contiki-ng-cooja.a(vib-sensor.o)
 .rodata        0x0000000000030070       0x26 build/cooja/contiki-ng-cooja.a(cfs-cooja.o)
 *fill*         0x0000000000030096        0x2 
 .rodata        0x0000000000030098       0x68 build/cooja/contiki-ng-cooja.a(cooja-radio.o)
 .rodata        0x0000000000030100        0x8 build/cooja/contiki-ng-cooja.a(sensors.o)
 .rodata        0x0000000000030108       0x14 build/cooja/contiki-ng-cooja.a(buttons.o)
                0x0000000000030114                button_hal_button_count
 *fill*         0x000000000003011c        0x4 
 .rodata        0x0000000000030120      0x1c3 build/cooja/contiki-ng-cooja.a(webserver.o)
 *fill*         0x00000000000302e3        0x5 
 .rodata        0x00000000000302e8       0xec build/cooja/contiki-ng-cooja.a(contiki-main.o)
 .rodata        0x00000000000303d4        0xf build/cooja/contiki-ng-cooja.a(ctimer.o)
 .rodata        0x00000000000303e3        0xc build/cooja/contiki-ng-cooja.a(etimer.o)
 *fill*         0x00000000000303ef        0x1 
 .rodata        0x00000000000303f0       0xc0 build/cooja/contiki-ng-cooja.a(log.o)
 .rodata        0x00000000000304b0       0x13 build/cooja/contiki-ng-cooja.a(button-hal.o)
 .rodata        0x00000000000304c3        0xe build/cooja/contiki-ng-cooja.a(serial-line.o)
 *fill*         0x00000000000304d1        0x7 
 .rodata        0x00000000000304d8        0x8 build/cooja/contiki-ng-cooja.a(linkaddr.o)
                0x00000000000304d8                linkaddr_null
 .rodata        0x00000000000304e0      0x280 build/cooja/contiki-ng-cooja.a(strformat.o)
 .rodata        0x0000000000030760        0x5 build/cooja/contiki-ng-cooja.a(csma.o)
 .rodata        0x0000000000030765       0x1d build/cooja/contiki-ng-cooja.a(sicslowpan.o)
                0x0000000000030765                unc_llconf
                0x0000000000030769                unc_ctxconf
                0x000000000003076d                unc_mxconf
                0x0000000000030771                llprefix
 .rodata        0x0000000000030782        0xd build/cooja/contiki-ng-cooja.a(tcpip.o)
 *fill*         0x000000000003078f        0x1 
 .rodata        0x0000000000030790       0x4c build/cooja/contiki-ng-cooja.a(uip-ds6-route.o)
 .rodata        0x00000000000307dc       0x44 build/cooja/contiki-ng-cooja.a(uip-sr.o)
 .rodata        0x0000000000030820       0x48 build/cooja/contiki-ng-cooja.a(uip6.o)
 .rodata        0x0000000000030868       0x2d build/cooja/contiki-ng-cooja.a(uiplib.o)
 .rodata        0x0000000000030895        0x9 build/cooja/contiki-ng-cooja.a(rpl.o)
 .rodata        0x000000000003089e       0x11 build/cooja/contiki-ng-cooja.a(slip-bridge.o)
 *fill*         0x00000000000308af       0x11 
 .rodata        0x00000000000308c0      0x154 build/cooja/contiki-ng-cooja.a(httpd-simple.o)
                0x0000000000030920                http_content_type_html
                0x0000000000030940                http_header_200
                0x00000000000309a0                http_header_404
                0x00000000000309fd                http_get
                0x0000000000030a08                http_index_html
 .rodata        0x0000000000030a14       0x31 build/cooja/contiki-ng-cooja.a(rpl-border-router.o)
 .rodata        0x0000000000030a45        0xc build/cooja/contiki-ng-cooja.a(slip.o)
 *fill*         0x0000000000030a51        0x7 
 .rodata        0x0000000000030a58       0x24 build/cooja/contiki-ng-cooja.a(csma-output.o)
 .rodata        0x0000000000030a7c       0xd7 build/cooja/contiki-ng-cooja.a(rpl-dag.o)
 *fill*         0x0000000000030b53        0x5 
 .rodata        0x0000000000030b58       0x58 build/cooja/contiki-ng-cooja.a(rpl-neighbor.o)
 .rodata        0x0000000000030bb0        0xc build/cooja/contiki-ng-cooja.a(rpl-timers.o)
 .rodata        0x0000000000030bbc       0x80 build/cooja/contiki-ng-cooja.a(border-router-embedded.o)
 *fill*         0x0000000000030c3c        0x4 
 .rodata        0x0000000000030c40       0x25 build/cooja/contiki-ng-cooja.a(assert.o)

.rodata1
 *(.rodata1)

.eh_frame_hdr   0x0000000000030c68     0x182c
 *(.eh_frame_hdr)
 .eh_frame_hdr  0x0000000000030c68     0x182c border-router.o
                0x0000000000030c68                __GNU_EH_FRAME_HDR
 *(.eh_frame_entry .eh_frame_entry.*)

.eh_frame       0x0000000000032498     0x6108
 *(.eh_frame)
 .eh_frame      0x0000000000032498       0x40 /usr/lib/gcc/x86_64-linux-gnu/11/../../../x86_64-linux-gnu/crti.o
 .eh_frame      0x00000000000324d8       0x18 /usr/lib/gcc/x86_64-linux-gnu/11/../../../x86_64-linux-gnu/crti.o
                                         0x30 (size before relaxing)
 .eh_frame      0x00000000000324f0       0x18 /usr/lib/gcc/x86_64-linux-gnu/11/../../../x86_64-linux-gnu/crti.o
                                         0x30 (size before relaxing)
 .eh_frame      0x0000000000032508       0x20 border-router.o
                                         0x38 (size before relaxing)
 .eh_frame      0x0000000000032528      0x198 build/cooja/mtype531321371.o
                                        0x1b0 (size before relaxing)
 .eh_frame      0x00000000000326c0       0x40 build/cooja/contiki-ng-cooja.a(simEnvChange.o)
                                         0x58 (size before relaxing)
 .eh_frame      0x0000000000032700       0x60 build/cooja/contiki-ng-cooja.a(cooja_mt.o)
                                         0x78 (size before relaxing)
 .eh_frame      0x0000000000032760       0x80 build/cooja/contiki-ng-cooja.a(cooja_mtarch.o)
                                         0x98 (size before relaxing)
 .eh_frame      0x00000000000327e0       0xc0 build/cooja/contiki-ng-cooja.a(rtimer-arch.o)
                                         0xd8 (size before relaxing)
 .eh_frame      0x00000000000328a0      0x160 build/cooja/contiki-ng-cooja.a(beep.o)
                                        0x178 (size before relaxing)
 .eh_frame      0x0000000000032a00       0x80 build/cooja/contiki-ng-cooja.a(leds-arch.o)
                                         0x98 (size before relaxing)
 .eh_frame      0x0000000000032a80       0x40 build/cooja/contiki-ng-cooja.a(moteid.o)
                                         0x58 (size before relaxing)
 .eh_frame      0x0000000000032ac0       0xa0 build/cooja/contiki-ng-cooja.a(pir-sensor.o)
                                         0xb8 (size before relaxing)
 .eh_frame      0x0000000000032b60      0x100 build/cooja/contiki-ng-cooja.a(rs232.o)
                                        0x118 (size before relaxing)
 .eh_frame      0x0000000000032c60       0xa0 build/cooja/contiki-ng-cooja.a(vib-sensor.o)
                                         0xb8 (size before relaxing)
 .eh_frame      0x0000000000032d00       0xc0 build/cooja/contiki-ng-cooja.a(clock.o)
                                         0xd8 (size before relaxing)
 .eh_frame      0x0000000000032dc0      0x100 build/cooja/contiki-ng-cooja.a(cooja-log.o)
                                        0x118 (size before relaxing)
 .eh_frame      0x0000000000032ec0      0x160 build/cooja/contiki-ng-cooja.a(cfs-cooja.o)
                                        0x178 (size before relaxing)
 .eh_frame      0x0000000000033020      0x360 build/cooja/contiki-ng-cooja.a(cooja-radio.o)
                                        0x378 (size before relaxing)
 .eh_frame      0x0000000000033380       0xa0 build/cooja/contiki-ng-cooja.a(eeprom.o)
                                         0xb8 (size before relaxing)
 .eh_frame      0x0000000000033420       0x40 build/cooja/contiki-ng-cooja.a(random.o)
                                         0x58 (size before relaxing)
 .eh_frame      0x0000000000033460       0xc0 build/cooja/contiki-ng-cooja.a(sensors.o)
                                         0xd8 (size before relaxing)
 .eh_frame      0x0000000000033520      0x120 build/cooja/contiki-ng-cooja.a(leds.o)
                                        0x138 (size before relaxing)
 .eh_frame      0x0000000000033640      0x220 build/cooja/contiki-ng-cooja.a(gpio-hal-arch.o)
                                        0x238 (size before relaxing)
 .eh_frame      0x0000000000033860       0xa0 build/cooja/contiki-ng-cooja.a(buttons.o)
                                         0xb8 (size before relaxing)
 .eh_frame      0x0000000000033900       0x80 build/cooja/contiki-ng-cooja.a(webserver.o)
                                         0x98 (size before relaxing)
 .eh_frame      0x0000000000033980       0x20 build/cooja/contiki-ng-cooja.a(contiki-main.o)
                                         0x38 (size before relaxing)
 .eh_frame      0x00000000000339a0       0x40 build/cooja/contiki-ng-cooja.a(autostart.o)
                                         0x58 (size before relaxing)
 .eh_frame      0x00000000000339e0      0x100 build/cooja/contiki-ng-cooja.a(ctimer.o)
                                        0x118 (size before relaxing)
 .eh_frame      0x0000000000033ae0       0x60 build/cooja/contiki-ng-cooja.a(energest.o)
                                         0x78 (size before relaxing)
 .eh_frame      0x0000000000033b40      0x1e0 build/cooja/contiki-ng-cooja.a(etimer.o)
                                        0x1f8 (size before relaxing)
 .eh_frame      0x0000000000033d20      0x120 build/cooja/contiki-ng-cooja.a(log.o)
                                        0x138 (size before relaxing)
 .eh_frame      0x0000000000033e40       0x20 build/cooja/contiki-ng-cooja.a(node-id.o)
                                         0x38 (size before relaxing)
 .eh_frame      0x0000000000033e60      0x1c8 build/cooja/contiki-ng-cooja.a(process.o)
                                        0x1e0 (size before relaxing)
 .eh_frame      0x0000000000034028       0x60 build/cooja/contiki-ng-cooja.a(rtimer.o)
                                         0x78 (size before relaxing)
 .eh_frame      0x0000000000034088       0xa0 build/cooja/contiki-ng-cooja.a(timer.o)
                                         0xb8 (size before relaxing)
 .eh_frame      0x0000000000034128      0x1a0 build/cooja/contiki-ng-cooja.a(list.o)
                                        0x1b8 (size before relaxing)
 .eh_frame      0x00000000000342c8      0x160 build/cooja/contiki-ng-cooja.a(button-hal.o)
                                        0x178 (size before relaxing)
 .eh_frame      0x0000000000034428       0xe0 build/cooja/contiki-ng-cooja.a(gpio-hal.o)
                                         0xf8 (size before relaxing)
 .eh_frame      0x0000000000034508       0x60 build/cooja/contiki-ng-cooja.a(serial-line.o)
                                         0x78 (size before relaxing)
 .eh_frame      0x0000000000034568       0x60 build/cooja/contiki-ng-cooja.a(linkaddr.o)
                                         0x78 (size before relaxing)
 .eh_frame      0x00000000000345c8       0x80 build/cooja/contiki-ng-cooja.a(netstack.o)
                                         0x98 (size before relaxing)
 .eh_frame      0x0000000000034648      0x288 build/cooja/contiki-ng-cooja.a(packetbuf.o)
                                        0x2a0 (size before relaxing)
 .eh_frame      0x00000000000348d0      0x1a0 build/cooja/contiki-ng-cooja.a(queuebuf.o)
                                        0x1b8 (size before relaxing)
 .eh_frame      0x0000000000034a70       0x40 build/cooja/contiki-ng-cooja.a(printf.o)
                                         0x58 (size before relaxing)
 .eh_frame      0x0000000000034ab0       0x20 build/cooja/contiki-ng-cooja.a(putchar.o)
                                         0x38 (size before relaxing)
 .eh_frame      0x0000000000034ad0       0x20 build/cooja/contiki-ng-cooja.a(puts.o)
                                         0x38 (size before relaxing)
 .eh_frame      0x0000000000034af0       0x60 build/cooja/contiki-ng-cooja.a(snprintf.o)
                                         0x78 (size before relaxing)
 .eh_frame      0x0000000000034b50      0x120 build/cooja/contiki-ng-cooja.a(strformat.o)
                                        0x138 (size before relaxing)
 .eh_frame      0x0000000000034c70       0xe0 build/cooja/contiki-ng-cooja.a(csma.o)
                                         0xf8 (size before relaxing)
 .eh_frame      0x0000000000034d50      0x160 build/cooja/contiki-ng-cooja.a(psock.o)
                                        0x178 (size before relaxing)
 .eh_frame      0x0000000000034eb0      0x2e0 build/cooja/contiki-ng-cooja.a(sicslowpan.o)
                                        0x2f8 (size before relaxing)
 .eh_frame      0x0000000000035190      0x308 build/cooja/contiki-ng-cooja.a(tcpip.o)
                                        0x320 (size before relaxing)
 .eh_frame      0x0000000000035498      0x1c0 build/cooja/contiki-ng-cooja.a(uip-ds6-nbr.o)
                                        0x1d8 (size before relaxing)
 .eh_frame      0x0000000000035658      0x240 build/cooja/contiki-ng-cooja.a(uip-ds6-route.o)
                                        0x258 (size before relaxing)
 .eh_frame      0x0000000000035898      0x328 build/cooja/contiki-ng-cooja.a(uip-ds6.o)
                                        0x340 (size before relaxing)
 .eh_frame      0x0000000000035bc0      0x148 build/cooja/contiki-ng-cooja.a(uip-icmp6.o)
                                        0x160 (size before relaxing)
 .eh_frame      0x0000000000035d08       0xe0 build/cooja/contiki-ng-cooja.a(uip-packetqueue.o)
                                         0xf8 (size before relaxing)
 .eh_frame      0x0000000000035de8      0x180 build/cooja/contiki-ng-cooja.a(uip-sr.o)
                                        0x198 (size before relaxing)
 .eh_frame      0x0000000000035f68      0x2b0 build/cooja/contiki-ng-cooja.a(uip6.o)
                                        0x2c8 (size before relaxing)
 .eh_frame      0x0000000000036218      0x200 build/cooja/contiki-ng-cooja.a(uipbuf.o)
                                        0x218 (size before relaxing)
 .eh_frame      0x0000000000036418       0x80 build/cooja/contiki-ng-cooja.a(uiplib.o)
                                         0x98 (size before relaxing)
 .eh_frame      0x0000000000036498      0x1e0 build/cooja/contiki-ng-cooja.a(rpl.o)
                                        0x1f8 (size before relaxing)
 .eh_frame      0x0000000000036678       0x80 build/cooja/contiki-ng-cooja.a(slip-bridge.o)
                                         0x98 (size before relaxing)
 .eh_frame      0x00000000000366f8       0xa0 build/cooja/contiki-ng-cooja.a(watchdog.o)
                                         0xb8 (size before relaxing)
 .eh_frame      0x0000000000036798       0x80 build/cooja/contiki-ng-cooja.a(int-master.o)
                                         0x98 (size before relaxing)
 .eh_frame      0x0000000000036818       0x20 build/cooja/contiki-ng-cooja.a(slip-arch.o)
                                         0x38 (size before relaxing)
 .eh_frame      0x0000000000036838       0xe0 build/cooja/contiki-ng-cooja.a(httpd-simple.o)
                                         0xf8 (size before relaxing)
 .eh_frame      0x0000000000036918       0x60 build/cooja/contiki-ng-cooja.a(rpl-border-router.o)
                                         0x78 (size before relaxing)
 .eh_frame      0x0000000000036978       0xc0 build/cooja/contiki-ng-cooja.a(stimer.o)
                                         0xd8 (size before relaxing)
 .eh_frame      0x0000000000036a38       0xa0 build/cooja/contiki-ng-cooja.a(memb.o)
                                         0xb8 (size before relaxing)
 .eh_frame      0x0000000000036ad8       0xa0 build/cooja/contiki-ng-cooja.a(ringbuf.o)
                                         0xb8 (size before relaxing)
 .eh_frame      0x0000000000036b78       0xe0 build/cooja/contiki-ng-cooja.a(slip.o)
                                         0xf8 (size before relaxing)
 .eh_frame      0x0000000000036c58      0x120 build/cooja/contiki-ng-cooja.a(link-stats.o)
                                        0x138 (size before relaxing)
 .eh_frame      0x0000000000036d78      0x3e0 build/cooja/contiki-ng-cooja.a(nbr-table.o)
                                        0x3f8 (size before relaxing)
 .eh_frame      0x0000000000037158       0x48 build/cooja/contiki-ng-cooja.a(mac-sequence.o)
                                         0x60 (size before relaxing)
 .eh_frame      0x00000000000371a0       0xa8 build/cooja/contiki-ng-cooja.a(framer-802154.o)
                                         0xc0 (size before relaxing)
 .eh_frame      0x0000000000037248      0x1c8 build/cooja/contiki-ng-cooja.a(csma-output.o)
                                        0x1e0 (size before relaxing)
 .eh_frame      0x0000000000037410       0x40 build/cooja/contiki-ng-cooja.a(csma-security.o)
                                         0x58 (size before relaxing)
 .eh_frame      0x0000000000037450       0x80 build/cooja/contiki-ng-cooja.a(uip-nd6.o)
                                         0x98 (size before relaxing)
 .eh_frame      0x00000000000374d0       0xa0 build/cooja/contiki-ng-cooja.a(rpl-dag-root.o)
                                         0xb8 (size before relaxing)
 .eh_frame      0x0000000000037570      0x360 build/cooja/contiki-ng-cooja.a(rpl-dag.o)
                                        0x378 (size before relaxing)
 .eh_frame      0x00000000000378d0      0x128 build/cooja/contiki-ng-cooja.a(rpl-ext-header.o)
                                        0x140 (size before relaxing)
 .eh_frame      0x00000000000379f8      0x1c0 build/cooja/contiki-ng-cooja.a(rpl-icmp6.o)
                                        0x1d8 (size before relaxing)
 .eh_frame      0x0000000000037bb8      0x148 build/cooja/contiki-ng-cooja.a(rpl-mrhof.o)
                                        0x160 (size before relaxing)
 .eh_frame      0x0000000000037d00       0x40 build/cooja/contiki-ng-cooja.a(rpl-nbr-policy.o)
                                         0x58 (size before relaxing)
 .eh_frame      0x0000000000037d40      0x2b0 build/cooja/contiki-ng-cooja.a(rpl-neighbor.o)
                                        0x2c8 (size before relaxing)
 .eh_frame      0x0000000000037ff0      0x3a8 build/cooja/contiki-ng-cooja.a(rpl-timers.o)
                                        0x3c0 (size before relaxing)
 .eh_frame      0x0000000000038398       0x20 build/cooja/contiki-ng-cooja.a(border-router-embedded.o)
                                         0x38 (size before relaxing)
 .eh_frame      0x00000000000383b8       0x20 build/cooja/contiki-ng-cooja.a(assert.o)
                                         0x38 (size before relaxing)
 .eh_frame      0x00000000000383d8       0x20 build/cooja/contiki-ng-cooja.a(mac.o)
                                         0x38 (size before relaxing)
 .eh_frame      0x00000000000383f8      0x1a4 build/cooja/contiki-ng-cooja.a(frame802154.o)
                                        0x1c0 (size before relaxing)
 .eh_frame      0x000000000003859c        0x4 /usr/lib/gcc/x86_64-linux-gnu/11/crtendS.o
 *(.eh_frame.*)

.gcc_except_table
 *(.gcc_except_table .gcc_except_table.*)

.gnu_extab
 *(.gnu_extab*)

.exception_ranges
 *(.exception_ranges*)
                0x00000000000396b0                . = DATA_SEGMENT_ALIGN (CONSTANT (MAXPAGESIZE), CONSTANT (COMMONPAGESIZE))

.eh_frame
 *(.eh_frame)
 *(.eh_frame.*)

.gnu_extab
 *(.gnu_extab)

.gcc_except_table
 *(.gcc_except_table .gcc_except_table.*)

.exception_ranges
 *(.exception_ranges*)

.tdata
 *(.tdata .tdata.* .gnu.linkonce.td.*)

.tbss
 *(.tbss .tbss.* .gnu.linkonce.tb.*)
 *(.tcommon)

.preinit_array
 *(.preinit_array)

.init_array     0x00000000000396b0        0x8
 *(SORT_BY_INIT_PRIORITY(.init_array.*) SORT_BY_INIT_PRIORITY(.ctors.*))
 *(.init_array EXCLUDE_FILE(*crtend?.o *crtend.o *crtbegin?.o *crtbegin.o) .ctors)
 .init_array    0x00000000000396b0        0x8 /usr/lib/gcc/x86_64-linux-gnu/11/crtbeginS.o

.fini_array     0x00000000000396b8        0x8
 *(SORT_BY_INIT_PRIORITY(.fini_array.*) SORT_BY_INIT_PRIORITY(.dtors.*))
 *(.fini_array EXCLUDE_FILE(*crtend?.o *crtend.o *crtbegin?.o *crtbegin.o) .dtors)
 .fini_array    0x00000000000396b8        0x8 /usr/lib/gcc/x86_64-linux-gnu/11/crtbeginS.o

.ctors
 *crtbegin.o(.ctors)
 *crtbegin?.o(.ctors)
 *(EXCLUDE_FILE(*crtend?.o *crtend.o) .ctors)
 *(SORT_BY_NAME(.ctors.*))
 *(.ctors)

.dtors
 *crtbegin.o(.dtors)
 *crtbegin?.o(.dtors)
 *(EXCLUDE_FILE(*crtend?.o *crtend.o) .dtors)
 *(SORT_BY_NAME(.dtors.*))
 *(.dtors)

.jcr
 *(.jcr)

.data.rel.ro    0x00000000000396c0      0x350
 *(.data.rel.ro.local* .gnu.linkonce.d.rel.ro.local.*)
 .data.rel.ro.local
                0x00000000000396c0       0x10 build/cooja/contiki-ng-cooja.a(beep.o)
                0x00000000000396c0                beep_interface
 .data.rel.ro.local
                0x00000000000396d0       0x10 build/cooja/contiki-ng-cooja.a(leds-arch.o)
                0x00000000000396d0                leds_interface
 .data.rel.ro.local
                0x00000000000396e0       0x10 build/cooja/contiki-ng-cooja.a(moteid.o)
                0x00000000000396e0                moteid_interface
 *fill*         0x00000000000396f0       0x10 
 .data.rel.ro.local
                0x0000000000039700       0x40 build/cooja/contiki-ng-cooja.a(pir-sensor.o)
                0x0000000000039700                pir_interface
                0x0000000000039720                pir_sensor
 .data.rel.ro.local
                0x0000000000039740       0x10 build/cooja/contiki-ng-cooja.a(rs232.o)
                0x0000000000039740                rs232_interface
 *fill*         0x0000000000039750       0x10 
 .data.rel.ro.local
                0x0000000000039760       0x40 build/cooja/contiki-ng-cooja.a(vib-sensor.o)
                0x0000000000039760                vib_interface
                0x0000000000039780                vib_sensor
 .data.rel.ro.local
                0x00000000000397a0       0x10 build/cooja/contiki-ng-cooja.a(clock.o)
                0x00000000000397a0                clock_interface
 .data.rel.ro.local
                0x00000000000397b0       0x10 build/cooja/contiki-ng-cooja.a(cooja-log.o)
                0x00000000000397b0                simlog_interface
 .data.rel.ro.local
                0x00000000000397c0       0x10 build/cooja/contiki-ng-cooja.a(cfs-cooja.o)
                0x00000000000397c0                cfs_interface
 *fill*         0x00000000000397d0       0x10 
 .data.rel.ro.local
                0x00000000000397e0       0x90 build/cooja/contiki-ng-cooja.a(cooja-radio.o)
                0x00000000000397e0                radio_interface
                0x0000000000039800                cooja_radio_driver
 .data.rel.ro.local
                0x0000000000039870       0x10 build/cooja/contiki-ng-cooja.a(eeprom.o)
                0x0000000000039870                eeprom_interface
 .data.rel.ro.local
                0x0000000000039880       0x40 build/cooja/contiki-ng-cooja.a(buttons.o)
                0x0000000000039880                button_interface
                0x00000000000398a0                button_sensor
 .data.rel.ro.local
                0x00000000000398c0       0x38 build/cooja/contiki-ng-cooja.a(csma.o)
                0x00000000000398c0                csma_driver
 *fill*         0x00000000000398f8        0x8 
 .data.rel.ro.local
                0x0000000000039900       0x10 build/cooja/contiki-ng-cooja.a(slip-bridge.o)
                0x0000000000039900                rpl_interface
 .data.rel.ro.local
                0x0000000000039910       0x18 build/cooja/contiki-ng-cooja.a(framer-802154.o)
                0x0000000000039910                framer_802154
 *(.data.rel.ro .data.rel.ro.* .gnu.linkonce.d.rel.ro.*)
 .data.rel.ro   0x0000000000039928        0x0 /usr/lib/gcc/x86_64-linux-gnu/11/../../../x86_64-linux-gnu/crti.o
 *fill*         0x0000000000039928        0x8 
 .data.rel.ro   0x0000000000039930       0x10 border-router.o
                0x0000000000039930                autostart_processes
 .data.rel.ro   0x0000000000039940       0x20 build/cooja/contiki-ng-cooja.a(sicslowpan.o)
                0x0000000000039940                sicslowpan_driver
 .data.rel.ro   0x0000000000039960       0xa8 build/cooja/contiki-ng-cooja.a(rpl.o)
                0x0000000000039960                rpl_lite_driver
 .data.rel.ro   0x0000000000039a08        0x8 build/cooja/contiki-ng-cooja.a(rpl-dag.o)

.dynamic        0x0000000000039a10      0x1c0
 *(.dynamic)
 .dynamic       0x0000000000039a10      0x1c0 /usr/lib/gcc/x86_64-linux-gnu/11/../../../x86_64-linux-gnu/crti.o
                0x0000000000039a10                _DYNAMIC

.got            0x0000000000039bd0      0x420
 *(.got)
 .got           0x0000000000039bd0      0x420 /usr/lib/gcc/x86_64-linux-gnu/11/../../../x86_64-linux-gnu/crti.o
 *(.igot)
                0x000000000003afe8                . = DATA_SEGMENT_RELRO_END (., (SIZEOF (.got.plt) >= 0x18)?0x18:0x0)

.got.plt        0x000000000003a000      0xbb0
 *(.got.plt)
 .got.plt       0x000000000003a000      0xbb0 /usr/lib/gcc/x86_64-linux-gnu/11/../../../x86_64-linux-gnu/crti.o
                0x000000000003a000                _GLOBAL_OFFSET_TABLE_
 *(.igot.plt)

.data           0x000000000003abc0      0x822
 *(.data .data.* .gnu.linkonce.d.*)
 .data          0x000000000003abc0        0x0 /usr/lib/gcc/x86_64-linux-gnu/11/../../../x86_64-linux-gnu/crti.o
 .data          0x000000000003abc0        0x0 /usr/lib/gcc/x86_64-linux-gnu/11/crtbeginS.o
 .data.rel.local
                0x000000000003abc0        0x8 /usr/lib/gcc/x86_64-linux-gnu/11/crtbeginS.o
                0x000000000003abc0                __dso_handle
 .data          0x000000000003abc8        0x0 border-router.o
 *fill*         0x000000000003abc8       0x18 
 .data.rel.local
                0x000000000003abe0       0x20 border-router.o
                0x000000000003abe0                contiki_ng_br
 .data          0x000000000003ac00        0x0 build/cooja/mtype531321371.o
 .data.rel      0x000000000003ac00       0xa0 build/cooja/mtype531321371.o
                0x000000000003ac00                simInterfaces
                0x000000000003ac80                sensors
 .data          0x000000000003aca0        0x0 build/cooja/contiki-ng-cooja.a(simEnvChange.o)
 .data          0x000000000003aca0        0x0 build/cooja/contiki-ng-cooja.a(cooja_mt.o)
 .data          0x000000000003aca0        0x0 build/cooja/contiki-ng-cooja.a(cooja_mtarch.o)
 .data          0x000000000003aca0        0x0 build/cooja/contiki-ng-cooja.a(rtimer-arch.o)
 .data          0x000000000003aca0        0x0 build/cooja/contiki-ng-cooja.a(beep.o)
 .data          0x000000000003aca0        0x0 build/cooja/contiki-ng-cooja.a(leds-arch.o)
 .data          0x000000000003aca0        0x0 build/cooja/contiki-ng-cooja.a(moteid.o)
 .data          0x000000000003aca0        0x0 build/cooja/contiki-ng-cooja.a(pir-sensor.o)
 .data          0x000000000003aca0        0x0 build/cooja/contiki-ng-cooja.a(rs232.o)
 .data          0x000000000003aca0        0x0 build/cooja/contiki-ng-cooja.a(vib-sensor.o)
 .data          0x000000000003aca0        0x0 build/cooja/contiki-ng-cooja.a(clock.o)
 .data          0x000000000003aca0        0x0 build/cooja/contiki-ng-cooja.a(cooja-log.o)
 .data          0x000000000003aca0        0x0 build/cooja/contiki-ng-cooja.a(cfs-cooja.o)
 .data          0x000000000003aca0       0x20 build/cooja/contiki-ng-cooja.a(cooja-radio.o)
                0x000000000003aca0                simRadioHWOn
                0x000000000003aca4                simSignalStrength
                0x000000000003aca8                simLastSignalStrength
                0x000000000003acac                simPower
                0x000000000003acb0                simRadioChannel
                0x000000000003acb4                simLQI
                0x000000000003acb8                simLastLQI
 .data.rel.local
                0x000000000003acc0       0x20 build/cooja/contiki-ng-cooja.a(cooja-radio.o)
                0x000000000003acc0                cooja_radio_process
 .data          0x000000000003ace0        0x0 build/cooja/contiki-ng-cooja.a(eeprom.o)
 .data          0x000000000003ace0        0x0 build/cooja/contiki-ng-cooja.a(random.o)
 .data          0x000000000003ace0        0x0 build/cooja/contiki-ng-cooja.a(sensors.o)
 .data.rel.local
                0x000000000003ace0       0x20 build/cooja/contiki-ng-cooja.a(sensors.o)
                0x000000000003ace0                sensors_process
 .data          0x000000000003ad00        0x0 build/cooja/contiki-ng-cooja.a(leds.o)
 .data          0x000000000003ad00        0x0 build/cooja/contiki-ng-cooja.a(gpio-hal-arch.o)
 .data          0x000000000003ad00        0x1 build/cooja/contiki-ng-cooja.a(buttons.o)
                0x000000000003ad00                simButtonIsActive
 *fill*         0x000000000003ad01       0x1f 
 .data.rel.local
                0x000000000003ad20       0xb0 build/cooja/contiki-ng-cooja.a(buttons.o)
                0x000000000003adc0                button_hal_buttons
 .data          0x000000000003add0        0x0 build/cooja/contiki-ng-cooja.a(webserver.o)
 *fill*         0x000000000003add0       0x10 
 .data.rel.local
                0x000000000003ade0       0x40 build/cooja/contiki-ng-cooja.a(webserver.o)
                0x000000000003ae00                webserver_nogui_process
 .data          0x000000000003ae20        0x0 build/cooja/contiki-ng-cooja.a(contiki-main.o)
 .data          0x000000000003ae20        0x0 build/cooja/contiki-ng-cooja.a(autostart.o)
 .data          0x000000000003ae20        0x0 build/cooja/contiki-ng-cooja.a(ctimer.o)
 .data.rel.local
                0x000000000003ae20       0x40 build/cooja/contiki-ng-cooja.a(ctimer.o)
                0x000000000003ae40                ctimer_process
 .data          0x000000000003ae60        0x0 build/cooja/contiki-ng-cooja.a(energest.o)
 .data          0x000000000003ae60        0x0 build/cooja/contiki-ng-cooja.a(etimer.o)
 .data.rel.local
                0x000000000003ae60       0x20 build/cooja/contiki-ng-cooja.a(etimer.o)
                0x000000000003ae60                etimer_process
 .data          0x000000000003ae80        0x4 build/cooja/contiki-ng-cooja.a(log.o)
                0x000000000003ae80                curr_log_level_main
 *fill*         0x000000000003ae84       0x1c 
 .data.rel      0x000000000003aea0      0x138 build/cooja/contiki-ng-cooja.a(log.o)
                0x000000000003aea0                all_modules
 .data          0x000000000003afd8        0x0 build/cooja/contiki-ng-cooja.a(node-id.o)
 .data          0x000000000003afd8        0x0 build/cooja/contiki-ng-cooja.a(process.o)
 .data          0x000000000003afd8        0x0 build/cooja/contiki-ng-cooja.a(rtimer.o)
 .data          0x000000000003afd8        0x0 build/cooja/contiki-ng-cooja.a(timer.o)
 .data          0x000000000003afd8        0x0 build/cooja/contiki-ng-cooja.a(list.o)
 .data          0x000000000003afd8        0x0 build/cooja/contiki-ng-cooja.a(button-hal.o)
 *fill*         0x000000000003afd8        0x8 
 .data.rel.local
                0x000000000003afe0       0x20 build/cooja/contiki-ng-cooja.a(button-hal.o)
                0x000000000003afe0                button_hal_process
 .data          0x000000000003b000        0x0 build/cooja/contiki-ng-cooja.a(gpio-hal.o)
 .data.rel.local
                0x000000000003b000        0x8 build/cooja/contiki-ng-cooja.a(gpio-hal.o)
 .data          0x000000000003b008        0x0 build/cooja/contiki-ng-cooja.a(serial-line.o)
 *fill*         0x000000000003b008       0x18 
 .data.rel.local
                0x000000000003b020       0x20 build/cooja/contiki-ng-cooja.a(serial-line.o)
                0x000000000003b020                serial_line_process
 .data          0x000000000003b040        0x0 build/cooja/contiki-ng-cooja.a(linkaddr.o)
 .data          0x000000000003b040        0x0 build/cooja/contiki-ng-cooja.a(netstack.o)
 .data.rel.local
                0x000000000003b040        0x8 build/cooja/contiki-ng-cooja.a(netstack.o)
 .data          0x000000000003b048        0x0 build/cooja/contiki-ng-cooja.a(packetbuf.o)
 .data.rel.local
                0x000000000003b048        0x8 build/cooja/contiki-ng-cooja.a(packetbuf.o)
 .data          0x000000000003b050        0x0 build/cooja/contiki-ng-cooja.a(queuebuf.o)
 .data.rel.local
                0x000000000003b050       0x38 build/cooja/contiki-ng-cooja.a(queuebuf.o)
 .data          0x000000000003b088        0x0 build/cooja/contiki-ng-cooja.a(printf.o)
 *fill*         0x000000000003b088        0x8 
 .data.rel.local
                0x000000000003b090       0x10 build/cooja/contiki-ng-cooja.a(printf.o)
 .data          0x000000000003b0a0        0x0 build/cooja/contiki-ng-cooja.a(putchar.o)
 .data          0x000000000003b0a0        0x0 build/cooja/contiki-ng-cooja.a(puts.o)
 .data          0x000000000003b0a0        0x0 build/cooja/contiki-ng-cooja.a(snprintf.o)
 .data          0x000000000003b0a0        0x0 build/cooja/contiki-ng-cooja.a(strformat.o)
 .data          0x000000000003b0a0        0x0 build/cooja/contiki-ng-cooja.a(csma.o)
 .data          0x000000000003b0a0        0x0 build/cooja/contiki-ng-cooja.a(psock.o)
 .data          0x000000000003b0a0        0x0 build/cooja/contiki-ng-cooja.a(sicslowpan.o)
 .data          0x000000000003b0a0        0x0 build/cooja/contiki-ng-cooja.a(tcpip.o)
 .data.rel.local
                0x000000000003b0a0       0x20 build/cooja/contiki-ng-cooja.a(tcpip.o)
                0x000000000003b0a0                tcpip_process
 .data          0x000000000003b0c0        0x0 build/cooja/contiki-ng-cooja.a(uip-ds6-nbr.o)
 .data.rel.local
                0x000000000003b0c0       0x20 build/cooja/contiki-ng-cooja.a(uip-ds6-nbr.o)
 .data          0x000000000003b0e0        0x0 build/cooja/contiki-ng-cooja.a(uip-ds6-route.o)
 .data.rel.local
                0x000000000003b0e0       0x28 build/cooja/contiki-ng-cooja.a(uip-ds6-route.o)
 .data          0x000000000003b108        0x0 build/cooja/contiki-ng-cooja.a(uip-ds6.o)
 .data          0x000000000003b108        0x0 build/cooja/contiki-ng-cooja.a(uip-icmp6.o)
 *fill*         0x000000000003b108        0x8 
 .data.rel.local
                0x000000000003b110       0x48 build/cooja/contiki-ng-cooja.a(uip-icmp6.o)
 .data          0x000000000003b158        0x0 build/cooja/contiki-ng-cooja.a(uip-packetqueue.o)
 *fill*         0x000000000003b158        0x8 
 .data.rel.local
                0x000000000003b160       0x18 build/cooja/contiki-ng-cooja.a(uip-packetqueue.o)
 .data          0x000000000003b178        0x0 build/cooja/contiki-ng-cooja.a(uip-sr.o)
 *fill*         0x000000000003b178        0x8 
 .data.rel.local
                0x000000000003b180       0x28 build/cooja/contiki-ng-cooja.a(uip-sr.o)
 .data          0x000000000003b1a8        0x0 build/cooja/contiki-ng-cooja.a(uip6.o)
 .data          0x000000000003b1a8        0x0 build/cooja/contiki-ng-cooja.a(uipbuf.o)
 .data          0x000000000003b1a8        0x0 build/cooja/contiki-ng-cooja.a(uiplib.o)
 .data          0x000000000003b1a8        0x0 build/cooja/contiki-ng-cooja.a(rpl.o)
 .data          0x000000000003b1a8        0x0 build/cooja/contiki-ng-cooja.a(slip-bridge.o)
 .data          0x000000000003b1a8        0x0 build/cooja/contiki-ng-cooja.a(watchdog.o)
 .data          0x000000000003b1a8        0x0 build/cooja/contiki-ng-cooja.a(int-master.o)
 .data          0x000000000003b1a8        0x0 build/cooja/contiki-ng-cooja.a(slip-arch.o)
 .data          0x000000000003b1a8        0x0 build/cooja/contiki-ng-cooja.a(httpd-simple.o)
 *fill*         0x000000000003b1a8        0x8 
 .data.rel.local
                0x000000000003b1b0       0x20 build/cooja/contiki-ng-cooja.a(httpd-simple.o)
 .data          0x000000000003b1d0        0x0 build/cooja/contiki-ng-cooja.a(rpl-border-router.o)
 .data          0x000000000003b1d0        0x0 build/cooja/contiki-ng-cooja.a(stimer.o)
 .data          0x000000000003b1d0        0x0 build/cooja/contiki-ng-cooja.a(memb.o)
 .data          0x000000000003b1d0        0x0 build/cooja/contiki-ng-cooja.a(ringbuf.o)
 .data          0x000000000003b1d0        0x0 build/cooja/contiki-ng-cooja.a(slip.o)
 *fill*         0x000000000003b1d0       0x10 
 .data.rel.local
                0x000000000003b1e0       0x20 build/cooja/contiki-ng-cooja.a(slip.o)
                0x000000000003b1e0                slip_process
 .data          0x000000000003b200        0x0 build/cooja/contiki-ng-cooja.a(link-stats.o)
 .data.rel.local
                0x000000000003b200       0x20 build/cooja/contiki-ng-cooja.a(link-stats.o)
 .data          0x000000000003b220        0x0 build/cooja/contiki-ng-cooja.a(nbr-table.o)
 .data.rel.local
                0x000000000003b220       0x20 build/cooja/contiki-ng-cooja.a(nbr-table.o)
 .data          0x000000000003b240        0x0 build/cooja/contiki-ng-cooja.a(mac-sequence.o)
 .data          0x000000000003b240        0x0 build/cooja/contiki-ng-cooja.a(framer-802154.o)
 .data          0x000000000003b240        0x0 build/cooja/contiki-ng-cooja.a(csma-output.o)
 .data.rel.local
                0x000000000003b240       0x60 build/cooja/contiki-ng-cooja.a(csma-output.o)
 .data          0x000000000003b2a0        0x0 build/cooja/contiki-ng-cooja.a(csma-security.o)
 .data          0x000000000003b2a0        0x0 build/cooja/contiki-ng-cooja.a(uip-nd6.o)
 .data.rel.local
                0x000000000003b2a0       0x18 build/cooja/contiki-ng-cooja.a(uip-nd6.o)
 .data          0x000000000003b2b8        0x0 build/cooja/contiki-ng-cooja.a(rpl-dag-root.o)
 .data          0x000000000003b2b8        0x0 build/cooja/contiki-ng-cooja.a(rpl-dag.o)
 .data          0x000000000003b2b8        0x0 build/cooja/contiki-ng-cooja.a(rpl-ext-header.o)
 .data          0x000000000003b2b8        0x0 build/cooja/contiki-ng-cooja.a(rpl-icmp6.o)
 *fill*         0x000000000003b2b8        0x8 
 .data.rel.local
                0x000000000003b2c0       0x78 build/cooja/contiki-ng-cooja.a(rpl-icmp6.o)
 .data          0x000000000003b338        0x0 build/cooja/contiki-ng-cooja.a(rpl-mrhof.o)
 *fill*         0x000000000003b338        0x8 
 .data.rel.local
                0x000000000003b340       0x48 build/cooja/contiki-ng-cooja.a(rpl-mrhof.o)
                0x000000000003b340                rpl_mrhof
 .data          0x000000000003b388        0x0 build/cooja/contiki-ng-cooja.a(rpl-nbr-policy.o)
 .data          0x000000000003b388        0x0 build/cooja/contiki-ng-cooja.a(rpl-neighbor.o)
 *fill*         0x000000000003b388        0x8 
 .data.rel.local
                0x000000000003b390       0x20 build/cooja/contiki-ng-cooja.a(rpl-neighbor.o)
                0x000000000003b3a8                rpl_neighbors
 .data          0x000000000003b3b0        0x0 build/cooja/contiki-ng-cooja.a(rpl-timers.o)
 .data          0x000000000003b3b0        0x0 build/cooja/contiki-ng-cooja.a(border-router-embedded.o)
 *fill*         0x000000000003b3b0       0x10 
 .data.rel.local
                0x000000000003b3c0       0x20 build/cooja/contiki-ng-cooja.a(border-router-embedded.o)
                0x000000000003b3c0                border_router_process
 .data          0x000000000003b3e0        0x0 build/cooja/contiki-ng-cooja.a(assert.o)
 .data          0x000000000003b3e0        0x0 build/cooja/contiki-ng-cooja.a(mac.o)
 .data          0x000000000003b3e0        0x2 build/cooja/contiki-ng-cooja.a(frame802154.o)
 .data          0x000000000003b3e2        0x0 /usr/lib/gcc/x86_64-linux-gnu/11/crtendS.o
 .data          0x000000000003b3e2        0x0 /usr/lib/gcc/x86_64-linux-gnu/11/../../../x86_64-linux-gnu/crtn.o

.tm_clone_table
                0x000000000003b3e8        0x0
 .tm_clone_table
                0x000000000003b3e8        0x0 /usr/lib/gcc/x86_64-linux-gnu/11/crtbeginS.o
 .tm_clone_table
                0x000000000003b3e8        0x0 /usr/lib/gcc/x86_64-linux-gnu/11/crtendS.o

.data1
 *(.data1)
                [!provide]                        PROVIDE (_edata = .)
                [!provide]                        PROVIDE (edata = .)
                0x000000000003b3e8                . = .
                [!provide]                        PROVIDE (__bss_start = .)

.bss            0x000000000003b400    0x17ee0
 *(.dynbss)
 .dynbss        0x000000000003b400        0x0 /usr/lib/gcc/x86_64-linux-gnu/11/../../../x86_64-linux-gnu/crti.o
 *(.bss .bss.* .gnu.linkonce.b.*)
 .bss           0x000000000003b400        0x0 /usr/lib/gcc/x86_64-linux-gnu/11/../../../x86_64-linux-gnu/crti.o
 .bss           0x000000000003b400        0x1 /usr/lib/gcc/x86_64-linux-gnu/11/crtbeginS.o
 .bss           0x000000000003b401        0x0 border-router.o
 *fill*         0x000000000003b401       0x1f 
 .bss           0x000000000003b420     0x4060 build/cooja/mtype531321371.o
                0x000000000003b420                sensors_flags
                0x000000000003b428                referenceVar
 .bss           0x000000000003f480       0x18 build/cooja/contiki-ng-cooja.a(simEnvChange.o)
                0x000000000003f480                simDontFallAsleep
                0x000000000003f484                simProcessRunValue
                0x000000000003f488                simEtimerPending
                0x000000000003f490                simEtimerNextExpirationTime
 .bss           0x000000000003f498        0x8 build/cooja/contiki-ng-cooja.a(cooja_mt.o)
 .bss           0x000000000003f4a0        0x8 build/cooja/contiki-ng-cooja.a(cooja_mtarch.o)
 .bss           0x000000000003f4a8       0x18 build/cooja/contiki-ng-cooja.a(rtimer-arch.o)
                0x000000000003f4a8                simRtimerPending
                0x000000000003f4b0                simRtimerNextExpirationTime
                0x000000000003f4b8                simRtimerCurrentTicks
 .bss           0x000000000003f4c0        0x1 build/cooja/contiki-ng-cooja.a(beep.o)
                0x000000000003f4c0                simBeeped
 .bss           0x000000000003f4c1        0x1 build/cooja/contiki-ng-cooja.a(leds-arch.o)
                0x000000000003f4c1                simLedsValue
 *fill*         0x000000000003f4c2        0x2 
 .bss           0x000000000003f4c4        0xc build/cooja/contiki-ng-cooja.a(moteid.o)
                0x000000000003f4c4                simMoteID
                0x000000000003f4c8                simMoteIDChanged
                0x000000000003f4cc                simRandomSeed
 .bss           0x000000000003f4d0        0x3 build/cooja/contiki-ng-cooja.a(pir-sensor.o)
                0x000000000003f4d0                simPirChanged
                0x000000000003f4d1                simPirIsActive
                0x000000000003f4d2                simPirValue
 *fill*         0x000000000003f4d3        0xd 
 .bss           0x000000000003f4e0      0x810 build/cooja/contiki-ng-cooja.a(rs232.o)
                0x000000000003f4e0                simSerialReceivingData
                0x000000000003fce0                simSerialReceivingLength
                0x000000000003fce4                simSerialReceivingFlag
 .bss           0x000000000003fcf0        0x3 build/cooja/contiki-ng-cooja.a(vib-sensor.o)
                0x000000000003fcf0                simVibChanged
                0x000000000003fcf1                simVibIsActive