Archive member included to satisfy reference by file (symbol)

build/cooja/contiki-ng-cooja.a(simEnvChange.o)
                              build/cooja/mtype953034533.o (simDontFallAsleep)
build/cooja/contiki-ng-cooja.a(cooja_mt.o)
                              build/cooja/mtype953034533.o (cooja_mt_start)
build/cooja/contiki-ng-cooja.a(cooja_mtarch.o)
                              build/cooja/contiki-ng-cooja.a(cooja_mt.o) (cooja_mtarch_start)
build/cooja/contiki-ng-cooja.a(rtimer-arch.o)
                              build/cooja/mtype953034533.o (rtimer_arch_check)
build/cooja/contiki-ng-cooja.a(beep.o)
                              build/cooja/mtype953034533.o (beep_interface)
build/cooja/contiki-ng-cooja.a(leds-arch.o)
                              build/cooja/mtype953034533.o (leds_interface)
build/cooja/contiki-ng-cooja.a(moteid.o)
                              build/cooja/mtype953034533.o (moteid_interface)
build/cooja/contiki-ng-cooja.a(pir-sensor.o)
                              build/cooja/mtype953034533.o (pir_interface)
build/cooja/contiki-ng-cooja.a(rs232.o)
                              build/cooja/mtype953034533.o (rs232_interface)
build/cooja/contiki-ng-cooja.a(vib-sensor.o)
                              build/cooja/mtype953034533.o (vib_interface)
build/cooja/contiki-ng-cooja.a(clock.o)
                              build/cooja/mtype953034533.o (clock_interface)
build/cooja/contiki-ng-cooja.a(cooja-log.o)
                              build/cooja/mtype953034533.o (simlog_interface)
build/cooja/contiki-ng-cooja.a(cfs-cooja.o)
                              build/cooja/mtype953034533.o (cfs_interface)
build/cooja/contiki-ng-cooja.a(cooja-radio.o)
                              build/cooja/mtype953034533.o (radio_interface)
build/cooja/contiki-ng-cooja.a(eeprom.o)
                              build/cooja/mtype953034533.o (eeprom_interface)
build/cooja/contiki-ng-cooja.a(random.o)
                              build/cooja/contiki-ng-cooja.a(moteid.o) (random_init)
build/cooja/contiki-ng-cooja.a(sensors.o)
                              build/cooja/contiki-ng-cooja.a(pir-sensor.o) (sensors_changed)
build/cooja/contiki-ng-cooja.a(leds.o)
                              mqtt-client.o (leds_on)
build/cooja/contiki-ng-cooja.a(gpio-hal-arch.o)
                              build/cooja/contiki-ng-cooja.a(leds-arch.o) (gpio_hal_arch_register_pin_callback)
build/cooja/contiki-ng-cooja.a(buttons.o)
                              build/cooja/mtype953034533.o (button_interface)
build/cooja/contiki-ng-cooja.a(mqtt.o)
                              mqtt-client.o (mqtt_register)
build/cooja/contiki-ng-cooja.a(contiki-main.o)
                              build/cooja/mtype953034533.o (main)
build/cooja/contiki-ng-cooja.a(autostart.o)
                              build/cooja/contiki-ng-cooja.a(contiki-main.o) (autostart_start)
build/cooja/contiki-ng-cooja.a(ctimer.o)
                              build/cooja/contiki-ng-cooja.a(contiki-main.o) (ctimer_init)
build/cooja/contiki-ng-cooja.a(energest.o)
                              build/cooja/contiki-ng-cooja.a(contiki-main.o) (energest_init)
build/cooja/contiki-ng-cooja.a(etimer.o)
                              build/cooja/contiki-ng-cooja.a(contiki-main.o) (etimer_process)
build/cooja/contiki-ng-cooja.a(log.o)
                              build/cooja/contiki-ng-cooja.a(contiki-main.o) (curr_log_level_main)
build/cooja/contiki-ng-cooja.a(node-id.o)
                              mqtt-client.o (node_id)
build/cooja/contiki-ng-cooja.a(process.o)
                              build/cooja/contiki-ng-cooja.a(mqtt.o) (process_current)
build/cooja/contiki-ng-cooja.a(rtimer.o)
                              build/cooja/contiki-ng-cooja.a(contiki-main.o) (rtimer_init)
build/cooja/contiki-ng-cooja.a(timer.o)
                              build/cooja/contiki-ng-cooja.a(mqtt.o) (timer_set)
build/cooja/contiki-ng-cooja.a(list.o)
                              build/cooja/contiki-ng-cooja.a(mqtt.o) (list_init)
build/cooja/contiki-ng-cooja.a(button-hal.o)
                              build/cooja/mtype953034533.o (button_hal_init)
build/cooja/contiki-ng-cooja.a(gpio-hal.o)
                              build/cooja/contiki-ng-cooja.a(button-hal.o) (gpio_hal_register_handler)
build/cooja/contiki-ng-cooja.a(serial-line.o)
                              build/cooja/contiki-ng-cooja.a(rs232.o) (serial_line_input_byte)
build/cooja/contiki-ng-cooja.a(linkaddr.o)
                              mqtt-client.o (linkaddr_node_addr)
build/cooja/contiki-ng-cooja.a(netstack.o)
                              build/cooja/contiki-ng-cooja.a(contiki-main.o) (netstack_init)
build/cooja/contiki-ng-cooja.a(packetbuf.o)
                              build/cooja/contiki-ng-cooja.a(cooja-radio.o) (packetbuf_clear)
build/cooja/contiki-ng-cooja.a(queuebuf.o)
                              build/cooja/contiki-ng-cooja.a(contiki-main.o) (queuebuf_init)
build/cooja/contiki-ng-cooja.a(printf.o)
[...]
Memory Configuration

Name             Origin             Length             Attributes
*default*        0x0000000000000000 0xffffffffffffffff

Linker script and memory map

LOAD /usr/lib/gcc/x86_64-linux-gnu/11/../../../x86_64-linux-gnu/crti.o
LOAD /usr/lib/gcc/x86_64-linux-gnu/11/crtbeginS.o
LOAD mqtt-client.o
LOAD build/cooja/mtype953034533.o
LOAD build/cooja/contiki-ng-cooja.a
LOAD /usr/lib/gcc/x86_64-linux-gnu/11/libgcc.a
LOAD /usr/lib/gcc/x86_64-linux-gnu/11/libgcc_s.so
START GROUP
LOAD /usr/lib/gcc/x86_64-linux-gnu/11/../../../x86_64-linux-gnu/libgcc_s.so.1
LOAD /usr/lib/gcc/x86_64-linux-gnu/11/libgcc.a
END GROUP
LOAD /usr/lib/gcc/x86_64-linux-gnu/11/../../../x86_64-linux-gnu/libc.so
START GROUP
LOAD /lib/x86_64-linux-gnu/libc.so.6
LOAD /usr/lib/x86_64-linux-gnu/libc_nonshared.a
LOAD /lib64/ld-linux-x86-64.so.2
END GROUP
LOAD /usr/lib/gcc/x86_64-linux-gnu/11/libgcc.a
LOAD /usr/lib/gcc/x86_64-linux-gnu/11/libgcc_s.so
START GROUP
LOAD /usr/lib/gcc/x86_64-linux-gnu/11/../../../x86_64-linux-gnu/libgcc_s.so.1
LOAD /usr/lib/gcc/x86_64-linux-gnu/11/libgcc.a
END GROUP
LOAD /usr/lib/gcc/x86_64-linux-gnu/11/crtendS.o
LOAD /usr/lib/gcc/x86_64-linux-gnu/11/../../../x86_64-linux-gnu/crtn.o
                0x00000000000002a8                . = (SEGMENT_START ("text-segment", 0x0) + SIZEOF_HEADERS)

.note.gnu.property
                0x00000000000002a8       0x20
 .note.gnu.property
                0x00000000000002a8       0x20 /usr/lib/gcc/x86_64-linux-gnu/11/../../../x86_64-linux-gnu/crti.o

.note.gnu.build-id
                0x00000000000002c8       0x24
 *(.note.gnu.build-id)
 .note.gnu.build-id
                0x00000000000002c8       0x24 /usr/lib/gcc/x86_64-linux-gnu/11/../../../x86_64-linux-gnu/crti.o

.hash
 *(.hash)

.gnu.hash       0x00000000000002f0     0x14c4
 *(.gnu.hash)
 .gnu.hash      0x00000000000002f0     0x14c4 /usr/lib/gcc/x86_64-linux-gnu/11/../../../x86_64-linux-gnu/crti.o

.dynsym         0x00000000000017b8     0x40c8
 *(.dynsym)
 .dynsym        0x00000000000017b8     0x40c8 /usr/lib/gcc/x86_64-linux-gnu/11/../../../x86_64-linux-gnu/crti.o

.dynstr         0x0000000000005880     0x30de
 *(.dynstr)
 .dynstr        0x0000000000005880     0x30de /usr/lib/gcc/x86_64-linux-gnu/11/../../../x86_64-linux-gnu/crti.o

.gnu.version    0x000000000000895e      0x566
 *(.gnu.version)
 .gnu.version   0x000000000000895e      0x566 /usr/lib/gcc/x86_64-linux-gnu/11/../../../x86_64-linux-gnu/crti.o

.gnu.version_d  0x0000000000008ec8        0x0
 *(.gnu.version_d)
 .gnu.version_d
                0x0000000000008ec8        0x0 /usr/lib/gcc/x86_64-linux-gnu/11/../../../x86_64-linux-gnu/crti.o

.gnu.version_r  0x0000000000008ec8       0x40
 *(.gnu.version_r)
 .gnu.version_r
                0x0000000000008ec8       0x40 /usr/lib/gcc/x86_64-linux-gnu/11/../../../x86_64-linux-gnu/crti.o

.rela.dyn       0x0000000000008f08     0x1f20
 *(.rela.init)
 *(.rela.text .rela.text.* .rela.gnu.linkonce.t.*)
 .rela.text     0x0000000000008f08        0x0 /usr/lib/gcc/x86_64-linux-gnu/11/../../../x86_64-linux-gnu/crti.o
 *(.rela.fini)
 *(.rela.rodata .rela.rodata.* .rela.gnu.linkonce.r.*)
 *(.rela.data .rela.data.* .rela.gnu.linkonce.d.*)
 .rela.data.rel.local
                0x0000000000008f08      0x720 /usr/lib/gcc/x86_64-linux-gnu/11/../../../x86_64-linux-gnu/crti.o
 .rela.data.rel.ro
                0x0000000000009628      0x288 /usr/lib/gcc/x86_64-linux-gnu/11/../../../x86_64-linux-gnu/crti.o
 .rela.data.rel
                0x00000000000098b0      0x3a8 /usr/lib/gcc/x86_64-linux-gnu/11/../../../x86_64-linux-gnu/crti.o
 .rela.data.rel.ro.local
                0x0000000000009c58      0x5a0 /usr/lib/gcc/x86_64-linux-gnu/11/../../../x86_64-linux-gnu/crti.o
 *(.rela.tdata .rela.tdata.* .rela.gnu.linkonce.td.*)
 *(.rela.tbss .rela.tbss.* .rela.gnu.linkonce.tb.*)
 *(.rela.ctors)
 *(.rela.dtors)
 *(.rela.got)
 .rela.got      0x000000000000a1f8      0xc00 /usr/lib/gcc/x86_64-linux-gnu/11/../../../x86_64-linux-gnu/crti.o
 *(.rela.bss .rela.bss.* .rela.gnu.linkonce.b.*)
 *(.rela.ldata .rela.ldata.* .rela.gnu.linkonce.l.*)
 *(.rela.lbss .rela.lbss.* .rela.gnu.linkonce.lb.*)
 *(.rela.lrodata .rela.lrodata.* .rela.gnu.linkonce.lr.*)
 *(.rela.ifunc)
 .rela.ifunc    0x000000000000adf8        0x0 /usr/lib/gcc/x86_64-linux-gnu/11/../../../x86_64-linux-gnu/crti.o
 .rela.fini_array
                0x000000000000adf8       0x18 /usr/lib/gcc/x86_64-linux-gnu/11/../../../x86_64-linux-gnu/crti.o
 .rela.init_array
                0x000000000000ae10       0x18 /usr/lib/gcc/x86_64-linux-gnu/11/../../../x86_64-linux-gnu/crti.o

.rela.plt       0x000000000000ae28     0x22e0
 *(.rela.plt)
 .rela.plt      0x000000000000ae28     0x22e0 /usr/lib/gcc/x86_64-linux-gnu/11/../../../x86_64-linux-gnu/crti.o
 *(.rela.iplt)

.relr.dyn
 *(.relr.dyn)
                0x000000000000e000                . = ALIGN (CONSTANT (MAXPAGESIZE))

.init           0x000000000000e000       0x1b
 *(SORT_NONE(.init))
 .init          0x000000000000e000       0x16 /usr/lib/gcc/x86_64-linux-gnu/11/../../../x86_64-linux-gnu/crti.o
                0x000000000000e000                _init
 .init          0x000000000000e016        0x5 /usr/lib/gcc/x86_64-linux-gnu/11/../../../x86_64-linux-gnu/crtn.o

.plt            0x000000000000e020     0x1750
 *(.plt)
 .plt           0x000000000000e020     0x1750 /usr/lib/gcc/x86_64-linux-gnu/11/../../../x86_64-linux-gnu/crti.o
 *(.iplt)

.plt.got        0x000000000000f770       0x30
 *(.plt.got)
 .plt.got       0x000000000000f770       0x30 /usr/lib/gcc/x86_64-linux-gnu/11/../../../x86_64-linux-gnu/crti.o

.plt.sec        0x000000000000f7a0     0x1740
 *(.plt.sec)
 .plt.sec       0x000000000000f7a0     0x1740 /usr/lib/gcc/x86_64-linux-gnu/11/../../../x86_64-linux-gnu/crti.o

.text           0x0000000000010ee0    0x21551
 *(.text.unlikely .text.*_unlikely .text.unlikely.*)
 *(.text.exit .text.exit.*)
 *(.text.startup .text.startup.*)
 *(.text.hot .text.hot.*)
 *(SORT_BY_NAME(.text.sorted.*))
 *(.text .stub .text.* .gnu.linkonce.t.*)
 .text          0x0000000000010ee0        0x0 /usr/lib/gcc/x86_64-linux-gnu/11/../../../x86_64-linux-gnu/crti.o
 .text          0x0000000000010ee0       0xb9 /usr/lib/gcc/x86_64-linux-gnu/11/crtbeginS.o
 .text          0x0000000000010f99      0x6ce mqtt-client.o
 .text          0x0000000000011667      0x374 build/cooja/mtype953034533.o
                0x000000000001171d                platform_init_stage_one
                0x0000000000011732                platform_init_stage_two
                0x0000000000011747                platform_init_stage_three
                0x000000000001175c                platform_main_loop
                0x00000000000117f6                JNI_OnLoad
                0x000000000001180d                Java_org_contikios_cooja_corecomm_Lib4_init
                0x0000000000011860                Java_org_contikios_cooja_corecomm_Lib4_getMemory
                0x00000000000118bf                Java_org_contikios_cooja_corecomm_Lib4_setMemory
                0x000000000001191e                Java_org_contikios_cooja_corecomm_Lib4_tick
                0x00000000000119ac                Java_org_contikios_cooja_corecomm_Lib4_setReferenceAddress
 .text          0x00000000000119db       0x93 build/cooja/contiki-ng-cooja.a(simEnvChange.o)
                0x00000000000119db                doActionsBeforeTick
                0x0000000000011a24                doActionsAfterTick
 .text          0x0000000000011a6e       0xab build/cooja/contiki-ng-cooja.a(cooja_mt.o)
                0x0000000000011a6e                cooja_mt_start
                0x0000000000011aae                cooja_mt_exec
                0x0000000000011af1                cooja_mt_yield
 .text          0x0000000000011b19      0x10e build/cooja/contiki-ng-cooja.a(cooja_mtarch.o)
                0x0000000000011b19                cooja_mtarch_start
                0x0000000000011bbc                cooja_sw
                0x0000000000011be9                cooja_mtarch_exec
                0x0000000000011c17                cooja_mtarch_yield
 .text          0x0000000000011c27       0xcc build/cooja/contiki-ng-cooja.a(rtimer-arch.o)
                0x0000000000011c27                rtimer_arch_init
                0x0000000000011c4d                rtimer_arch_schedule
                0x0000000000011c77                rtimer_arch_next
                0x0000000000011c8b                rtimer_arch_pending
                0x0000000000011c9e                rtimer_arch_check
                0x0000000000011cdf                rtimer_arch_now
 .text          0x0000000000011cf3       0xe6 build/cooja/contiki-ng-cooja.a(beep.o)
                0x0000000000011cf3                beep_alarm
                0x0000000000011d0e                beep_beep
                0x0000000000011d26                beep
                0x0000000000011d3b                beep_down
                0x0000000000011d53                beep_on
                0x0000000000011d68                beep_off
                0x0000000000011d7d                beep_spinup
                0x0000000000011d92                beep_quick
                0x0000000000011daa                beep_long
 .text          0x0000000000011dd9       0x80 build/cooja/contiki-ng-cooja.a(leds-arch.o)
                0x0000000000011df2                leds_arch_init
 .text          0x0000000000011e59       0x41 build/cooja/contiki-ng-cooja.a(moteid.o)
 .text          0x0000000000011e9a       0xfa build/cooja/contiki-ng-cooja.a(pir-sensor.o)
 .text          0x0000000000011f94      0x18b build/cooja/contiki-ng-cooja.a(rs232.o)
                0x0000000000011f94                rs232_init
                0x0000000000011f9f                rs232_set_speed
                0x0000000000011faf                rs232_set_input
                0x0000000000011fc9                rs232_send
                0x0000000000011fe8                rs232_print
                0x0000000000012016                slip_arch_writeb
 .text          0x000000000001211f       0xfa build/cooja/contiki-ng-cooja.a(vib-sensor.o)
 .text          0x0000000000012219       0x6f build/cooja/contiki-ng-cooja.a(clock.o)
                0x0000000000012219                clock_init
                0x0000000000012224                clock_time
                0x0000000000012238                clock_seconds
                0x0000000000012264                clock_delay
 .text          0x0000000000012288      0x214 build/cooja/contiki-ng-cooja.a(cooja-log.o)
                0x0000000000012288                simlog_char
                0x00000000000122e2                simlog
                0x0000000000012367                log_message
                0x00000000000123ac                log_set_putchar_with_slip
                0x00000000000123c3                dbg_putchar
                0x0000000000012444                dbg_send_bytes
 .text          0x000000000001249c      0x39b build/cooja/contiki-ng-cooja.a(cfs-cooja.o)
                0x000000000001249c                cfs_open
                0x0000000000012519                cfs_close
                0x000000000001252e                cfs_read
                0x00000000000125f5                cfs_write
                0x0000000000012705                cfs_seek
                0x00000000000127b4                cfs_remove
                0x00000000000127e4                cfs_opendir
                0x00000000000127fb                cfs_readdir
                0x0000000000012812                cfs_closedir
 .text          0x0000000000012837      0x79f build/cooja/contiki-ng-cooja.a(cooja-radio.o)
                0x0000000000012896                radio_set_channel
                0x00000000000128b0                radio_set_txpower
                0x00000000000128cd                radio_signal_strength_last
                0x00000000000128e0                radio_signal_strength_current
                0x00000000000128f3                radio_LQI
 .text          0x0000000000012fd6      0x163 build/cooja/contiki-ng-cooja.a(eeprom.o)
                0x0000000000012fd6                eeprom_init
                0x0000000000012fe5                eeprom_read
                0x0000000000013084                eeprom_write
 .text          0x0000000000013139       0x2f build/cooja/contiki-ng-cooja.a(random.o)
                0x0000000000013139                random_init
                0x0000000000013159                random_rand
 .text          0x0000000000013168      0x35f build/cooja/contiki-ng-cooja.a(sensors.o)
                0x00000000000131b1                sensors_first
                0x00000000000131c5                sensors_next
                0x00000000000131f4                sensors_changed
                0x0000000000013241                sensors_find
 .text          0x00000000000134c7      0x3ad build/cooja/contiki-ng-cooja.a(leds.o)
                0x00000000000134c7                leds_init
                0x0000000000013512                leds_single_on
                0x000000000001357f                leds_single_off
                0x00000000000135ec                leds_single_toggle
                0x0000000000013624                leds_on
                0x00000000000136b5                leds_off
                0x0000000000013746                leds_toggle
                0x00000000000137a2                leds_set
                0x00000000000137cb                leds_get
 .text          0x0000000000013874      0x41b build/cooja/contiki-ng-cooja.a(gpio-hal-arch.o)
                0x0000000000013874                gpio_hal_arch_register_pin_callback
                0x000000000001391b                gpio_hal_arch_init
                0x0000000000013971                gpio_hal_arch_no_port_interrupt_enable
                0x00000000000139be                gpio_hal_arch_no_port_interrupt_disable
                0x0000000000013a0b                gpio_hal_arch_no_port_pin_cfg_set
                0x0000000000013a41                gpio_hal_arch_no_port_pin_cfg_get
                0x0000000000013a75                gpio_hal_arch_no_port_pin_set_input
                0x0000000000013a88                gpio_hal_arch_no_port_pin_set_output
                0x0000000000013a9b                gpio_hal_arch_no_port_set_pin
                0x0000000000013abf                gpio_hal_arch_no_port_clear_pin
                0x0000000000013ae3                gpio_hal_arch_no_port_read_pin
                0x0000000000013b10                gpio_hal_arch_no_port_write_pin
                0x0000000000013b3a                gpio_hal_arch_no_port_set_pins
                0x0000000000013b89                gpio_hal_arch_no_port_clear_pins
                0x0000000000013bd8                gpio_hal_arch_no_port_read_pins
                0x0000000000013c26                gpio_hal_arch_no_port_write_pins
 .text          0x0000000000013c8f       0xa8 build/cooja/contiki-ng-cooja.a(buttons.o)
 .text          0x0000000000013d37     0x3e29 build/cooja/contiki-ng-cooja.a(mqtt.o)
                0x00000000000141d8                mqtt_decode_var_byte_int
                0x00000000000142dd                mqtt_encode_var_byte_int
                0x00000000000173c8                mqtt_init
                0x00000000000174a2                mqtt_register
                0x000000000001756a                mqtt_connect
                0x00000000000176aa                mqtt_disconnect
                0x00000000000176fb                mqtt_subscribe
                0x0000000000017804                mqtt_unsubscribe
                0x00000000000178fd                mqtt_publish
                0x0000000000017a38                mqtt_set_username_password
                0x0000000000017ae9                mqtt_set_last_will
 .text          0x0000000000017b60      0x400 build/cooja/contiki-ng-cooja.a(contiki-main.o)
                0x0000000000017b60                main
 .text          0x0000000000017f60       0xbd build/cooja/contiki-ng-cooja.a(autostart.o)
                0x0000000000017f60                autostart_start
                0x0000000000017fc1                autostart_exit
 .text          0x000000000001801d      0x441 build/cooja/contiki-ng-cooja.a(ctimer.o)
                0x000000000001817f                ctimer_init
                0x00000000000181b4                ctimer_set
                0x00000000000181f8                ctimer_set_with_process
                0x00000000000182b2                ctimer_reset
                0x0000000000018323                ctimer_restart
                0x0000000000018394                ctimer_stop
                0x00000000000183f2                ctimer_expired
 .text          0x000000000001845e       0x25 build/cooja/contiki-ng-cooja.a(energest.o)
                0x000000000001845e                energest_init
                0x0000000000018469                energest_flush
                0x0000000000018474                energest_get_total_time
 .text          0x0000000000018483      0x57c build/cooja/contiki-ng-cooja.a(etimer.o)
                0x000000000001872b                etimer_request_poll
                0x00000000000187dd                etimer_set
                0x0000000000018813                etimer_reset_with_new_interval
                0x000000000001884e                etimer_reset
                0x0000000000018879                etimer_restart
                0x00000000000188a4                etimer_adjust
                0x00000000000188d5                etimer_expired
                0x00000000000188f4                etimer_expiration_time
                0x0000000000018914                etimer_start_time
                0x0000000000018929                etimer_pending
                0x0000000000018943                etimer_next_expiration_time
                0x0000000000018964                etimer_stop
 .text          0x00000000000189ff      0x539 build/cooja/contiki-ng-cooja.a(log.o)
                0x00000000000189ff                log_6addr
                0x0000000000018a65                log_6addr_compact_snprint
                0x0000000000018b40                log_6addr_compact
                0x0000000000018ba6                log_lladdr
                0x0000000000018c26                log_lladdr_compact
                0x0000000000018ca8                log_bytes
                0x0000000000018d08                log_set_level
                0x0000000000018e16                log_get_level
                0x0000000000018ecd                log_level_to_str
 .text          0x0000000000018f38       0x36 build/cooja/contiki-ng-cooja.a(node-id.o)
                0x0000000000018f38                node_id_init
 .text          0x0000000000018f6e      0x673 build/cooja/contiki-ng-cooja.a(process.o)
                0x0000000000018f6e                process_alloc_event
                0x0000000000018f88                process_start
                0x00000000000191f8                process_exit
                0x0000000000019224                process_init
                0x000000000001941b                process_run
                0x0000000000019450                process_nevents
                0x0000000000019470                process_post
                0x0000000000019538                process_post_synch
                0x0000000000019586                process_poll
                0x00000000000195c3                process_is_running
 .text          0x00000000000195e1      0x101 build/cooja/contiki-ng-cooja.a(rtimer.o)
                0x00000000000195e1                rtimer_init
                0x00000000000195f1                rtimer_set
                0x0000000000019672                rtimer_run_next
 .text          0x00000000000196e2       0xfd build/cooja/contiki-ng-cooja.a(timer.o)
                0x00000000000196e2                timer_set
                0x0000000000019711                timer_reset
                0x000000000001974d                timer_restart
                0x000000000001976c                timer_expired
                0x00000000000197a7                timer_remaining
 .text          0x00000000000197df      0x39b build/cooja/contiki-ng-cooja.a(list.o)
                0x00000000000197df                list_init
                0x00000000000197f9                list_head
                0x000000000001980e                list_copy
                0x000000000001982f                list_tail
                0x0000000000019878                list_add
                0x00000000000198dc                list_push
                0x000000000001991f                list_chop
                0x00000000000199ac                list_pop
                0x00000000000199e6                list_remove
                0x0000000000019a72                list_length
                0x0000000000019aad                list_insert
                0x0000000000019b10                list_item_next
                0x0000000000019b33                list_contains
 .text          0x0000000000019b7a      0x574 build/cooja/contiki-ng-cooja.a(button-hal.o)
                0x0000000000019d45                button_hal_get_by_id
                0x0000000000019d93                button_hal_get_by_index
                0x0000000000019dca                button_hal_get_state
                0x0000000000019e2d                button_hal_init
 .text          0x000000000001a0ee      0x181 build/cooja/contiki-ng-cooja.a(gpio-hal.o)
                0x000000000001a0ee                gpio_hal_register_handler
                0x000000000001a117                gpio_hal_event_handler
                0x000000000001a182                gpio_hal_init
                0x000000000001a1a1                gpio_hal_arch_port_toggle_pin
                0x000000000001a1d8                gpio_hal_arch_port_toggle_pins
                0x000000000001a209                gpio_hal_arch_no_port_toggle_pin
                0x000000000001a243                gpio_hal_arch_no_port_toggle_pins
 .text          0x000000000001a26f      0x238 build/cooja/contiki-ng-cooja.a(serial-line.o)
                0x000000000001a26f                serial_line_input_byte
                0x000000000001a46a                serial_line_init
 .text          0x000000000001a4a7       0x80 build/cooja/contiki-ng-cooja.a(linkaddr.o)
                0x000000000001a4a7                linkaddr_copy
                0x000000000001a4c8                linkaddr_cmp
                0x000000000001a4fe                linkaddr_set_node_addr
 .text          0x000000000001a527      0x12b build/cooja/contiki-ng-cooja.a(netstack.o)
                0x000000000001a527                netstack_process_ip_callback
                0x000000000001a5c8                netstack_ip_packet_processor_add
                0x000000000001a5f8                uip_ds6_ip_packet_processor_rm
                0x000000000001a621                netstack_init
 .text          0x000000000001a652      0x4a8 build/cooja/contiki-ng-cooja.a(packetbuf.o)
                0x000000000001a652                packetbuf_clear
                0x000000000001a680                packetbuf_copyfrom
                0x000000000001a6d9                packetbuf_copyto
                0x000000000001a77f                packetbuf_hdralloc
                0x000000000001a80e                packetbuf_hdrreduce
                0x000000000001a85e                packetbuf_set_datalen
                0x000000000001a87a                packetbuf_dataptr
                0x000000000001a89f                packetbuf_hdrptr
                0x000000000001a8b0                packetbuf_datalen
                0x000000000001a8c1                packetbuf_hdrlen
                0x000000000001a8dd                packetbuf_totlen
                0x000000000001a8ff                packetbuf_remaininglen
                0x000000000001a917                packetbuf_attr_clear
                0x000000000001a97c                packetbuf_attr_copyto
                0x000000000001a9c7                packetbuf_attr_copyfrom
                0x000000000001aa12                packetbuf_set_attr
                0x000000000001aa42                packetbuf_attr
                0x000000000001aa63                packetbuf_set_addr
                0x000000000001aaa9                packetbuf_addr
                0x000000000001aad3                packetbuf_holds_broadcast
 .text          0x000000000001aafa      0x382 build/cooja/contiki-ng-cooja.a(queuebuf.o)
                0x000000000001ab0f                queuebuf_init
                0x000000000001ab38                queuebuf_numfree
                0x000000000001ab51                queuebuf_new_from_packetbuf
                0x000000000001ac04                queuebuf_update_attr_from_packetbuf
                0x000000000001ac47                queuebuf_update_from_packetbuf
                0x000000000001aca3                queuebuf_free
                0x000000000001acff                queuebuf_to_packetbuf
                0x000000000001ad78                queuebuf_dataptr
                0x000000000001adbf                queuebuf_datalen
                0x000000000001adef                queuebuf_addr
                0x000000000001ae36                queuebuf_attr
                0x000000000001ae71                queuebuf_debug_print
 .text          0x000000000001ae7c      0x116 build/cooja/contiki-ng-cooja.a(printf.o)
                0x000000000001aeb1                log_printf
 .text          0x000000000001af92       0x1e build/cooja/contiki-ng-cooja.a(putchar.o)
                0x000000000001af92                log_putchar
 .text          0x000000000001afb0       0x3d build/cooja/contiki-ng-cooja.a(puts.o)
                0x000000000001afb0                log_puts
 .text          0x000000000001afed      0x1f8 build/cooja/contiki-ng-cooja.a(snprintf.o)
                0x000000000001b078                log_snprintf
                0x000000000001b15d                log_vsnprintf
 .text          0x000000000001b1e5      0x152 build/cooja/contiki-ng-cooja.a(sprintf.o)
                0x000000000001b230                log_sprintf
 .text          0x000000000001b337     0x170b build/cooja/contiki-ng-cooja.a(strformat.o)
                0x000000000001b6aa                format_str
                0x000000000001b78b                format_str_v
 .text          0x000000000001ca42      0x292 build/cooja/contiki-ng-cooja.a(csma.o)
 .text          0x000000000001ccd4     0x3747 build/cooja/contiki-ng-cooja.a(sicslowpan.o)
                0x000000000001d4aa                netstack_sniffer_add
                0x000000000001d4c4                netstack_sniffer_remove
                0x00000000000203e4                sicslowpan_init
                0x000000000002040b                sicslowpan_get_last_rssi
 .text          0x000000000002041b      0xbaa build/cooja/contiki-ng-cooja.a(tcp-socket.o)
                0x0000000000020b54                tcp_socket_register
                0x0000000000020c1c                tcp_socket_connect
                0x0000000000020cd9                tcp_socket_listen
                0x0000000000020d66                tcp_socket_unlisten
                0x0000000000020df2                tcp_socket_send
                0x0000000000020eaf                tcp_socket_send_str
                0x0000000000020ee6                tcp_socket_close
                0x0000000000020f1b                tcp_socket_unregister
                0x0000000000020f84                tcp_socket_max_sendlen
                0x0000000000020fac                tcp_socket_queuelen
 .text          0x0000000000020fc5      0xc96 build/cooja/contiki-ng-cooja.a(tcpip.o)
                0x0000000000020ff5                tcpip_output
                0x00000000000210f7                tcp_connect
                0x000000000002115e                tcp_unlisten
                0x00000000000211ce                tcp_listen
                0x000000000002123a                tcp_attach
                0x0000000000021268                udp_attach
                0x0000000000021296                udp_new
                0x00000000000212f1                udp_broadcast_new
                0x0000000000021604                tcpip_input
                0x00000000000217dc                tcpip_ipv6_output
                0x0000000000021a35                tcpip_poll_udp
                0x0000000000021a63                tcpip_poll_tcp
                0x0000000000021a91                tcpip_uipcall
 .text          0x0000000000021c5b      0x416 build/cooja/contiki-ng-cooja.a(uip-ds6-nbr.o)
                0x0000000000021c5b                uip_ds6_neighbors_init
                0x0000000000021c84                uip_ds6_nbr_add
                0x0000000000021d22                uip_ds6_nbr_rm
                0x0000000000021d7f                uip_ds6_nbr_update_ll
                0x0000000000021e84                uip_ds6_nbr_get_ipaddr
                0x0000000000021ea4                uip_ds6_nbr_get_ll
                0x0000000000021ecc                uip_ds6_nbr_num
                0x0000000000021f1e                uip_ds6_nbr_head
                0x0000000000021f37                uip_ds6_nbr_next
                0x0000000000021f5f                uip_ds6_nbr_lookup
                0x0000000000021fc8                uip_ds6_nbr_ll_lookup
                0x0000000000021ff0                uip_ds6_nbr_ipaddr_from_lladdr
                0x0000000000022024                uip_ds6_nbr_lladdr_from_ipaddr
                0x0000000000022060                uip_ds6_link_callback
 .text          0x0000000000022071      0x3f9 build/cooja/contiki-ng-cooja.a(uip-ds6-route.o)
                0x00000000000220c8                uip_ds6_route_init
                0x00000000000220f1                uip_ds6_route_count_nexthop_neighbors
                0x0000000000022100                uip_ds6_route_nexthop
                0x0000000000022113                uip_ds6_route_head
                0x0000000000022122                uip_ds6_route_next
                0x0000000000022135                uip_ds6_route_is_nexthop
                0x0000000000022148                uip_ds6_route_num_routes
                0x0000000000022157                uip_ds6_route_lookup
                0x000000000002216a                uip_ds6_route_add
                0x0000000000022186                uip_ds6_route_rm
                0x0000000000022195                uip_ds6_route_rm_by_nexthop
                0x00000000000221a4                uip_ds6_defrt_head
                0x00000000000221bd                uip_ds6_defrt_add
                0x000000000002227d                uip_ds6_defrt_rm
                0x00000000000222f3                uip_ds6_defrt_lookup
                0x000000000002236a                uip_ds6_defrt_choose
                0x00000000000223ed                uip_ds6_defrt_periodic
 .text          0x000000000002246a      0xebc build/cooja/contiki-ng-cooja.a(uip-ds6.o)
                0x000000000002246a                uip_ds6_default_prefix
                0x000000000002247b                uip_ds6_set_default_prefix
                0x00000000000224a3                uip_ds6_init
                0x0000000000022742                uip_ds6_periodic
                0x00000000000227e4                uip_ds6_list_loop
                0x00000000000228cd                uip_ds6_prefix_add
                0x000000000002299e                uip_ds6_prefix_rm
                0x00000000000229bc                uip_ds6_prefix_lookup
                0x0000000000022a13                uip_ds6_is_addr_onlink
                0x0000000000022aa7                uip_ds6_addr_add
                0x0000000000022bf2                uip_ds6_addr_rm
                0x0000000000022cad                uip_ds6_addr_lookup
                0x0000000000022d02                uip_ds6_get_link_local
                0x0000000000022da7                uip_ds6_get_global
                0x0000000000022e4c                uip_ds6_maddr_add
                0x0000000000022ec8                uip_ds6_maddr_rm
                0x0000000000022ee6                uip_ds6_maddr_lookup
                0x0000000000022f3e                uip_ds6_aaddr_add
                0x0000000000022fba                uip_ds6_aaddr_rm
                0x0000000000022fd8                uip_ds6_aaddr_lookup
                0x0000000000023030                uip_ds6_select_src
                0x00000000000231ba                uip_ds6_set_addr_iid
                0x00000000000231f3                uip_ds6_set_lladdr_from_iid
                0x000000000002322a                get_match_length
                0x00000000000232d8                uip_ds6_compute_reachable_time
 .text          0x0000000000023326      0x1b9 build/cooja/contiki-ng-cooja.a(uip-packetqueue.o)
                0x0000000000023365                uip_packetqueue_new
                0x000000000002337f                uip_packetqueue_alloc
                0x00000000000233f9                uip_packetqueue_free
                0x0000000000023451                uip_packetqueue_buf
                0x000000000002347d                uip_packetqueue_buflen
                0x00000000000234ac                uip_packetqueue_set_buflen
 .text          0x00000000000234df     0x3915 build/cooja/contiki-ng-cooja.a(uip6.o)
                0x00000000000234df                uip_add32
                0x00000000000236e9                uip_chksum
                0x00000000000237cf                uip_icmp6chksum
                0x00000000000237e3                uip_tcpchksum
                0x00000000000237f7                uip_udpchksum
                0x000000000002380b                uip_init
                0x00000000000238d0                uip_connect
                0x0000000000023a7a                uip_remove_ext_hdr
                0x0000000000023b7b                uip_udp_new
                0x0000000000023ce7                uip_unlisten
                0x0000000000023d36                uip_listen
                0x0000000000024058                uip_process
                0x0000000000026c7a                uip_htons
                0x0000000000026c9d                uip_htonl
                0x0000000000026ce5                uip_send
 .text          0x0000000000026df4      0x5b1 build/cooja/contiki-ng-cooja.a(uipbuf.o)
                0x0000000000026df4                uipbuf_clear
                0x0000000000026e26                uipbuf_add_ext_hdr
                0x0000000000026ebe                uipbuf_set_len
                0x0000000000026ef0                uipbuf_set_len_field
                0x0000000000026f23                uipbuf_get_len_field
                0x0000000000026f4e                uipbuf_get_next_header
                0x00000000000270c0                uipbuf_get_last_header
                0x0000000000027153                uipbuf_search_header
                0x000000000002721a                uipbuf_get_attr
                0x000000000002724b                uipbuf_set_attr
                0x000000000002728b                uipbuf_set_default_attr
                0x00000000000272cb                uipbuf_clear_attr
                0x00000000000272f2                uipbuf_set_attr_flag
                0x0000000000027315                uipbuf_clr_attr_flag
                0x000000000002733e                uipbuf_is_attr_flag
                0x0000000000027363                uipbuf_init
 .text          0x00000000000273a5      0x57d build/cooja/contiki-ng-cooja.a(uiplib.o)
                0x00000000000273a5                uiplib_ip6addrconv
                0x0000000000027581                uiplib_ip4addrconv
                0x0000000000027653                uiplib_ipaddr_print
                0x00000000000276b9                uiplib_ipaddr_snprint
 .text          0x0000000000027922      0x66e build/cooja/contiki-ng-cooja.a(rpl.o)
                0x0000000000027922                rpl_lollipop_greater_than
                0x0000000000027986                rpl_get_global_address
                0x0000000000027b26                rpl_link_callback
                0x0000000000027b90                rpl_has_joined
                0x0000000000027bc3                rpl_is_reachable
                0x0000000000027c69                rpl_reset_prefix
                0x0000000000027ce0                rpl_set_prefix_from_addr
                0x0000000000027dfb                rpl_set_prefix
                0x0000000000027f65                rpl_set_leaf_only
                0x0000000000027f7f                rpl_get_leaf_only
 .text          0x0000000000027f90       0x49 build/cooja/contiki-ng-cooja.a(watchdog.o)
                0x0000000000027f90                watchdog_init
                0x0000000000027f9b                watchdog_start
                0x0000000000027fa6                watchdog_periodic
                0x0000000000027fc3                watchdog_stop
                0x0000000000027fce                watchdog_reboot
 .text          0x0000000000027fd9       0x61 build/cooja/contiki-ng-cooja.a(int-master.o)
                0x0000000000027fd9                int_master_enable
                0x0000000000027fee                int_master_read_and_disable
                0x000000000002800e                int_master_status_set
                0x0000000000028025                int_master_is_enabled
 .text          0x000000000002803a      0x125 build/cooja/contiki-ng-cooja.a(stimer.o)
                0x000000000002803a                stimer_set
                0x0000000000028069                stimer_reset
                0x00000000000280a5                stimer_restart
                0x00000000000280c4                stimer_expired
                0x0000000000028106                stimer_remaining
                0x000000000002813e                stimer_elapsed
 .text          0x000000000002815f      0x21a build/cooja/contiki-ng-cooja.a(memb.o)
                0x000000000002815f                memb_init
                0x00000000000281c2                memb_alloc
                0x000000000002823c                memb_free
                0x00000000000282cf                memb_inmemb
                0x0000000000028326                memb_numfree
 .text          0x0000000000028379      0x19d build/cooja/contiki-ng-cooja.a(ringbuf.o)
                0x0000000000028379                ringbuf_init
                0x00000000000283ba                ringbuf_put
                0x0000000000028449                ringbuf_get
                0x00000000000284c7                ringbuf_size
                0x00000000000284e3                ringbuf_elements
 .text          0x0000000000028516      0x481 build/cooja/contiki-ng-cooja.a(link-stats.o)
                0x0000000000028516                link_stats_from_lladdr
                0x000000000002853e                link_stats_get_lladdr
                0x0000000000028566                link_stats_is_fresh
                0x00000000000285ae                guess_etx_from_rssi
                0x0000000000028633                link_stats_packet_sent
                0x0000000000028797                link_stats_input_callback
                0x00000000000288f9                link_stats_reset
                0x0000000000028955                link_stats_init
 .text          0x0000000000028997      0xcb3 build/cooja/contiki-ng-cooja.a(nbr-table.o)
                0x0000000000028df5                nbr_table_count_entries
                0x0000000000028e97                nbr_table_gc_get_worst
                0x0000000000028eda                nbr_table_can_accept_new
                0x000000000002908f                nbr_table_entry_is_allowed
                0x000000000002913c                nbr_table_register
                0x00000000000291ce                nbr_table_is_registered
                0x0000000000029225                nbr_table_head
                0x0000000000029293                nbr_table_next
                0x0000000000029310                nbr_table_add_lladdr
                0x0000000000029470                nbr_table_get_from_lladdr
                0x00000000000294cf                nbr_table_remove
                0x0000000000029529                nbr_table_lock
                0x000000000002955e                nbr_table_unlock
                0x0000000000029593                nbr_table_get_lladdr
                0x00000000000295d6                nbr_table_clear
                0x0000000000029613                nbr_table_key_head
                0x000000000002962c                nbr_table_key_next
 .text          0x000000000002964a      0x1e0 build/cooja/contiki-ng-cooja.a(mac-sequence.o)
                0x000000000002964a                mac_sequence_is_duplicate
                0x000000000002972b                mac_sequence_register_seqno
 .text          0x000000000002982a      0x451 build/cooja/contiki-ng-cooja.a(framer-802154.o)
                0x00000000000299c5                framer_802154_setup_params
 .text          0x0000000000029c7b      0xae3 build/cooja/contiki-ng-cooja.a(csma-output.o)
                0x000000000002a45d                csma_output_packet
                0x000000000002a726                csma_output_init
 .text          0x000000000002a75e       0x3d build/cooja/contiki-ng-cooja.a(csma-security.o)
                0x000000000002a75e                csma_security_create_frame
                0x000000000002a784                csma_security_parse_frame
 .text          0x000000000002a79b      0x8b7 build/cooja/contiki-ng-cooja.a(uip-icmp6.o)
                0x000000000002a818                uip_icmp6_input
                0x000000000002a876                uip_icmp6_register_input_handler
                0x000000000002aa08                uip_icmp6_error_output
                0x000000000002ad6d                uip_icmp6_send
                0x000000000002afb9                uip_icmp6_echo_reply_callback_add
                0x000000000002b000                uip_icmp6_echo_reply_callback_rm
                0x000000000002b029                uip_icmp6_init
 .text          0x000000000002b052      0x87f build/cooja/contiki-ng-cooja.a(uip-nd6.o)
                0x000000000002b8b7                uip_nd6_init
 .text          0x000000000002b8d1      0x7e7 build/cooja/contiki-ng-cooja.a(uip-sr.o)
                0x000000000002b8d1                uip_sr_num_nodes
                0x000000000002b97c                uip_sr_get_node
                0x000000000002b9e4                uip_sr_is_addr_reachable
                0x000000000002baac                uip_sr_expire_parent
                0x000000000002bb1b                uip_sr_update_node
                0x000000000002bc8f                uip_sr_init
                0x000000000002bcc2                uip_sr_node_head
                0x000000000002bcdb                uip_sr_node_next
                0x000000000002bcf9                uip_sr_periodic
                0x000000000002be35                uip_sr_free_all
                0x000000000002beb4                uip_sr_link_snprint
 .text          0x000000000002c0b8      0x35a build/cooja/contiki-ng-cooja.a(rpl-dag-root.o)
                0x000000000002c0b8                rpl_dag_root_print_links
                0x000000000002c22d                rpl_dag_root_set_prefix
                0x000000000002c269                rpl_dag_root_start
                0x000000000002c3d2                rpl_dag_root_is_root
 .text          0x000000000002c412     0x1219 build/cooja/contiki-ng-cooja.a(rpl-dag.o)
                0x000000000002c412                rpl_dag_state_to_str
                0x000000000002c470                rpl_dag_get_root_ipaddr
                0x000000000002c4ba                rpl_dag_leave
                0x000000000002c565                rpl_dag_poison_and_leave
                0x000000000002c583                rpl_dag_periodic
                0x000000000002c647                rpl_is_addr_in_our_dag
                0x000000000002c6a3                rpl_get_default_instance
                0x000000000002c6ca                rpl_get_any_dag
                0x000000000002c737                rpl_refresh_routes
                0x000000000002c799                rpl_global_repair
                0x000000000002c85b                rpl_local_repair
                0x000000000002c8bd                rpl_dag_ready_to_advertise
                0x000000000002c915                rpl_dag_update_state
                0x000000000002d1d8                rpl_process_dio
                0x000000000002d27a                rpl_process_dis
                0x000000000002d2ce                rpl_process_dao
                0x000000000002d377                rpl_process_dao_ack
                0x000000000002d427                rpl_process_hbh
                0x000000000002d486                rpl_dag_init_root
                0x000000000002d607                rpl_dag_init
 .text          0x000000000002d62b      0xdef build/cooja/contiki-ng-cooja.a(rpl-ext-header.o)
                0x000000000002d62b                rpl_ext_header_srh_get_next_hop
                0x000000000002d73c                rpl_ext_header_srh_update
                0x000000000002ddcb                rpl_ext_header_hbh_update
                0x000000000002e16b                rpl_ext_header_update
                0x000000000002e215                rpl_ext_header_remove
 .text          0x000000000002e41a     0x16eb build/cooja/contiki-ng-cooja.a(rpl-icmp6.o)
                0x000000000002e5ae                rpl_icmp6_update_nbr_table
                0x000000000002e663                rpl_icmp6_dis_output
                0x000000000002ed87                rpl_icmp6_dio_output
                0x000000000002f6b7                rpl_icmp6_dao_output
                0x000000000002fa28                rpl_icmp6_dao_ack_output
                0x000000000002fabe                rpl_icmp6_init
 .text          0x000000000002fb05      0x36f build/cooja/contiki-ng-cooja.a(rpl-mrhof.o)
 .text          0x000000000002fe74       0x8c build/cooja/contiki-ng-cooja.a(rpl-nbr-policy.o)
                0x000000000002febc                rpl_nbr_gc_get_worst
 .text          0x000000000002ff00      0xadd build/cooja/contiki-ng-cooja.a(rpl-neighbor.o)
                0x000000000002ff93                rpl_neighbor_snprint
                0x00000000000302c1                rpl_neighbor_print_list
                0x0000000000030398                rpl_neighbor_count
                0x0000000000030483                rpl_neighbor_get_from_lladdr
                0x00000000000304ae                rpl_neighbor_is_acceptable_parent
                0x00000000000304fa                rpl_neighbor_get_link_metric
                0x0000000000030546                rpl_neighbor_rank_via_nbr
                0x0000000000030592                rpl_neighbor_get_lladdr
                0x00000000000305bd                rpl_neighbor_get_ipaddr
                0x00000000000305eb                rpl_neighbor_get_link_stats
                0x0000000000030619                rpl_neighbor_is_fresh
                0x0000000000030647                rpl_neighbor_is_parent
                0x0000000000030680                rpl_neighbor_set_preferred_parent
                0x0000000000030737                rpl_neighbor_remove_all
                0x000000000003079d                rpl_neighbor_get_from_ipaddr
                0x00000000000308d6                rpl_neighbor_select_best
                0x00000000000309b6                rpl_neighbor_init
 .text          0x00000000000309dd      0xd3d build/cooja/contiki-ng-cooja.a(rpl-timers.o)
                0x00000000000309dd                rpl_timers_schedule_periodic_dis
                0x0000000000030b93                rpl_timers_dio_reset
                0x0000000000030d17                rpl_timers_schedule_unicast_dio
                0x0000000000030efe                rpl_timers_schedule_dao
                0x0000000000031004                rpl_timers_schedule_dao_ack
                0x00000000000310c9                rpl_timers_notify_dao_ack
                0x000000000003113e                get_probing_delay
                0x0000000000031185                get_probing_target
                0x00000000000313c3                rpl_schedule_probing
                0x000000000003140a                rpl_schedule_probing_now
                0x0000000000031498                rpl_timers_unschedule_leaving
                0x00000000000314e2                rpl_timers_schedule_leaving
                0x0000000000031540                rpl_timers_init
                0x00000000000315f2                rpl_timers_stop_dag_timers
                0x0000000000031694                rpl_timers_unschedule_state_update
                0x00000000000316c1                rpl_timers_schedule_state_update
 .text          0x000000000003171a       0x34 build/cooja/contiki-ng-cooja.a(assert.o)
                0x000000000003171a                _xassert
 .text          0x000000000003174e       0x3a build/cooja/contiki-ng-cooja.a(mac.o)
                0x000000000003174e                mac_call_sent_callback
 .text          0x0000000000031788      0xca9 build/cooja/contiki-ng-cooja.a(frame802154.o)
                0x00000000000317b6                frame802154_get_pan_id
                0x00000000000317c7                frame802154_set_pan_id
                0x00000000000317e3                frame802154_has_panid
                0x00000000000319c2                frame802154_check_dest_panid
                0x0000000000031a60                frame802154_is_broadcast_addr
                0x0000000000031ab7                frame802154_extract_linkaddr
                0x0000000000031d51                frame802154_hdrlen
                0x0000000000031dd0                frame802154_create_fcf
                0x0000000000031ea2                frame802154_create
                0x000000000003204c                frame802154_parse_fcf
                0x0000000000032143                frame802154_parse
 .text          0x0000000000032431        0x0 /usr/lib/gcc/x86_64-linux-gnu/11/crtendS.o
 .text          0x0000000000032431        0x0 /usr/lib/gcc/x86_64-linux-gnu/11/../../../x86_64-linux-gnu/crtn.o
 *(.gnu.warning)

.fini           0x0000000000032434        0xd
 *(SORT_NONE(.fini))
 .fini          0x0000000000032434        0x8 /usr/lib/gcc/x86_64-linux-gnu/11/../../../x86_64-linux-gnu/crti.o
                0x0000000000032434                _fini
 .fini          0x000000000003243c        0x5 /usr/lib/gcc/x86_64-linux-gnu/11/../../../x86_64-linux-gnu/crtn.o
                [!provide]                        PROVIDE (__etext = .)
                [!provide]                        PROVIDE (_etext = .)
                [!provide]                        PROVIDE (etext = .)
                0x0000000000033000                . = ALIGN (CONSTANT (MAXPAGESIZE))
                0x0000000000033000                . = SEGMENT_START ("rodata-segment", (ALIGN (CONSTANT (MAXPAGESIZE)) + (. & (CONSTANT (MAXPAGESIZE) - 0x1))))

.rodata         0x0000000000033000      0xd75
 *(.rodata .rodata.* .gnu.linkonce.r.*)
 .rodata        0x0000000000033000      0x2b0 mqtt-client.o
 .rodata        0x00000000000332b0        0x6 build/cooja/contiki-ng-cooja.a(leds-arch.o)
                0x00000000000332b0                leds_arch_leds
 .rodata        0x00000000000332b6        0x4 build/cooja/contiki-ng-cooja.a(pir-sensor.o)
 .rodata        0x00000000000332ba        0x3 build/cooja/contiki-ng-cooja.a(rs232.o)
 .rodata        0x00000000000332bd        0xa build/cooja/contiki-ng-cooja.a(vib-sensor.o)
 *fill*         0x00000000000332c7        0x1 
 .rodata        0x00000000000332c8       0x26 build/cooja/contiki-ng-cooja.a(cfs-cooja.o)
 *fill*         0x00000000000332ee        0x2 
 .rodata        0x00000000000332f0       0x68 build/cooja/contiki-ng-cooja.a(cooja-radio.o)
 .rodata        0x0000000000033358        0x8 build/cooja/contiki-ng-cooja.a(sensors.o)
 .rodata        0x0000000000033360       0x14 build/cooja/contiki-ng-cooja.a(buttons.o)
                0x000000000003336c                button_hal_button_count
 .rodata        0x0000000000033374      0x29c build/cooja/contiki-ng-cooja.a(mqtt.o)
 .rodata        0x0000000000033610       0xec build/cooja/contiki-ng-cooja.a(contiki-main.o)
 .rodata        0x00000000000336fc        0xf build/cooja/contiki-ng-cooja.a(ctimer.o)
 .rodata        0x000000000003370b        0xc build/cooja/contiki-ng-cooja.a(etimer.o)
 *fill*         0x0000000000033717        0x1 
 .rodata        0x0000000000033718       0xc0 build/cooja/contiki-ng-cooja.a(log.o)
 .rodata        0x00000000000337d8       0x13 build/cooja/contiki-ng-cooja.a(button-hal.o)
 .rodata        0x00000000000337eb        0xe build/cooja/contiki-ng-cooja.a(serial-line.o)
 *fill*         0x00000000000337f9        0x7 
 .rodata        0x0000000000033800        0x8 build/cooja/contiki-ng-cooja.a(linkaddr.o)
                0x0000000000033800                linkaddr_null
 *fill*         0x0000000000033808        0x8 
 .rodata        0x0000000000033810      0x280 build/cooja/contiki-ng-cooja.a(strformat.o)
 .rodata        0x0000000000033a90        0x5 build/cooja/contiki-ng-cooja.a(csma.o)
 .rodata        0x0000000000033a95       0x1d build/cooja/contiki-ng-cooja.a(sicslowpan.o)
                0x0000000000033a95                unc_llconf
                0x0000000000033a99                unc_ctxconf
                0x0000000000033a9d                unc_mxconf
                0x0000000000033aa1                llprefix
 .rodata        0x0000000000033ab2       0x13 build/cooja/contiki-ng-cooja.a(tcp-socket.o)
 .rodata        0x0000000000033ac5        0xd build/cooja/contiki-ng-cooja.a(tcpip.o)
 *fill*         0x0000000000033ad2        0x6 
 .rodata        0x0000000000033ad8       0x4c build/cooja/contiki-ng-cooja.a(uip-ds6-route.o)
 .rodata        0x0000000000033b24       0x48 build/cooja/contiki-ng-cooja.a(uip6.o)
 .rodata        0x0000000000033b6c       0x2d build/cooja/contiki-ng-cooja.a(uiplib.o)
 .rodata        0x0000000000033b99        0x9 build/cooja/contiki-ng-cooja.a(rpl.o)
 *fill*         0x0000000000033ba2        0x6 
 .rodata        0x0000000000033ba8       0x24 build/cooja/contiki-ng-cooja.a(csma-output.o)
 .rodata        0x0000000000033bcc       0x44 build/cooja/contiki-ng-cooja.a(uip-sr.o)
 .rodata        0x0000000000033c10       0xd7 build/cooja/contiki-ng-cooja.a(rpl-dag.o)
 *fill*         0x0000000000033ce7        0x1 
 .rodata        0x0000000000033ce8       0x58 build/cooja/contiki-ng-cooja.a(rpl-neighbor.o)
 .rodata        0x0000000000033d40        0xc build/cooja/contiki-ng-cooja.a(rpl-timers.o)
 *fill*         0x0000000000033d4c        0x4 
 .rodata        0x0000000000033d50       0x25 build/cooja/contiki-ng-cooja.a(assert.o)

.rodata1
 *(.rodata1)

.eh_frame_hdr   0x0000000000033d78     0x18ec
 *(.eh_frame_hdr)
 .eh_frame_hdr  0x0000000000033d78     0x18ec mqtt-client.o
                0x0000000000033d78                __GNU_EH_FRAME_HDR
 *(.eh_frame_entry .eh_frame_entry.*)

.eh_frame       0x0000000000035668     0x6418
 *(.eh_frame)
 .eh_frame      0x0000000000035668       0x40 /usr/lib/gcc/x86_64-linux-gnu/11/../../../x86_64-linux-gnu/crti.o
 .eh_frame      0x00000000000356a8       0x18 /usr/lib/gcc/x86_64-linux-gnu/11/../../../x86_64-linux-gnu/crti.o
                                         0x30 (size before relaxing)
 .eh_frame      0x00000000000356c0       0x18 /usr/lib/gcc/x86_64-linux-gnu/11/../../../x86_64-linux-gnu/crti.o
                                         0x30 (size before relaxing)
 .eh_frame      0x00000000000356d8       0x88 mqtt-client.o
                                         0xa0 (size before relaxing)
 .eh_frame      0x0000000000035760      0x198 build/cooja/mtype953034533.o
                                        0x1b0 (size before relaxing)
 .eh_frame      0x00000000000358f8       0x40 build/cooja/contiki-ng-cooja.a(simEnvChange.o)
                                         0x58 (size before relaxing)
 .eh_frame      0x0000000000035938       0x60 build/cooja/contiki-ng-cooja.a(cooja_mt.o)
                                         0x78 (size before relaxing)
 .eh_frame      0x0000000000035998       0x80 build/cooja/contiki-ng-cooja.a(cooja_mtarch.o)
                                         0x98 (size before relaxing)
 .eh_frame      0x0000000000035a18       0xc0 build/cooja/contiki-ng-cooja.a(rtimer-arch.o)
                                         0xd8 (size before relaxing)
 .eh_frame      0x0000000000035ad8      0x160 build/cooja/contiki-ng-cooja.a(beep.o)
                                        0x178 (size before relaxing)
 .eh_frame      0x0000000000035c38       0x80 build/cooja/contiki-ng-cooja.a(leds-arch.o)
                                         0x98 (size before relaxing)
 .eh_frame      0x0000000000035cb8       0x40 build/cooja/contiki-ng-cooja.a(moteid.o)
                                         0x58 (size before relaxing)
 .eh_frame      0x0000000000035cf8       0xa0 build/cooja/contiki-ng-cooja.a(pir-sensor.o)
                                         0xb8 (size before relaxing)
 .eh_frame      0x0000000000035d98      0x100 build/cooja/contiki-ng-cooja.a(rs232.o)
                                        0x118 (size before relaxing)
 .eh_frame      0x0000000000035e98       0xa0 build/cooja/contiki-ng-cooja.a(vib-sensor.o)
                                         0xb8 (size before relaxing)
 .eh_frame      0x0000000000035f38       0xc0 build/cooja/contiki-ng-cooja.a(clock.o)
                                         0xd8 (size before relaxing)
 .eh_frame      0x0000000000035ff8      0x100 build/cooja/contiki-ng-cooja.a(cooja-log.o)
                                        0x118 (size before relaxing)
 .eh_frame      0x00000000000360f8      0x160 build/cooja/contiki-ng-cooja.a(cfs-cooja.o)
                                        0x178 (size before relaxing)
 .eh_frame      0x0000000000036258      0x360 build/cooja/contiki-ng-cooja.a(cooja-radio.o)
                                        0x378 (size before relaxing)
 .eh_frame      0x00000000000365b8       0xa0 build/cooja/contiki-ng-cooja.a(eeprom.o)
                                         0xb8 (size before relaxing)
 .eh_frame      0x0000000000036658       0x40 build/cooja/contiki-ng-cooja.a(random.o)
                                         0x58 (size before relaxing)
 .eh_frame      0x0000000000036698       0xc0 build/cooja/contiki-ng-cooja.a(sensors.o)
                                         0xd8 (size before relaxing)
 .eh_frame      0x0000000000036758      0x120 build/cooja/contiki-ng-cooja.a(leds.o)
                                        0x138 (size before relaxing)
 .eh_frame      0x0000000000036878      0x220 build/cooja/contiki-ng-cooja.a(gpio-hal-arch.o)
                                        0x238 (size before relaxing)
 .eh_frame      0x0000000000036a98       0xa0 build/cooja/contiki-ng-cooja.a(buttons.o)
                                         0xb8 (size before relaxing)
 .eh_frame      0x0000000000036b38      0x4e0 build/cooja/contiki-ng-cooja.a(mqtt.o)
                                        0x4f8 (size before relaxing)
 .eh_frame      0x0000000000037018       0x20 build/cooja/contiki-ng-cooja.a(contiki-main.o)
                                         0x38 (size before relaxing)
 .eh_frame      0x0000000000037038       0x40 build/cooja/contiki-ng-cooja.a(autostart.o)
                                         0x58 (size before relaxing)
 .eh_frame      0x0000000000037078      0x100 build/cooja/contiki-ng-cooja.a(ctimer.o)
                                        0x118 (size before relaxing)
 .eh_frame      0x0000000000037178       0x60 build/cooja/contiki-ng-cooja.a(energest.o)
                                         0x78 (size before relaxing)
 .eh_frame      0x00000000000371d8      0x1e0 build/cooja/contiki-ng-cooja.a(etimer.o)
                                        0x1f8 (size before relaxing)
 .eh_frame      0x00000000000373b8      0x120 build/cooja/contiki-ng-cooja.a(log.o)
                                        0x138 (size before relaxing)
 .eh_frame      0x00000000000374d8       0x20 build/cooja/contiki-ng-cooja.a(node-id.o)
                                         0x38 (size before relaxing)
 .eh_frame      0x00000000000374f8      0x1c8 build/cooja/contiki-ng-cooja.a(process.o)
                                        0x1e0 (size before relaxing)
 .eh_frame      0x00000000000376c0       0x60 build/cooja/contiki-ng-cooja.a(rtimer.o)
                                         0x78 (size before relaxing)
 .eh_frame      0x0000000000037720       0xa0 build/cooja/contiki-ng-cooja.a(timer.o)
                                         0xb8 (size before relaxing)
 .eh_frame      0x00000000000377c0      0x1a0 build/cooja/contiki-ng-cooja.a(list.o)
                                        0x1b8 (size before relaxing)
 .eh_frame      0x0000000000037960      0x160 build/cooja/contiki-ng-cooja.a(button-hal.o)
                                        0x178 (size before relaxing)
 .eh_frame      0x0000000000037ac0       0xe0 build/cooja/contiki-ng-cooja.a(gpio-hal.o)
                                         0xf8 (size before relaxing)
 .eh_frame      0x0000000000037ba0       0x60 build/cooja/contiki-ng-cooja.a(serial-line.o)
                                         0x78 (size before relaxing)
 .eh_frame      0x0000000000037c00       0x60 build/cooja/contiki-ng-cooja.a(linkaddr.o)
                                         0x78 (size before relaxing)
 .eh_frame      0x0000000000037c60       0x80 build/cooja/contiki-ng-cooja.a(netstack.o)
                                         0x98 (size before relaxing)
 .eh_frame      0x0000000000037ce0      0x288 build/cooja/contiki-ng-cooja.a(packetbuf.o)
                                        0x2a0 (size before relaxing)
 .eh_frame      0x0000000000037f68      0x1a0 build/cooja/contiki-ng-cooja.a(queuebuf.o)
                                        0x1b8 (size before relaxing)
 .eh_frame      0x0000000000038108       0x40 build/cooja/contiki-ng-cooja.a(printf.o)
                                         0x58 (size before relaxing)
 .eh_frame      0x0000000000038148       0x20 build/cooja/contiki-ng-cooja.a(putchar.o)
                                         0x38 (size before relaxing)
 .eh_frame      0x0000000000038168       0x20 build/cooja/contiki-ng-cooja.a(puts.o)
                                         0x38 (size before relaxing)
 .eh_frame      0x0000000000038188       0x60 build/cooja/contiki-ng-cooja.a(snprintf.o)
                                         0x78 (size before relaxing)
 .eh_frame      0x00000000000381e8       0x40 build/cooja/contiki-ng-cooja.a(sprintf.o)
                                         0x58 (size before relaxing)
 .eh_frame      0x0000000000038228      0x120 build/cooja/contiki-ng-cooja.a(strformat.o)
                                        0x138 (size before relaxing)
 .eh_frame      0x0000000000038348       0xe0 build/cooja/contiki-ng-cooja.a(csma.o)
                                         0xf8 (size before relaxing)
 .eh_frame      0x0000000000038428      0x2e0 build/cooja/contiki-ng-cooja.a(sicslowpan.o)
                                        0x2f8 (size before relaxing)
 .eh_frame      0x0000000000038708      0x248 build/cooja/contiki-ng-cooja.a(tcp-socket.o)
                                        0x260 (size before relaxing)
 .eh_frame      0x0000000000038950      0x308 build/cooja/contiki-ng-cooja.a(tcpip.o)
                                        0x320 (size before relaxing)
 .eh_frame      0x0000000000038c58      0x1c0 build/cooja/contiki-ng-cooja.a(uip-ds6-nbr.o)
                                        0x1d8 (size before relaxing)
 .eh_frame      0x0000000000038e18      0x240 build/cooja/contiki-ng-cooja.a(uip-ds6-route.o)
                                        0x258 (size before relaxing)
 .eh_frame      0x0000000000039058      0x328 build/cooja/contiki-ng-cooja.a(uip-ds6.o)
                                        0x340 (size before relaxing)
 .eh_frame      0x0000000000039380       0xe0 build/cooja/contiki-ng-cooja.a(uip-packetqueue.o)
                                         0xf8 (size before relaxing)
 .eh_frame      0x0000000000039460      0x2b0 build/cooja/contiki-ng-cooja.a(uip6.o)
                                        0x2c8 (size before relaxing)
 .eh_frame      0x0000000000039710      0x200 build/cooja/contiki-ng-cooja.a(uipbuf.o)
                                        0x218 (size before relaxing)
 .eh_frame      0x0000000000039910       0x80 build/cooja/contiki-ng-cooja.a(uiplib.o)
                                         0x98 (size before relaxing)
 .eh_frame      0x0000000000039990      0x1e0 build/cooja/contiki-ng-cooja.a(rpl.o)
                                        0x1f8 (size before relaxing)
 .eh_frame      0x0000000000039b70       0xa0 build/cooja/contiki-ng-cooja.a(watchdog.o)
                                         0xb8 (size before relaxing)
 .eh_frame      0x0000000000039c10       0x80 build/cooja/contiki-ng-cooja.a(int-master.o)
                                         0x98 (size before relaxing)
 .eh_frame      0x0000000000039c90       0xc0 build/cooja/contiki-ng-cooja.a(stimer.o)
                                         0xd8 (size before relaxing)
 .eh_frame      0x0000000000039d50       0xa0 build/cooja/contiki-ng-cooja.a(memb.o)
                                         0xb8 (size before relaxing)
 .eh_frame      0x0000000000039df0       0xa0 build/cooja/contiki-ng-cooja.a(ringbuf.o)
                                         0xb8 (size before relaxing)
 .eh_frame      0x0000000000039e90      0x120 build/cooja/contiki-ng-cooja.a(link-stats.o)
                                        0x138 (size before relaxing)
 .eh_frame      0x0000000000039fb0      0x3e0 build/cooja/contiki-ng-cooja.a(nbr-table.o)
                                        0x3f8 (size before relaxing)
 .eh_frame      0x000000000003a390       0x48 build/cooja/contiki-ng-cooja.a(mac-sequence.o)
                                         0x60 (size before relaxing)
 .eh_frame      0x000000000003a3d8       0xa8 build/cooja/contiki-ng-cooja.a(framer-802154.o)
                                         0xc0 (size before relaxing)
 .eh_frame      0x000000000003a480      0x1c8 build/cooja/contiki-ng-cooja.a(csma-output.o)
                                        0x1e0 (size before relaxing)
 .eh_frame      0x000000000003a648       0x40 build/cooja/contiki-ng-cooja.a(csma-security.o)
                                         0x58 (size before relaxing)
 .eh_frame      0x000000000003a688      0x148 build/cooja/contiki-ng-cooja.a(uip-icmp6.o)
                                        0x160 (size before relaxing)
 .eh_frame      0x000000000003a7d0       0x80 build/cooja/contiki-ng-cooja.a(uip-nd6.o)
                                         0x98 (size before relaxing)
 .eh_frame      0x000000000003a850      0x180 build/cooja/contiki-ng-cooja.a(uip-sr.o)
                                        0x198 (size before relaxing)
 .eh_frame      0x000000000003a9d0       0xa0 build/cooja/contiki-ng-cooja.a(rpl-dag-root.o)
                                         0xb8 (size before relaxing)
 .eh_frame      0x000000000003aa70      0x360 build/cooja/contiki-ng-cooja.a(rpl-dag.o)
                                        0x378 (size before relaxing)
 .eh_frame      0x000000000003add0      0x128 build/cooja/contiki-ng-cooja.a(rpl-ext-header.o)
                                        0x140 (size before relaxing)
 .eh_frame      0x000000000003aef8      0x1c0 build/cooja/contiki-ng-cooja.a(rpl-icmp6.o)
                                        0x1d8 (size before relaxing)
 .eh_frame      0x000000000003b0b8      0x148 build/cooja/contiki-ng-cooja.a(rpl-mrhof.o)
                                        0x160 (size before relaxing)
 .eh_frame      0x000000000003b200       0x40 build/cooja/contiki-ng-cooja.a(rpl-nbr-policy.o)
                                         0x58 (size before relaxing)
 .eh_frame      0x000000000003b240      0x2b0 build/cooja/contiki-ng-cooja.a(rpl-neighbor.o)
                                        0x2c8 (size before relaxing)
 .eh_frame      0x000000000003b4f0      0x3a8 build/cooja/contiki-ng-cooja.a(rpl-timers.o)
                                        0x3c0 (size before relaxing)
 .eh_frame      0x000000000003b898       0x20 build/cooja/contiki-ng-cooja.a(assert.o)
                                         0x38 (size before relaxing)
 .eh_frame      0x000000000003b8b8       0x20 build/cooja/contiki-ng-cooja.a(mac.o)
                                         0x38 (size before relaxing)
 .eh_frame      0x000000000003b8d8      0x1a4 build/cooja/contiki-ng-cooja.a(frame802154.o)
                                        0x1c0 (size before relaxing)
 .eh_frame      0x000000000003ba7c        0x4 /usr/lib/gcc/x86_64-linux-gnu/11/crtendS.o
 *(.eh_frame.*)

.gcc_except_table
 *(.gcc_except_table .gcc_except_table.*)

.gnu_extab
 *(.gnu_extab*)

.exception_ranges
 *(.exception_ranges*)
                0x000000000003d6d0                . = DATA_SEGMENT_ALIGN (CONSTANT (MAXPAGESIZE), CONSTANT (COMMONPAGESIZE))

.eh_frame
 *(.eh_frame)
 *(.eh_frame.*)

.gnu_extab
 *(.gnu_extab)

.gcc_except_table
 *(.gcc_except_table .gcc_except_table.*)

.exception_ranges
 *(.exception_ranges*)

.tdata
 *(.tdata .tdata.* .gnu.linkonce.td.*)

.tbss
 *(.tbss .tbss.* .gnu.linkonce.tb.*)
 *(.tcommon)

.preinit_array
 *(.preinit_array)

.init_array     0x000000000003d6d0        0x8
 *(SORT_BY_INIT_PRIORITY(.init_array.*) SORT_BY_INIT_PRIORITY(.ctors.*))
 *(.init_array EXCLUDE_FILE(*crtend?.o *crtend.o *crtbegin?.o *crtbegin.o) .ctors)
 .init_array    0x000000000003d6d0        0x8 /usr/lib/gcc/x86_64-linux-gnu/11/crtbeginS.o

.fini_array     0x000000000003d6d8        0x8
 *(SORT_BY_INIT_PRIORITY(.fini_array.*) SORT_BY_INIT_PRIORITY(.dtors.*))
 *(.fini_array EXCLUDE_FILE(*crtend?.o *crtend.o *crtbegin?.o *crtbegin.o) .dtors)
 .fini_array    0x000000000003d6d8        0x8 /usr/lib/gcc/x86_64-linux-gnu/11/crtbeginS.o

.ctors
 *crtbegin.o(.ctors)
 *crtbegin?.o(.ctors)
 *(EXCLUDE_FILE(*crtend?.o *crtend.o) .ctors)
 *(SORT_BY_NAME(.ctors.*))
 *(.ctors)

.dtors
 *crtbegin.o(.dtors)
 *crtbegin?.o(.dtors)
 *(EXCLUDE_FILE(*crtend?.o *crtend.o) .dtors)
 *(SORT_BY_NAME(.dtors.*))
 *(.dtors)

.jcr
 *(.jcr)

.data.rel.ro    0x000000000003d6e0      0x350
 *(.data.rel.ro.local* .gnu.linkonce.d.rel.ro.local.*)
 .data.rel.ro.local
                0x000000000003d6e0       0x10 build/cooja/contiki-ng-cooja.a(beep.o)
                0x000000000003d6e0                beep_interface
 .data.rel.ro.local
                0x000000000003d6f0       0x10 build/cooja/contiki-ng-cooja.a(leds-arch.o)
                0x000000000003d6f0                leds_interface
 .data.rel.ro.local
                0x000000000003d700       0x10 build/cooja/contiki-ng-cooja.a(moteid.o)
                0x000000000003d700                moteid_interface
 *fill*         0x000000000003d710       0x10 
 .data.rel.ro.local
                0x000000000003d720       0x40 build/cooja/contiki-ng-cooja.a(pir-sensor.o)
                0x000000000003d720                pir_interface
                0x000000000003d740                pir_sensor
 .data.rel.ro.local
                0x000000000003d760       0x10 build/cooja/contiki-ng-cooja.a(rs232.o)
                0x000000000003d760                rs232_interface
 *fill*         0x000000000003d770       0x10 
 .data.rel.ro.local
                0x000000000003d780       0x40 build/cooja/contiki-ng-cooja.a(vib-sensor.o)
                0x000000000003d780                vib_interface
                0x000000000003d7a0                vib_sensor
 .data.rel.ro.local
                0x000000000003d7c0       0x10 build/cooja/contiki-ng-cooja.a(clock.o)
                0x000000000003d7c0                clock_interface
 .data.rel.ro.local
                0x000000000003d7d0       0x10 build/cooja/contiki-ng-cooja.a(cooja-log.o)
                0x000000000003d7d0                simlog_interface
 .data.rel.ro.local
                0x000000000003d7e0       0x10 build/cooja/contiki-ng-cooja.a(cfs-cooja.o)
                0x000000000003d7e0                cfs_interface
 *fill*         0x000000000003d7f0       0x10 
 .data.rel.ro.local
                0x000000000003d800       0x90 build/cooja/contiki-ng-cooja.a(cooja-radio.o)
                0x000000000003d800                radio_interface
                0x000000000003d820                cooja_radio_driver
 .data.rel.ro.local
                0x000000000003d890       0x10 build/cooja/contiki-ng-cooja.a(eeprom.o)
                0x000000000003d890                eeprom_interface
 .data.rel.ro.local
                0x000000000003d8a0       0x40 build/cooja/contiki-ng-cooja.a(buttons.o)
                0x000000000003d8a0                button_interface
                0x000000000003d8c0                button_sensor
 .data.rel.ro.local
                0x000000000003d8e0       0x38 build/cooja/contiki-ng-cooja.a(csma.o)
                0x000000000003d8e0                csma_driver
 *fill*         0x000000000003d918        0x8 
 .data.rel.ro.local
                0x000000000003d920       0x18 build/cooja/contiki-ng-cooja.a(framer-802154.o)
                0x000000000003d920                framer_802154
 *(.data.rel.ro .data.rel.ro.* .gnu.linkonce.d.rel.ro.*)
 .data.rel.ro   0x000000000003d938        0x0 /usr/lib/gcc/x86_64-linux-gnu/11/../../../x86_64-linux-gnu/crti.o
 *fill*         0x000000000003d938        0x8 
 .data.rel.ro   0x000000000003d940       0x10 mqtt-client.o
                0x000000000003d940                autostart_processes
 *fill*         0x000000000003d950       0x10 
 .data.rel.ro   0x000000000003d960       0x20 build/cooja/contiki-ng-cooja.a(sicslowpan.o)
                0x000000000003d960                sicslowpan_driver
 .data.rel.ro   0x000000000003d980       0xa8 build/cooja/contiki-ng-cooja.a(rpl.o)
                0x000000000003d980                rpl_lite_driver
 .data.rel.ro   0x000000000003da28        0x8 build/cooja/contiki-ng-cooja.a(rpl-dag.o)

.dynamic        0x000000000003da30      0x1c0
 *(.dynamic)
 .dynamic       0x000000000003da30      0x1c0 /usr/lib/gcc/x86_64-linux-gnu/11/../../../x86_64-linux-gnu/crti.o
                0x000000000003da30                _DYNAMIC

.got            0x000000000003dbf0      0x400
 *(.got)
 .got           0x000000000003dbf0      0x400 /usr/lib/gcc/x86_64-linux-gnu/11/../../../x86_64-linux-gnu/crti.o
 *(.igot)
                0x000000000003efe8                . = DATA_SEGMENT_RELRO_END (., (SIZEOF (.got.plt) >= 0x18)?0x18:0x0)

.got.plt        0x000000000003e000      0xbb8
 *(.got.plt)
 .got.plt       0x000000000003e000      0xbb8 /usr/lib/gcc/x86_64-linux-gnu/11/../../../x86_64-linux-gnu/crti.o
                0x000000000003e000                _GLOBAL_OFFSET_TABLE_
 *(.igot.plt)

.data           0x000000000003ebc0      0x812
 *(.data .data.* .gnu.linkonce.d.*)
 .data          0x000000000003ebc0        0x0 /usr/lib/gcc/x86_64-linux-gnu/11/../../../x86_64-linux-gnu/crti.o
 .data          0x000000000003ebc0        0x0 /usr/lib/gcc/x86_64-linux-gnu/11/crtbeginS.o
 .data.rel.local
                0x000000000003ebc0        0x8 /usr/lib/gcc/x86_64-linux-gnu/11/crtbeginS.o
                0x000000000003ebc0                __dso_handle
 .data          0x000000000003ebc8        0x4 mqtt-client.o
 *fill*         0x000000000003ebcc       0x14 
 .data.rel.local
                0x000000000003ebe0       0x40 mqtt-client.o
                0x000000000003ec00                mqtt_client_process
 .data          0x000000000003ec20        0x0 build/cooja/mtype953034533.o
 .data.rel      0x000000000003ec20       0xa0 build/cooja/mtype953034533.o
                0x000000000003ec20                simInterfaces
                0x000000000003eca0                sensors
 .data          0x000000000003ecc0        0x0 build/cooja/contiki-ng-cooja.a(simEnvChange.o)
 .data          0x000000000003ecc0        0x0 build/cooja/contiki-ng-cooja.a(cooja_mt.o)
 .data          0x000000000003ecc0        0x0 build/cooja/contiki-ng-cooja.a(cooja_mtarch.o)
 .data          0x000000000003ecc0        0x0 build/cooja/contiki-ng-cooja.a(rtimer-arch.o)
 .data          0x000000000003ecc0        0x0 build/cooja/contiki-ng-cooja.a(beep.o)
 .data          0x000000000003ecc0        0x0 build/cooja/contiki-ng-cooja.a(leds-arch.o)
 .data          0x000000000003ecc0        0x0 build/cooja/contiki-ng-cooja.a(moteid.o)
 .data          0x000000000003ecc0        0x0 build/cooja/contiki-ng-cooja.a(pir-sensor.o)
 .data          0x000000000003ecc0        0x0 build/cooja/contiki-ng-cooja.a(rs232.o)
 .data          0x000000000003ecc0        0x0 build/cooja/contiki-ng-cooja.a(vib-sensor.o)
 .data          0x000000000003ecc0        0x0 build/cooja/contiki-ng-cooja.a(clock.o)
 .data          0x000000000003ecc0        0x0 build/cooja/contiki-ng-cooja.a(cooja-log.o)
 .data          0x000000000003ecc0        0x0 build/cooja/contiki-ng-cooja.a(cfs-cooja.o)
 .data          0x000000000003ecc0       0x20 build/cooja/contiki-ng-cooja.a(cooja-radio.o)
                0x000000000003ecc0                simRadioHWOn
                0x000000000003ecc4                simSignalStrength
                0x000000000003ecc8                simLastSignalStrength
                0x000000000003eccc                simPower
                0x000000000003ecd0                simRadioChannel
                0x000000000003ecd4                simLQI
                0x000000000003ecd8                simLastLQI
 .data.rel.local
                0x000000000003ece0       0x20 build/cooja/contiki-ng-cooja.a(cooja-radio.o)
                0x000000000003ece0                cooja_radio_process
 .data          0x000000000003ed00        0x0 build/cooja/contiki-ng-cooja.a(eeprom.o)
 .data          0x000000000003ed00        0x0 build/cooja/contiki-ng-cooja.a(random.o)
 .data          0x000000000003ed00        0x0 build/cooja/contiki-ng-cooja.a(sensors.o)
 .data.rel.local
                0x000000000003ed00       0x20 build/cooja/contiki-ng-cooja.a(sensors.o)
                0x000000000003ed00                sensors_process
 .data          0x000000000003ed20        0x0 build/cooja/contiki-ng-cooja.a(leds.o)
 .data          0x000000000003ed20        0x0 build/cooja/contiki-ng-cooja.a(gpio-hal-arch.o)
 .data          0x000000000003ed20        0x1 build/cooja/contiki-ng-cooja.a(buttons.o)
                0x000000000003ed20                simButtonIsActive
 *fill*         0x000000000003ed21       0x1f 
 .data.rel.local
                0x000000000003ed40       0xb0 build/cooja/contiki-ng-cooja.a(buttons.o)
                0x000000000003ede0                button_hal_buttons
 .data          0x000000000003edf0        0x0 build/cooja/contiki-ng-cooja.a(mqtt.o)
 *fill*         0x000000000003edf0       0x10 
 .data.rel.local
                0x000000000003ee00       0x40 build/cooja/contiki-ng-cooja.a(mqtt.o)
                0x000000000003ee20                mqtt_process
 .data          0x000000000003ee40        0x0 build/cooja/contiki-ng-cooja.a(contiki-main.o)
 .data          0x000000000003ee40        0x0 build/cooja/contiki-ng-cooja.a(autostart.o)
 .data          0x000000000003ee40        0x0 build/cooja/contiki-ng-cooja.a(ctimer.o)
 .data.rel.local
                0x000000000003ee40       0x40 build/cooja/contiki-ng-cooja.a(ctimer.o)
                0x000000000003ee60                ctimer_process
 .data          0x000000000003ee80        0x0 build/cooja/contiki-ng-cooja.a(energest.o)
 .data          0x000000000003ee80        0x0 build/cooja/contiki-ng-cooja.a(etimer.o)
 .data.rel.local
                0x000000000003ee80       0x20 build/cooja/contiki-ng-cooja.a(etimer.o)
                0x000000000003ee80                etimer_process
 .data          0x000000000003eea0        0x4 build/cooja/contiki-ng-cooja.a(log.o)
                0x000000000003eea0                curr_log_level_main
 *fill*         0x000000000003eea4       0x1c 
 .data.rel      0x000000000003eec0      0x138 build/cooja/contiki-ng-cooja.a(log.o)
                0x000000000003eec0                all_modules
 .data          0x000000000003eff8        0x0 build/cooja/contiki-ng-cooja.a(node-id.o)
 .data          0x000000000003eff8        0x0 build/cooja/contiki-ng-cooja.a(process.o)
 .data          0x000000000003eff8        0x0 build/cooja/contiki-ng-cooja.a(rtimer.o)
 .data          0x000000000003eff8        0x0 build/cooja/contiki-ng-cooja.a(timer.o)
 .data          0x000000000003eff8        0x0 build/cooja/contiki-ng-cooja.a(list.o)
 .data          0x000000000003eff8        0x0 build/cooja/contiki-ng-cooja.a(button-hal.o)
 *fill*         0x000000000003eff8        0x8 
 .data.rel.local
                0x000000000003f000       0x20 build/cooja/contiki-ng-cooja.a(button-hal.o)
                0x000000000003f000                button_hal_process
 .data          0x000000000003f020        0x0 build/cooja/contiki-ng-cooja.a(gpio-hal.o)
 .data.rel.local
                0x000000000003f020        0x8 build/cooja/contiki-ng-cooja.a(gpio-hal.o)
 .data          0x000000000003f028        0x0 build/cooja/contiki-ng-cooja.a(serial-line.o)
 *fill*         0x000000000003f028       0x18 
 .data.rel.local
                0x000000000003f040       0x20 build/cooja/contiki-ng-cooja.a(serial-line.o)
                0x000000000003f040                serial_line_process
 .data          0x000000000003f060        0x0 build/cooja/contiki-ng-cooja.a(linkaddr.o)
 .data          0x000000000003f060        0x0 build/cooja/contiki-ng-cooja.a(netstack.o)
 .data.rel.local
                0x000000000003f060        0x8 build/cooja/contiki-ng-cooja.a(netstack.o)
 .data          0x000000000003f068        0x0 build/cooja/contiki-ng-cooja.a(packetbuf.o)
 .data.rel.local
                0x000000000003f068        0x8 build/cooja/contiki-ng-cooja.a(packetbuf.o)
 .data          0x000000000003f070        0x0 build/cooja/contiki-ng-cooja.a(queuebuf.o)
 .data.rel.local
                0x000000000003f070       0x38 build/cooja/contiki-ng-cooja.a(queuebuf.o)
 .data          0x000000000003f0a8        0x0 build/cooja/contiki-ng-cooja.a(printf.o)
 *fill*         0x000000000003f0a8        0x8 
 .data.rel.local
                0x000000000003f0b0       0x10 build/cooja/contiki-ng-cooja.a(printf.o)
 .data          0x000000000003f0c0        0x0 build/cooja/contiki-ng-cooja.a(putchar.o)
 .data          0x000000000003f0c0        0x0 build/cooja/contiki-ng-cooja.a(puts.o)
 .data          0x000000000003f0c0        0x0 build/cooja/contiki-ng-cooja.a(snprintf.o)
 .data          0x000000000003f0c0        0x0 build/cooja/contiki-ng-cooja.a(sprintf.o)
 .data          0x000000000003f0c0        0x0 build/cooja/contiki-ng-cooja.a(strformat.o)
 .data          0x000000000003f0c0        0x0 build/cooja/contiki-ng-cooja.a(csma.o)
 .data          0x000000000003f0c0        0x0 build/cooja/contiki-ng-cooja.a(sicslowpan.o)
 .data          0x000000000003f0c0        0x0 build/cooja/contiki-ng-cooja.a(tcp-socket.o)
 .data.rel.local
                0x000000000003f0c0       0x40 build/cooja/contiki-ng-cooja.a(tcp-socket.o)
                0x000000000003f0e0                tcp_socket_process
 .data          0x000000000003f100        0x0 build/cooja/contiki-ng-cooja.a(tcpip.o)
 .data.rel.local
                0x000000000003f100       0x20 build/cooja/contiki-ng-cooja.a(tcpip.o)
                0x000000000003f100                tcpip_process
 .data          0x000000000003f120        0x0 build/cooja/contiki-ng-cooja.a(uip-ds6-nbr.o)
 .data.rel.local
                0x000000000003f120       0x20 build/cooja/contiki-ng-cooja.a(uip-ds6-nbr.o)
 .data          0x000000000003f140        0x0 build/cooja/contiki-ng-cooja.a(uip-ds6-route.o)
 .data.rel.local
                0x000000000003f140       0x28 build/cooja/contiki-ng-cooja.a(uip-ds6-route.o)
 .data          0x000000000003f168        0x0 build/cooja/contiki-ng-cooja.a(uip-ds6.o)
 .data          0x000000000003f168        0x0 build/cooja/contiki-ng-cooja.a(uip-packetqueue.o)
 *fill*         0x000000000003f168        0x8 
 .data.rel.local
                0x000000000003f170       0x18 build/cooja/contiki-ng-cooja.a(uip-packetqueue.o)
 .data          0x000000000003f188        0x0 build/cooja/contiki-ng-cooja.a(uip6.o)
 .data          0x000000000003f188        0x0 build/cooja/contiki-ng-cooja.a(uipbuf.o)
 .data          0x000000000003f188        0x0 build/cooja/contiki-ng-cooja.a(uiplib.o)
 .data          0x000000000003f188        0x0 build/cooja/contiki-ng-cooja.a(rpl.o)
 .data          0x000000000003f188        0x0 build/cooja/contiki-ng-cooja.a(watchdog.o)
 .data          0x000000000003f188        0x0 build/cooja/contiki-ng-cooja.a(int-master.o)
 .data          0x000000000003f188        0x0 build/cooja/contiki-ng-cooja.a(stimer.o)
 .data          0x000000000003f188        0x0 build/cooja/contiki-ng-cooja.a(memb.o)
 .data          0x000000000003f188        0x0 build/cooja/contiki-ng-cooja.a(ringbuf.o)
 .data          0x000000000003f188        0x0 build/cooja/contiki-ng-cooja.a(link-stats.o)
 *fill*         0x000000000003f188        0x8 
 .data.rel.local
                0x000000000003f190       0x20 build/cooja/contiki-ng-cooja.a(link-stats.o)
 .data          0x000000000003f1b0        0x0 build/cooja/contiki-ng-cooja.a(nbr-table.o)
 .data.rel.local
                0x000000000003f1b0       0x20 build/cooja/contiki-ng-cooja.a(nbr-table.o)
 .data          0x000000000003f1d0        0x0 build/cooja/contiki-ng-cooja.a(mac-sequence.o)
 .data          0x000000000003f1d0        0x0 build/cooja/contiki-ng-cooja.a(framer-802154.o)
 .data          0x000000000003f1d0        0x0 build/cooja/contiki-ng-cooja.a(csma-output.o)
 .data.rel.local
                0x000000000003f1d0       0x60 build/cooja/contiki-ng-cooja.a(csma-output.o)
 .data          0x000000000003f230        0x0 build/cooja/contiki-ng-cooja.a(csma-security.o)
 .data          0x000000000003f230        0x0 build/cooja/contiki-ng-cooja.a(uip-icmp6.o)
 .data.rel.local
                0x000000000003f230       0x48 build/cooja/contiki-ng-cooja.a(uip-icmp6.o)
 .data          0x000000000003f278        0x0 build/cooja/contiki-ng-cooja.a(uip-nd6.o)
 *fill*         0x000000000003f278        0x8 
 .data.rel.local
                0x000000000003f280       0x18 build/cooja/contiki-ng-cooja.a(uip-nd6.o)
 .data          0x000000000003f298        0x0 build/cooja/contiki-ng-cooja.a(uip-sr.o)
 *fill*         0x000000000003f298        0x8 
 .data.rel.local
                0x000000000003f2a0       0x28 build/cooja/contiki-ng-cooja.a(uip-sr.o)
 .data          0x000000000003f2c8        0x0 build/cooja/contiki-ng-cooja.a(rpl-dag-root.o)
 .data          0x000000000003f2c8        0x0 build/cooja/contiki-ng-cooja.a(rpl-dag.o)
 .data          0x000000000003f2c8        0x0 build/cooja/contiki-ng-cooja.a(rpl-ext-header.o)
 .data          0x000000000003f2c8        0x0 build/cooja/contiki-ng-cooja.a(rpl-icmp6.o)
 *fill*         0x000000000003f2c8        0x8 
 .data.rel.local
                0x000000000003f2d0       0x78 build/cooja/contiki-ng-cooja.a(rpl-icmp6.o)
 .data          0x000000000003f348        0x0 build/cooja/contiki-ng-cooja.a(rpl-mrhof.o)
 *fill*         0x000000000003f348       0x18 
 .data.rel.local
                0x000000000003f360       0x48 build/cooja/contiki-ng-cooja.a(rpl-mrhof.o)
                0x000000000003f360                rpl_mrhof
 .data          0x000000000003f3a8        0x0 build/cooja/contiki-ng-cooja.a(rpl-nbr-policy.o)
 .data          0x000000000003f3a8        0x0 build/cooja/contiki-ng-cooja.a(rpl-neighbor.o)
 *fill*         0x000000000003f3a8        0x8 
 .data.rel.local
                0x000000000003f3b0       0x20 build/cooja/contiki-ng-cooja.a(rpl-neighbor.o)
                0x000000000003f3c8                rpl_neighbors
 .data          0x000000000003f3d0        0x0 build/cooja/contiki-ng-cooja.a(rpl-timers.o)
 .data          0x000000000003f3d0        0x0 build/cooja/contiki-ng-cooja.a(assert.o)
 .data          0x000000000003f3d0        0x0 build/cooja/contiki-ng-cooja.a(mac.o)
 .data          0x000000000003f3d0        0x2 build/cooja/contiki-ng-cooja.a(frame802154.o)
 .data          0x000000000003f3d2        0x0 /usr/lib/gcc/x86_64-linux-gnu/11/crtendS.o
 .data          0x000000000003f3d2        0x0 /usr/lib/gcc/x86_64-linux-gnu/11/../../../x86_64-linux-gnu/crtn.o

.tm_clone_table
                0x000000000003f3d8        0x0
 .tm_clone_table
                0x000000000003f3d8        0x0 /usr/lib/gcc/x86_64-linux-gnu/11/crtbeginS.o
 .tm_clone_table
                0x000000000003f3d8        0x0 /usr/lib/gcc/x86_64-linux-gnu/11/crtendS.o

.data1
 *(.data1)
                [!provide]                        PROVIDE (_edata = .)
                [!provide]                        PROVIDE (edata = .)
                0x000000000003f3d8                . = .
                [!provide]                        PROVIDE (__bss_start = .)

.bss            0x000000000003f3e0    0x18280
 *(.dynbss)
 .dynbss        0x000000000003f3e0        0x0 /usr/lib/gcc/x86_64-linux-gnu/11/../../../x86_64-linux-gnu/crti.o
 *(.bss .bss.* .gnu.linkonce.b.*)
 .bss           0x000000000003f3e0        0x0 /usr/lib/gcc/x86_64-linux-gnu/11/../../../x86_64-linux-gnu/crti.o
 .bss           0x000000000003f3e0        0x1 /usr/lib/gcc/x86_64-linux-gnu/11/crtbeginS.o
 *fill*         0x000000000003f3e1       0x1f 
 .bss           0x000000000003f400      0xbd0 mqtt-client.o
                0x000000000003f400                status
                0x000000000003f420                broker_address
 *fill*         0x000000000003ffd0       0x10 
 .bss           0x000000000003ffe0     0x4060 build/cooja/mtype953034533.o
                0x000000000003ffe0                sensors_flags
                0x000000000003ffe8                referenceVar
 .bss           0x0000000000044040       0x18 build/cooja/contiki-ng-cooja.a(simEnvChange.o)
                0x0000000000044040                simDontFallAsleep
                0x0000000000044044                simProcessRunValue
                0x0000000000044048                simEtimerPending
                0x0000000000044050                simEtimerNextExpirationTime
 .bss           0x0000000000044058        0x8 build/cooja/contiki-ng-cooja.a(cooja_mt.o)
 .bss           0x0000000000044060        0x8 build/cooja/contiki-ng-cooja.a(cooja_mtarch.o)
 .bss           0x0000000000044068       0x18 build/cooja/contiki-ng-cooja.a(rtimer-arch.o)
                0x0000000000044068                simRtimerPending
                0x0000000000044070                simRtimerNextExpirationTime
                0x0000000000044078                simRtimerCurrentTicks
 .bss           0x0000000000044080        0x1 build/cooja/contiki-ng-cooja.a(beep.o)
                0x0000000000044080                simBeeped
 .bss           0x0000000000044081        0x1 build/cooja/contiki-ng-cooja.a(leds-arch.o)
                0x0000000000044081                simLedsValue
 *fill*         0x0000000000044082        0x2 
 .bss           0x0000000000044084        0xc build/cooja/contiki-ng-cooja.a(moteid.o)
                0x0000000000044084                simMoteID
                0x0000000000044088                simMoteIDChanged
                0x000000000004408c                simRandomSeed
 .bss           0x0000000000044090        0x3 build/cooja/contiki-ng-cooja.a(pir-sensor.o)
                0x0000000000044090                simPirChanged
                0x0000000000044091                simPirIsActive
                0x0000000000044092                simPirValue
 *fill*         0x0000000000044093        0xd 
 .bss           0x00000000000440a0      0x810 build/cooja/contiki-ng-cooja.a(rs232.o)
                0x00000000000440a0                simSerialReceivingData
                0x00000000000448a0                simSerialReceivingLength
                0x00000000000448a4                simSerialReceivingFlag
 .bss           0x00000000000448b0        0x3 build/cooja/contiki-ng-cooja.a(vib-sensor.o)
                0x00000000000448b0                simVibChanged
                0x00000000000448b1                simVibIsActive
                0x00000000000448b2                simVibValue
 *fill*         0x00000000000448b3        0x5 
 .bss           0x00000000000448b8        0x8 build/cooja/contiki-ng-cooja.a(clock.o)
                0x00000000000448b8                simCurrentTime
 .bss           0x00000000000448c0     0x200d build/cooja/contiki-ng-cooja.a(cooja-log.o)
                0x00000000000448c0                simLoggedData
                0x00000000000468c0                simLoggedLength
                0x00000000000468c4                simLoggedFlag
 *fill*         0x00000000000468cd       0x13 
 .bss           0x00000000000468e0      0xfc0 build/cooja/contiki-ng-cooja.a(cfs-cooja.o)
                0x00000000000468e0                simCFSData
                0x0000000000047880                simCFSSize
                0x0000000000047884                simCFSChanged
                0x0000000000047888                simCFSRead
                0x000000000004788c                simCFSWritten
 .bss           0x00000000000478a0      0x15c build/cooja/contiki-ng-cooja.a(cooja-radio.o)
                0x00000000000478a0                simReceiving
                0x00000000000478c0                simInDataBuffer
                0x0000000000047940                simInSize
                0x0000000000047948                simLastPacketTimestamp
                0x0000000000047960                simOutDataBuffer
                0x00000000000479e0                simOutSize
 *fill*         0x00000000000479fc        0x4 
 .bss           0x0000000000047a00      0x40c build/cooja/contiki-ng-cooja.a(eeprom.o)
                0x0000000000047a00                simEEPROMData
                0x0000000000047e00                simEEPROMChanged
                0x0000000000047e04                simEEPROMRead
                0x0000000000047e08                simEEPROMWritten
 .bss           0x0000000000047e0c        0x0 build/cooja/contiki-ng-cooja.a(random.o)
 .bss           0x0000000000047e0c        0xc build/cooja/contiki-ng-cooja.a(sensors.o)
                0x0000000000047e0c                sensors_event
 .bss           0x0000000000047e18        0x0 build/cooja/contiki-ng-cooja.a(leds.o)
 *fill*         0x0000000000047e18        0x8 
 .bss           0x0000000000047e20       0x40 build/cooja/contiki-ng-cooja.a(gpio-hal-arch.o)
 .bss           0x0000000000047e60        0x2 build/cooja/contiki-ng-cooja.a(buttons.o)
                0x0000000000047e60                simButtonChanged
                0x0000000000047e61                simButtonIsDown
 *fill*         0x0000000000047e62        0x6 