Archive member included to satisfy reference by file (symbol)

build/cooja/contiki-ng-cooja.a(simEnvChange.o)
                              build/cooja/mtype841264429.o (simDontFallAsleep)
build/cooja/contiki-ng-cooja.a(cooja_mt.o)
                              build/cooja/mtype841264429.o (cooja_mt_start)
build/cooja/contiki-ng-cooja.a(cooja_mtarch.o)
                              build/cooja/contiki-ng-cooja.a(cooja_mt.o) (cooja_mtarch_start)
build/cooja/contiki-ng-cooja.a(rtimer-arch.o)
                              build/cooja/mtype841264429.o (rtimer_arch_check)
build/cooja/contiki-ng-cooja.a(beep.o)
                              build/cooja/mtype841264429.o (beep_interface)
build/cooja/contiki-ng-cooja.a(leds-arch.o)
                              build/cooja/mtype841264429.o (leds_interface)
build/cooja/contiki-ng-cooja.a(moteid.o)
                              build/cooja/mtype841264429.o (moteid_interface)
build/cooja/contiki-ng-cooja.a(pir-sensor.o)
                              build/cooja/mtype841264429.o (pir_interface)
build/cooja/contiki-ng-cooja.a(rs232.o)
                              build/cooja/mtype841264429.o (rs232_interface)
build/cooja/contiki-ng-cooja.a(vib-sensor.o)
                              build/cooja/mtype841264429.o (vib_interface)
build/cooja/contiki-ng-cooja.a(clock.o)
                              build/cooja/mtype841264429.o (clock_interface)
build/cooja/contiki-ng-cooja.a(cooja-log.o)
                              build/cooja/mtype841264429.o (simlog_interface)
build/cooja/contiki-ng-cooja.a(cfs-cooja.o)
                              build/cooja/mtype841264429.o (cfs_interface)
build/cooja/contiki-ng-cooja.a(cooja-radio.o)
                              build/cooja/mtype841264429.o (radio_interface)
build/cooja/contiki-ng-cooja.a(eeprom.o)
                              build/cooja/mtype841264429.o (eeprom_interface)
build/cooja/contiki-ng-cooja.a(random.o)
                              build/cooja/contiki-ng-cooja.a(moteid.o) (random_init)
build/cooja/contiki-ng-cooja.a(sensors.o)
                              build/cooja/contiki-ng-cooja.a(pir-sensor.o) (sensors_changed)
build/cooja/contiki-ng-cooja.a(leds.o)
                              mqtt-client.o (leds_off)
build/cooja/contiki-ng-cooja.a(gpio-hal-arch.o)
                              build/cooja/contiki-ng-cooja.a(leds-arch.o) (gpio_hal_arch_register_pin_callback)
build/cooja/contiki-ng-cooja.a(buttons.o)
                              build/cooja/mtype841264429.o (button_interface)
build/cooja/contiki-ng-cooja.a(mqtt.o)
                              mqtt-client.o (mqtt_register)
build/cooja/contiki-ng-cooja.a(contiki-main.o)
                              build/cooja/mtype841264429.o (main)
build/cooja/contiki-ng-cooja.a(autostart.o)
                              build/cooja/contiki-ng-cooja.a(contiki-main.o) (autostart_start)
build/cooja/contiki-ng-cooja.a(ctimer.o)
                              build/cooja/contiki-ng-cooja.a(contiki-main.o) (ctimer_init)
build/cooja/contiki-ng-cooja.a(energest.o)
                              build/cooja/contiki-ng-cooja.a(contiki-main.o) (energest_init)
build/cooja/contiki-ng-cooja.a(etimer.o)
                              build/cooja/contiki-ng-cooja.a(contiki-main.o) (etimer_process)
build/cooja/contiki-ng-cooja.a(log.o)
                              build/cooja/contiki-ng-cooja.a(contiki-main.o) (curr_log_level_main)
build/cooja/contiki-ng-cooja.a(node-id.o)
                              mqtt-client.o (node_id)
build/cooja/contiki-ng-cooja.a(process.o)
                              build/cooja/contiki-ng-cooja.a(mqtt.o) (process_current)
build/cooja/contiki-ng-cooja.a(rtimer.o)
                              build/cooja/contiki-ng-cooja.a(contiki-main.o) (rtimer_init)
build/cooja/contiki-ng-cooja.a(timer.o)
                              build/cooja/contiki-ng-cooja.a(mqtt.o) (timer_set)
build/cooja/contiki-ng-cooja.a(list.o)
                              build/cooja/contiki-ng-cooja.a(mqtt.o) (list_init)
build/cooja/contiki-ng-cooja.a(button-hal.o)
                              build/cooja/mtype841264429.o (button_hal_init)
build/cooja/contiki-ng-cooja.a(gpio-hal.o)
                              build/cooja/contiki-ng-cooja.a(button-hal.o) (gpio_hal_register_handler)
build/cooja/contiki-ng-cooja.a(serial-line.o)
                              build/cooja/contiki-ng-cooja.a(rs232.o) (serial_line_input_byte)
build/cooja/contiki-ng-cooja.a(linkaddr.o)
                              mqtt-client.o (linkaddr_node_addr)
build/cooja/contiki-ng-cooja.a(netstack.o)
                              build/cooja/contiki-ng-cooja.a(contiki-main.o) (netstack_init)
build/cooja/contiki-ng-cooja.a(packetbuf.o)
                              build/cooja/contiki-ng-cooja.a(cooja-radio.o) (packetbuf_clear)
build/cooja/contiki-ng-cooja.a(queuebuf.o)
                              build/cooja/contiki-ng-cooja.a(contiki-main.o) (queuebuf_init)
build/cooja/contiki-ng-cooja.a(printf.o)
[...]
Memory Configuration

Name             Origin             Length             Attributes
*default*        0x0000000000000000 0xffffffffffffffff

Linker script and memory map

LOAD /usr/lib/gcc/x86_64-linux-gnu/11/../../../x86_64-linux-gnu/crti.o
LOAD /usr/lib/gcc/x86_64-linux-gnu/11/crtbeginS.o
LOAD mqtt-client.o
LOAD build/cooja/mtype841264429.o
LOAD build/cooja/contiki-ng-cooja.a
LOAD /usr/lib/gcc/x86_64-linux-gnu/11/libgcc.a
LOAD /usr/lib/gcc/x86_64-linux-gnu/11/libgcc_s.so
START GROUP
LOAD /usr/lib/gcc/x86_64-linux-gnu/11/../../../x86_64-linux-gnu/libgcc_s.so.1
LOAD /usr/lib/gcc/x86_64-linux-gnu/11/libgcc.a
END GROUP
LOAD /usr/lib/gcc/x86_64-linux-gnu/11/../../../x86_64-linux-gnu/libc.so
START GROUP
LOAD /lib/x86_64-linux-gnu/libc.so.6
LOAD /usr/lib/x86_64-linux-gnu/libc_nonshared.a
LOAD /lib64/ld-linux-x86-64.so.2
END GROUP
LOAD /usr/lib/gcc/x86_64-linux-gnu/11/libgcc.a
LOAD /usr/lib/gcc/x86_64-linux-gnu/11/libgcc_s.so
START GROUP
LOAD /usr/lib/gcc/x86_64-linux-gnu/11/../../../x86_64-linux-gnu/libgcc_s.so.1
LOAD /usr/lib/gcc/x86_64-linux-gnu/11/libgcc.a
END GROUP
LOAD /usr/lib/gcc/x86_64-linux-gnu/11/crtendS.o
LOAD /usr/lib/gcc/x86_64-linux-gnu/11/../../../x86_64-linux-gnu/crtn.o
                0x00000000000002a8                . = (SEGMENT_START ("text-segment", 0x0) + SIZEOF_HEADERS)

.note.gnu.property
                0x00000000000002a8       0x20
 .note.gnu.property
                0x00000000000002a8       0x20 /usr/lib/gcc/x86_64-linux-gnu/11/../../../x86_64-linux-gnu/crti.o

.note.gnu.build-id
                0x00000000000002c8       0x24
 *(.note.gnu.build-id)
 .note.gnu.build-id
                0x00000000000002c8       0x24 /usr/lib/gcc/x86_64-linux-gnu/11/../../../x86_64-linux-gnu/crti.o

.hash
 *(.hash)

.gnu.hash       0x00000000000002f0     0x14c4
 *(.gnu.hash)
 .gnu.hash      0x00000000000002f0     0x14c4 /usr/lib/gcc/x86_64-linux-gnu/11/../../../x86_64-linux-gnu/crti.o

.dynsym         0x00000000000017b8     0x40c8
 *(.dynsym)
 .dynsym        0x00000000000017b8     0x40c8 /usr/lib/gcc/x86_64-linux-gnu/11/../../../x86_64-linux-gnu/crti.o

.dynstr         0x0000000000005880     0x30de
 *(.dynstr)
 .dynstr        0x0000000000005880     0x30de /usr/lib/gcc/x86_64-linux-gnu/11/../../../x86_64-linux-gnu/crti.o

.gnu.version    0x000000000000895e      0x566
 *(.gnu.version)
 .gnu.version   0x000000000000895e      0x566 /usr/lib/gcc/x86_64-linux-gnu/11/../../../x86_64-linux-gnu/crti.o

.gnu.version_d  0x0000000000008ec8        0x0
 *(.gnu.version_d)
 .gnu.version_d
                0x0000000000008ec8        0x0 /usr/lib/gcc/x86_64-linux-gnu/11/../../../x86_64-linux-gnu/crti.o

.gnu.version_r  0x0000000000008ec8       0x40
 *(.gnu.version_r)
 .gnu.version_r
                0x0000000000008ec8       0x40 /usr/lib/gcc/x86_64-linux-gnu/11/../../../x86_64-linux-gnu/crti.o

.rela.dyn       0x0000000000008f08     0x1f20
 *(.rela.init)
 *(.rela.text .rela.text.* .rela.gnu.linkonce.t.*)
 .rela.text     0x0000000000008f08        0x0 /usr/lib/gcc/x86_64-linux-gnu/11/../../../x86_64-linux-gnu/crti.o
 *(.rela.fini)
 *(.rela.rodata .rela.rodata.* .rela.gnu.linkonce.r.*)
 *(.rela.data .rela.data.* .rela.gnu.linkonce.d.*)
 .rela.data.rel.local
                0x0000000000008f08      0x720 /usr/lib/gcc/x86_64-linux-gnu/11/../../../x86_64-linux-gnu/crti.o
 .rela.data.rel.ro
                0x0000000000009628      0x288 /usr/lib/gcc/x86_64-linux-gnu/11/../../../x86_64-linux-gnu/crti.o
 .rela.data.rel
                0x00000000000098b0      0x3a8 /usr/lib/gcc/x86_64-linux-gnu/11/../../../x86_64-linux-gnu/crti.o
 .rela.data.rel.ro.local
                0x0000000000009c58      0x5a0 /usr/lib/gcc/x86_64-linux-gnu/11/../../../x86_64-linux-gnu/crti.o
 *(.rela.tdata .rela.tdata.* .rela.gnu.linkonce.td.*)
 *(.rela.tbss .rela.tbss.* .rela.gnu.linkonce.tb.*)
 *(.rela.ctors)
 *(.rela.dtors)
 *(.rela.got)
 .rela.got      0x000000000000a1f8      0xc00 /usr/lib/gcc/x86_64-linux-gnu/11/../../../x86_64-linux-gnu/crti.o
 *(.rela.bss .rela.bss.* .rela.gnu.linkonce.b.*)
 *(.rela.ldata .rela.ldata.* .rela.gnu.linkonce.l.*)
 *(.rela.lbss .rela.lbss.* .rela.gnu.linkonce.lb.*)
 *(.rela.lrodata .rela.lrodata.* .rela.gnu.linkonce.lr.*)
 *(.rela.ifunc)
 .rela.ifunc    0x000000000000adf8        0x0 /usr/lib/gcc/x86_64-linux-gnu/11/../../../x86_64-linux-gnu/crti.o
 .rela.fini_array
                0x000000000000adf8       0x18 /usr/lib/gcc/x86_64-linux-gnu/11/../../../x86_64-linux-gnu/crti.o
 .rela.init_array
                0x000000000000ae10       0x18 /usr/lib/gcc/x86_64-linux-gnu/11/../../../x86_64-linux-gnu/crti.o

.rela.plt       0x000000000000ae28     0x22e0
 *(.rela.plt)
 .rela.plt      0x000000000000ae28     0x22e0 /usr/lib/gcc/x86_64-linux-gnu/11/../../../x86_64-linux-gnu/crti.o
 *(.rela.iplt)

.relr.dyn
 *(.relr.dyn)
                0x000000000000e000                . = ALIGN (CONSTANT (MAXPAGESIZE))

.init           0x000000000000e000       0x1b
 *(SORT_NONE(.init))
 .init          0x000000000000e000       0x16 /usr/lib/gcc/x86_64-linux-gnu/11/../../../x86_64-linux-gnu/crti.o
                0x000000000000e000                _init
 .init          0x000000000000e016        0x5 /usr/lib/gcc/x86_64-linux-gnu/11/../../../x86_64-linux-gnu/crtn.o

.plt            0x000000000000e020     0x1750
 *(.plt)
 .plt           0x000000000000e020     0x1750 /usr/lib/gcc/x86_64-linux-gnu/11/../../../x86_64-linux-gnu/crti.o
 *(.iplt)

.plt.got        0x000000000000f770       0x30
 *(.plt.got)
 .plt.got       0x000000000000f770       0x30 /usr/lib/gcc/x86_64-linux-gnu/11/../../../x86_64-linux-gnu/crti.o

.plt.sec        0x000000000000f7a0     0x1740
 *(.plt.sec)
 .plt.sec       0x000000000000f7a0     0x1740 /usr/lib/gcc/x86_64-linux-gnu/11/../../../x86_64-linux-gnu/crti.o

.text           0x0000000000010ee0    0x21574
 *(.text.unlikely .text.*_unlikely .text.unlikely.*)
 *(.text.exit .text.exit.*)
 *(.text.startup .text.startup.*)
 *(.text.hot .text.hot.*)
 *(SORT_BY_NAME(.text.sorted.*))
 *(.text .stub .text.* .gnu.linkonce.t.*)
 .text          0x0000000000010ee0        0x0 /usr/lib/gcc/x86_64-linux-gnu/11/../../../x86_64-linux-gnu/crti.o
 .text          0x0000000000010ee0       0xb9 /usr/lib/gcc/x86_64-linux-gnu/11/crtbeginS.o
 .text          0x0000000000010f99      0x6f1 mqtt-client.o
 .text          0x000000000001168a      0x374 build/cooja/mtype841264429.o
                0x0000000000011740                platform_init_stage_one
                0x0000000000011755                platform_init_stage_two
                0x000000000001176a                platform_init_stage_three
                0x000000000001177f                platform_main_loop
                0x0000000000011819                JNI_OnLoad
                0x0000000000011830                Java_org_contikios_cooja_corecomm_Lib2_init
                0x0000000000011883                Java_org_contikios_cooja_corecomm_Lib2_getMemory
                0x00000000000118e2                Java_org_contikios_cooja_corecomm_Lib2_setMemory
                0x0000000000011941                Java_org_contikios_cooja_corecomm_Lib2_tick
                0x00000000000119cf                Java_org_contikios_cooja_corecomm_Lib2_setReferenceAddress
 .text          0x00000000000119fe       0x93 build/cooja/contiki-ng-cooja.a(simEnvChange.o)
                0x00000000000119fe                doActionsBeforeTick
                0x0000000000011a47                doActionsAfterTick
 .text          0x0000000000011a91       0xab build/cooja/contiki-ng-cooja.a(cooja_mt.o)
                0x0000000000011a91                cooja_mt_start
                0x0000000000011ad1                cooja_mt_exec
                0x0000000000011b14                cooja_mt_yield
 .text          0x0000000000011b3c      0x10e build/cooja/contiki-ng-cooja.a(cooja_mtarch.o)
                0x0000000000011b3c                cooja_mtarch_start
                0x0000000000011bdf                cooja_sw
                0x0000000000011c0c                cooja_mtarch_exec
                0x0000000000011c3a                cooja_mtarch_yield
 .text          0x0000000000011c4a       0xcc build/cooja/contiki-ng-cooja.a(rtimer-arch.o)
                0x0000000000011c4a                rtimer_arch_init
                0x0000000000011c70                rtimer_arch_schedule
                0x0000000000011c9a                rtimer_arch_next
                0x0000000000011cae                rtimer_arch_pending
                0x0000000000011cc1                rtimer_arch_check
                0x0000000000011d02                rtimer_arch_now
 .text          0x0000000000011d16       0xe6 build/cooja/contiki-ng-cooja.a(beep.o)
                0x0000000000011d16                beep_alarm
                0x0000000000011d31                beep_beep
                0x0000000000011d49                beep
                0x0000000000011d5e                beep_down
                0x0000000000011d76                beep_on
                0x0000000000011d8b                beep_off
                0x0000000000011da0                beep_spinup
                0x0000000000011db5                beep_quick
                0x0000000000011dcd                beep_long
 .text          0x0000000000011dfc       0x80 build/cooja/contiki-ng-cooja.a(leds-arch.o)
                0x0000000000011e15                leds_arch_init
 .text          0x0000000000011e7c       0x41 build/cooja/contiki-ng-cooja.a(moteid.o)
 .text          0x0000000000011ebd       0xfa build/cooja/contiki-ng-cooja.a(pir-sensor.o)
 .text          0x0000000000011fb7      0x18b build/cooja/contiki-ng-cooja.a(rs232.o)
                0x0000000000011fb7                rs232_init
                0x0000000000011fc2                rs232_set_speed
                0x0000000000011fd2                rs232_set_input
                0x0000000000011fec                rs232_send
                0x000000000001200b                rs232_print
                0x0000000000012039                slip_arch_writeb
 .text          0x0000000000012142       0xfa build/cooja/contiki-ng-cooja.a(vib-sensor.o)
 .text          0x000000000001223c       0x6f build/cooja/contiki-ng-cooja.a(clock.o)
                0x000000000001223c                clock_init
                0x0000000000012247                clock_time
                0x000000000001225b                clock_seconds
                0x0000000000012287                clock_delay
 .text          0x00000000000122ab      0x214 build/cooja/contiki-ng-cooja.a(cooja-log.o)
                0x00000000000122ab                simlog_char
                0x0000000000012305                simlog
                0x000000000001238a                log_message
                0x00000000000123cf                log_set_putchar_with_slip
                0x00000000000123e6                dbg_putchar
                0x0000000000012467                dbg_send_bytes
 .text          0x00000000000124bf      0x39b build/cooja/contiki-ng-cooja.a(cfs-cooja.o)
                0x00000000000124bf                cfs_open
                0x000000000001253c                cfs_close
                0x0000000000012551                cfs_read
                0x0000000000012618                cfs_write
                0x0000000000012728                cfs_seek
                0x00000000000127d7                cfs_remove
                0x0000000000012807                cfs_opendir
                0x000000000001281e                cfs_readdir
                0x0000000000012835                cfs_closedir
 .text          0x000000000001285a      0x79f build/cooja/contiki-ng-cooja.a(cooja-radio.o)
                0x00000000000128b9                radio_set_channel
                0x00000000000128d3                radio_set_txpower
                0x00000000000128f0                radio_signal_strength_last
                0x0000000000012903                radio_signal_strength_current
                0x0000000000012916                radio_LQI
 .text          0x0000000000012ff9      0x163 build/cooja/contiki-ng-cooja.a(eeprom.o)
                0x0000000000012ff9                eeprom_init
                0x0000000000013008                eeprom_read
                0x00000000000130a7                eeprom_write
 .text          0x000000000001315c       0x2f build/cooja/contiki-ng-cooja.a(random.o)
                0x000000000001315c                random_init
                0x000000000001317c                random_rand
 .text          0x000000000001318b      0x35f build/cooja/contiki-ng-cooja.a(sensors.o)
                0x00000000000131d4                sensors_first
                0x00000000000131e8                sensors_next
                0x0000000000013217                sensors_changed
                0x0000000000013264                sensors_find
 .text          0x00000000000134ea      0x3ad build/cooja/contiki-ng-cooja.a(leds.o)
                0x00000000000134ea                leds_init
                0x0000000000013535                leds_single_on
                0x00000000000135a2                leds_single_off
                0x000000000001360f                leds_single_toggle
                0x0000000000013647                leds_on
                0x00000000000136d8                leds_off
                0x0000000000013769                leds_toggle
                0x00000000000137c5                leds_set
                0x00000000000137ee                leds_get
 .text          0x0000000000013897      0x41b build/cooja/contiki-ng-cooja.a(gpio-hal-arch.o)
                0x0000000000013897                gpio_hal_arch_register_pin_callback
                0x000000000001393e                gpio_hal_arch_init
                0x0000000000013994                gpio_hal_arch_no_port_interrupt_enable
                0x00000000000139e1                gpio_hal_arch_no_port_interrupt_disable
                0x0000000000013a2e                gpio_hal_arch_no_port_pin_cfg_set
                0x0000000000013a64                gpio_hal_arch_no_port_pin_cfg_get
                0x0000000000013a98                gpio_hal_arch_no_port_pin_set_input
                0x0000000000013aab                gpio_hal_arch_no_port_pin_set_output
                0x0000000000013abe                gpio_hal_arch_no_port_set_pin
                0x0000000000013ae2                gpio_hal_arch_no_port_clear_pin
                0x0000000000013b06                gpio_hal_arch_no_port_read_pin
                0x0000000000013b33                gpio_hal_arch_no_port_write_pin
                0x0000000000013b5d                gpio_hal_arch_no_port_set_pins
                0x0000000000013bac                gpio_hal_arch_no_port_clear_pins
                0x0000000000013bfb                gpio_hal_arch_no_port_read_pins
                0x0000000000013c49                gpio_hal_arch_no_port_write_pins
 .text          0x0000000000013cb2       0xa8 build/cooja/contiki-ng-cooja.a(buttons.o)
 .text          0x0000000000013d5a     0x3e29 build/cooja/contiki-ng-cooja.a(mqtt.o)
                0x00000000000141fb                mqtt_decode_var_byte_int
                0x0000000000014300                mqtt_encode_var_byte_int
                0x00000000000173eb                mqtt_init
                0x00000000000174c5                mqtt_register
                0x000000000001758d                mqtt_connect
                0x00000000000176cd                mqtt_disconnect
                0x000000000001771e                mqtt_subscribe
                0x0000000000017827                mqtt_unsubscribe
                0x0000000000017920                mqtt_publish
                0x0000000000017a5b                mqtt_set_username_password
                0x0000000000017b0c                mqtt_set_last_will
 .text          0x0000000000017b83      0x400 build/cooja/contiki-ng-cooja.a(contiki-main.o)
                0x0000000000017b83                main
 .text          0x0000000000017f83       0xbd build/cooja/contiki-ng-cooja.a(autostart.o)
                0x0000000000017f83                autostart_start
                0x0000000000017fe4                autostart_exit
 .text          0x0000000000018040      0x441 build/cooja/contiki-ng-cooja.a(ctimer.o)
                0x00000000000181a2                ctimer_init
                0x00000000000181d7                ctimer_set
                0x000000000001821b                ctimer_set_with_process
                0x00000000000182d5                ctimer_reset
                0x0000000000018346                ctimer_restart
                0x00000000000183b7                ctimer_stop
                0x0000000000018415                ctimer_expired
 .text          0x0000000000018481       0x25 build/cooja/contiki-ng-cooja.a(energest.o)
                0x0000000000018481                energest_init
                0x000000000001848c                energest_flush
                0x0000000000018497                energest_get_total_time
 .text          0x00000000000184a6      0x57c build/cooja/contiki-ng-cooja.a(etimer.o)
                0x000000000001874e                etimer_request_poll
                0x0000000000018800                etimer_set
                0x0000000000018836                etimer_reset_with_new_interval
                0x0000000000018871                etimer_reset
                0x000000000001889c                etimer_restart
                0x00000000000188c7                etimer_adjust
                0x00000000000188f8                etimer_expired
                0x0000000000018917                etimer_expiration_time
                0x0000000000018937                etimer_start_time
                0x000000000001894c                etimer_pending
                0x0000000000018966                etimer_next_expiration_time
                0x0000000000018987                etimer_stop
 .text          0x0000000000018a22      0x539 build/cooja/contiki-ng-cooja.a(log.o)
                0x0000000000018a22                log_6addr
                0x0000000000018a88                log_6addr_compact_snprint
                0x0000000000018b63                log_6addr_compact
                0x0000000000018bc9                log_lladdr
                0x0000000000018c49                log_lladdr_compact
                0x0000000000018ccb                log_bytes
                0x0000000000018d2b                log_set_level
                0x0000000000018e39                log_get_level
                0x0000000000018ef0                log_level_to_str
 .text          0x0000000000018f5b       0x36 build/cooja/contiki-ng-cooja.a(node-id.o)
                0x0000000000018f5b                node_id_init
 .text          0x0000000000018f91      0x673 build/cooja/contiki-ng-cooja.a(process.o)
                0x0000000000018f91                process_alloc_event
                0x0000000000018fab                process_start
                0x000000000001921b                process_exit
                0x0000000000019247                process_init
                0x000000000001943e                process_run
                0x0000000000019473                process_nevents
                0x0000000000019493                process_post
                0x000000000001955b                process_post_synch
                0x00000000000195a9                process_poll
                0x00000000000195e6                process_is_running
 .text          0x0000000000019604      0x101 build/cooja/contiki-ng-cooja.a(rtimer.o)
                0x0000000000019604                rtimer_init
                0x0000000000019614                rtimer_set
                0x0000000000019695                rtimer_run_next
 .text          0x0000000000019705       0xfd build/cooja/contiki-ng-cooja.a(timer.o)
                0x0000000000019705                timer_set
                0x0000000000019734                timer_reset
                0x0000000000019770                timer_restart
                0x000000000001978f                timer_expired
                0x00000000000197ca                timer_remaining
 .text          0x0000000000019802      0x39b build/cooja/contiki-ng-cooja.a(list.o)
                0x0000000000019802                list_init
                0x000000000001981c                list_head
                0x0000000000019831                list_copy
                0x0000000000019852                list_tail
                0x000000000001989b                list_add
                0x00000000000198ff                list_push
                0x0000000000019942                list_chop
                0x00000000000199cf                list_pop
                0x0000000000019a09                list_remove
                0x0000000000019a95                list_length
                0x0000000000019ad0                list_insert
                0x0000000000019b33                list_item_next
                0x0000000000019b56                list_contains
 .text          0x0000000000019b9d      0x574 build/cooja/contiki-ng-cooja.a(button-hal.o)
                0x0000000000019d68                button_hal_get_by_id
                0x0000000000019db6                button_hal_get_by_index
                0x0000000000019ded                button_hal_get_state
                0x0000000000019e50                button_hal_init
 .text          0x000000000001a111      0x181 build/cooja/contiki-ng-cooja.a(gpio-hal.o)
                0x000000000001a111                gpio_hal_register_handler
                0x000000000001a13a                gpio_hal_event_handler
                0x000000000001a1a5                gpio_hal_init
                0x000000000001a1c4                gpio_hal_arch_port_toggle_pin
                0x000000000001a1fb                gpio_hal_arch_port_toggle_pins
                0x000000000001a22c                gpio_hal_arch_no_port_toggle_pin
                0x000000000001a266                gpio_hal_arch_no_port_toggle_pins
 .text          0x000000000001a292      0x238 build/cooja/contiki-ng-cooja.a(serial-line.o)
                0x000000000001a292                serial_line_input_byte
                0x000000000001a48d                serial_line_init
 .text          0x000000000001a4ca       0x80 build/cooja/contiki-ng-cooja.a(linkaddr.o)
                0x000000000001a4ca                linkaddr_copy
                0x000000000001a4eb                linkaddr_cmp
                0x000000000001a521                linkaddr_set_node_addr
 .text          0x000000000001a54a      0x12b build/cooja/contiki-ng-cooja.a(netstack.o)
                0x000000000001a54a                netstack_process_ip_callback
                0x000000000001a5eb                netstack_ip_packet_processor_add
                0x000000000001a61b                uip_ds6_ip_packet_processor_rm
                0x000000000001a644                netstack_init
 .text          0x000000000001a675      0x4a8 build/cooja/contiki-ng-cooja.a(packetbuf.o)
                0x000000000001a675                packetbuf_clear
                0x000000000001a6a3                packetbuf_copyfrom
                0x000000000001a6fc                packetbuf_copyto
                0x000000000001a7a2                packetbuf_hdralloc
                0x000000000001a831                packetbuf_hdrreduce
                0x000000000001a881                packetbuf_set_datalen
                0x000000000001a89d                packetbuf_dataptr
                0x000000000001a8c2                packetbuf_hdrptr
                0x000000000001a8d3                packetbuf_datalen
                0x000000000001a8e4                packetbuf_hdrlen
                0x000000000001a900                packetbuf_totlen
                0x000000000001a922                packetbuf_remaininglen
                0x000000000001a93a                packetbuf_attr_clear
                0x000000000001a99f                packetbuf_attr_copyto
                0x000000000001a9ea                packetbuf_attr_copyfrom
                0x000000000001aa35                packetbuf_set_attr
                0x000000000001aa65                packetbuf_attr
                0x000000000001aa86                packetbuf_set_addr
                0x000000000001aacc                packetbuf_addr
                0x000000000001aaf6                packetbuf_holds_broadcast
 .text          0x000000000001ab1d      0x382 build/cooja/contiki-ng-cooja.a(queuebuf.o)
                0x000000000001ab32                queuebuf_init
                0x000000000001ab5b                queuebuf_numfree
                0x000000000001ab74                queuebuf_new_from_packetbuf
                0x000000000001ac27                queuebuf_update_attr_from_packetbuf
                0x000000000001ac6a                queuebuf_update_from_packetbuf
                0x000000000001acc6                queuebuf_free
                0x000000000001ad22                queuebuf_to_packetbuf
                0x000000000001ad9b                queuebuf_dataptr
                0x000000000001ade2                queuebuf_datalen
                0x000000000001ae12                queuebuf_addr
                0x000000000001ae59                queuebuf_attr
                0x000000000001ae94                queuebuf_debug_print
 .text          0x000000000001ae9f      0x116 build/cooja/contiki-ng-cooja.a(printf.o)
                0x000000000001aed4                log_printf
 .text          0x000000000001afb5       0x1e build/cooja/contiki-ng-cooja.a(putchar.o)
                0x000000000001afb5                log_putchar
 .text          0x000000000001afd3       0x3d build/cooja/contiki-ng-cooja.a(puts.o)
                0x000000000001afd3                log_puts
 .text          0x000000000001b010      0x1f8 build/cooja/contiki-ng-cooja.a(snprintf.o)
                0x000000000001b09b                log_snprintf
                0x000000000001b180                log_vsnprintf
 .text          0x000000000001b208      0x152 build/cooja/contiki-ng-cooja.a(sprintf.o)
                0x000000000001b253                log_sprintf
 .text          0x000000000001b35a     0x170b build/cooja/contiki-ng-cooja.a(strformat.o)
                0x000000000001b6cd                format_str
                0x000000000001b7ae                format_str_v
 .text          0x000000000001ca65      0x292 build/cooja/contiki-ng-cooja.a(csma.o)
 .text          0x000000000001ccf7     0x3747 build/cooja/contiki-ng-cooja.a(sicslowpan.o)
                0x000000000001d4cd                netstack_sniffer_add
                0x000000000001d4e7                netstack_sniffer_remove
                0x0000000000020407                sicslowpan_init
                0x000000000002042e                sicslowpan_get_last_rssi
 .text          0x000000000002043e      0xbaa build/cooja/contiki-ng-cooja.a(tcp-socket.o)
                0x0000000000020b77                tcp_socket_register
                0x0000000000020c3f                tcp_socket_connect
                0x0000000000020cfc                tcp_socket_listen
                0x0000000000020d89                tcp_socket_unlisten
                0x0000000000020e15                tcp_socket_send
                0x0000000000020ed2                tcp_socket_send_str
                0x0000000000020f09                tcp_socket_close
                0x0000000000020f3e                tcp_socket_unregister
                0x0000000000020fa7                tcp_socket_max_sendlen
                0x0000000000020fcf                tcp_socket_queuelen
 .text          0x0000000000020fe8      0xc96 build/cooja/contiki-ng-cooja.a(tcpip.o)
                0x0000000000021018                tcpip_output
                0x000000000002111a                tcp_connect
                0x0000000000021181                tcp_unlisten
                0x00000000000211f1                tcp_listen
                0x000000000002125d                tcp_attach
                0x000000000002128b                udp_attach
                0x00000000000212b9                udp_new
                0x0000000000021314                udp_broadcast_new
                0x0000000000021627                tcpip_input
                0x00000000000217ff                tcpip_ipv6_output
                0x0000000000021a58                tcpip_poll_udp
                0x0000000000021a86                tcpip_poll_tcp
                0x0000000000021ab4                tcpip_uipcall
 .text          0x0000000000021c7e      0x416 build/cooja/contiki-ng-cooja.a(uip-ds6-nbr.o)
                0x0000000000021c7e                uip_ds6_neighbors_init
                0x0000000000021ca7                uip_ds6_nbr_add
                0x0000000000021d45                uip_ds6_nbr_rm
                0x0000000000021da2                uip_ds6_nbr_update_ll
                0x0000000000021ea7                uip_ds6_nbr_get_ipaddr
                0x0000000000021ec7                uip_ds6_nbr_get_ll
                0x0000000000021eef                uip_ds6_nbr_num
                0x0000000000021f41                uip_ds6_nbr_head
                0x0000000000021f5a                uip_ds6_nbr_next
                0x0000000000021f82                uip_ds6_nbr_lookup
                0x0000000000021feb                uip_ds6_nbr_ll_lookup
                0x0000000000022013                uip_ds6_nbr_ipaddr_from_lladdr
                0x0000000000022047                uip_ds6_nbr_lladdr_from_ipaddr
                0x0000000000022083                uip_ds6_link_callback
 .text          0x0000000000022094      0x3f9 build/cooja/contiki-ng-cooja.a(uip-ds6-route.o)
                0x00000000000220eb                uip_ds6_route_init
                0x0000000000022114                uip_ds6_route_count_nexthop_neighbors
                0x0000000000022123                uip_ds6_route_nexthop
                0x0000000000022136                uip_ds6_route_head
                0x0000000000022145                uip_ds6_route_next
                0x0000000000022158                uip_ds6_route_is_nexthop
                0x000000000002216b                uip_ds6_route_num_routes
                0x000000000002217a                uip_ds6_route_lookup
                0x000000000002218d                uip_ds6_route_add
                0x00000000000221a9                uip_ds6_route_rm
                0x00000000000221b8                uip_ds6_route_rm_by_nexthop
                0x00000000000221c7                uip_ds6_defrt_head
                0x00000000000221e0                uip_ds6_defrt_add
                0x00000000000222a0                uip_ds6_defrt_rm
                0x0000000000022316                uip_ds6_defrt_lookup
                0x000000000002238d                uip_ds6_defrt_choose
                0x0000000000022410                uip_ds6_defrt_periodic
 .text          0x000000000002248d      0xebc build/cooja/contiki-ng-cooja.a(uip-ds6.o)
                0x000000000002248d                uip_ds6_default_prefix
                0x000000000002249e                uip_ds6_set_default_prefix
                0x00000000000224c6                uip_ds6_init
                0x0000000000022765                uip_ds6_periodic
                0x0000000000022807                uip_ds6_list_loop
                0x00000000000228f0                uip_ds6_prefix_add
                0x00000000000229c1                uip_ds6_prefix_rm
                0x00000000000229df                uip_ds6_prefix_lookup
                0x0000000000022a36                uip_ds6_is_addr_onlink
                0x0000000000022aca                uip_ds6_addr_add
                0x0000000000022c15                uip_ds6_addr_rm
                0x0000000000022cd0                uip_ds6_addr_lookup
                0x0000000000022d25                uip_ds6_get_link_local
                0x0000000000022dca                uip_ds6_get_global
                0x0000000000022e6f                uip_ds6_maddr_add
                0x0000000000022eeb                uip_ds6_maddr_rm
                0x0000000000022f09                uip_ds6_maddr_lookup
                0x0000000000022f61                uip_ds6_aaddr_add
                0x0000000000022fdd                uip_ds6_aaddr_rm
                0x0000000000022ffb                uip_ds6_aaddr_lookup
                0x0000000000023053                uip_ds6_select_src
                0x00000000000231dd                uip_ds6_set_addr_iid
                0x0000000000023216                uip_ds6_set_lladdr_from_iid
                0x000000000002324d                get_match_length
                0x00000000000232fb                uip_ds6_compute_reachable_time
 .text          0x0000000000023349      0x1b9 build/cooja/contiki-ng-cooja.a(uip-packetqueue.o)
                0x0000000000023388                uip_packetqueue_new
                0x00000000000233a2                uip_packetqueue_alloc
                0x000000000002341c                uip_packetqueue_free
                0x0000000000023474                uip_packetqueue_buf
                0x00000000000234a0                uip_packetqueue_buflen
                0x00000000000234cf                uip_packetqueue_set_buflen
 .text          0x0000000000023502     0x3915 build/cooja/contiki-ng-cooja.a(uip6.o)
                0x0000000000023502                uip_add32
                0x000000000002370c                uip_chksum
                0x00000000000237f2                uip_icmp6chksum
                0x0000000000023806                uip_tcpchksum
                0x000000000002381a                uip_udpchksum
                0x000000000002382e                uip_init
                0x00000000000238f3                uip_connect
                0x0000000000023a9d                uip_remove_ext_hdr
                0x0000000000023b9e                uip_udp_new
                0x0000000000023d0a                uip_unlisten
                0x0000000000023d59                uip_listen
                0x000000000002407b                uip_process
                0x0000000000026c9d                uip_htons
                0x0000000000026cc0                uip_htonl
                0x0000000000026d08                uip_send
 .text          0x0000000000026e17      0x5b1 build/cooja/contiki-ng-cooja.a(uipbuf.o)
                0x0000000000026e17                uipbuf_clear
                0x0000000000026e49                uipbuf_add_ext_hdr
                0x0000000000026ee1                uipbuf_set_len
                0x0000000000026f13                uipbuf_set_len_field
                0x0000000000026f46                uipbuf_get_len_field
                0x0000000000026f71                uipbuf_get_next_header
                0x00000000000270e3                uipbuf_get_last_header
                0x0000000000027176                uipbuf_search_header
                0x000000000002723d                uipbuf_get_attr
                0x000000000002726e                uipbuf_set_attr
                0x00000000000272ae                uipbuf_set_default_attr
                0x00000000000272ee                uipbuf_clear_attr
                0x0000000000027315                uipbuf_set_attr_flag
                0x0000000000027338                uipbuf_clr_attr_flag
                0x0000000000027361                uipbuf_is_attr_flag
                0x0000000000027386                uipbuf_init
 .text          0x00000000000273c8      0x57d build/cooja/contiki-ng-cooja.a(uiplib.o)
                0x00000000000273c8                uiplib_ip6addrconv
                0x00000000000275a4                uiplib_ip4addrconv
                0x0000000000027676                uiplib_ipaddr_print
                0x00000000000276dc                uiplib_ipaddr_snprint
 .text          0x0000000000027945      0x66e build/cooja/contiki-ng-cooja.a(rpl.o)
                0x0000000000027945                rpl_lollipop_greater_than
                0x00000000000279a9                rpl_get_global_address
                0x0000000000027b49                rpl_link_callback
                0x0000000000027bb3                rpl_has_joined
                0x0000000000027be6                rpl_is_reachable
                0x0000000000027c8c                rpl_reset_prefix
                0x0000000000027d03                rpl_set_prefix_from_addr
                0x0000000000027e1e                rpl_set_prefix
                0x0000000000027f88                rpl_set_leaf_only
                0x0000000000027fa2                rpl_get_leaf_only
 .text          0x0000000000027fb3       0x49 build/cooja/contiki-ng-cooja.a(watchdog.o)
                0x0000000000027fb3                watchdog_init
                0x0000000000027fbe                watchdog_start
                0x0000000000027fc9                watchdog_periodic
                0x0000000000027fe6                watchdog_stop
                0x0000000000027ff1                watchdog_reboot
 .text          0x0000000000027ffc       0x61 build/cooja/contiki-ng-cooja.a(int-master.o)
                0x0000000000027ffc                int_master_enable
                0x0000000000028011                int_master_read_and_disable
                0x0000000000028031                int_master_status_set
                0x0000000000028048                int_master_is_enabled
 .text          0x000000000002805d      0x125 build/cooja/contiki-ng-cooja.a(stimer.o)
                0x000000000002805d                stimer_set
                0x000000000002808c                stimer_reset
                0x00000000000280c8                stimer_restart
                0x00000000000280e7                stimer_expired
                0x0000000000028129                stimer_remaining
                0x0000000000028161                stimer_elapsed
 .text          0x0000000000028182      0x21a build/cooja/contiki-ng-cooja.a(memb.o)
                0x0000000000028182                memb_init
                0x00000000000281e5                memb_alloc
                0x000000000002825f                memb_free
                0x00000000000282f2                memb_inmemb
                0x0000000000028349                memb_numfree
 .text          0x000000000002839c      0x19d build/cooja/contiki-ng-cooja.a(ringbuf.o)
                0x000000000002839c                ringbuf_init
                0x00000000000283dd                ringbuf_put
                0x000000000002846c                ringbuf_get
                0x00000000000284ea                ringbuf_size
                0x0000000000028506                ringbuf_elements
 .text          0x0000000000028539      0x481 build/cooja/contiki-ng-cooja.a(link-stats.o)
                0x0000000000028539                link_stats_from_lladdr
                0x0000000000028561                link_stats_get_lladdr
                0x0000000000028589                link_stats_is_fresh
                0x00000000000285d1                guess_etx_from_rssi
                0x0000000000028656                link_stats_packet_sent
                0x00000000000287ba                link_stats_input_callback
                0x000000000002891c                link_stats_reset
                0x0000000000028978                link_stats_init
 .text          0x00000000000289ba      0xcb3 build/cooja/contiki-ng-cooja.a(nbr-table.o)
                0x0000000000028e18                nbr_table_count_entries
                0x0000000000028eba                nbr_table_gc_get_worst
                0x0000000000028efd                nbr_table_can_accept_new
                0x00000000000290b2                nbr_table_entry_is_allowed
                0x000000000002915f                nbr_table_register
                0x00000000000291f1                nbr_table_is_registered
                0x0000000000029248                nbr_table_head
                0x00000000000292b6                nbr_table_next
                0x0000000000029333                nbr_table_add_lladdr
                0x0000000000029493                nbr_table_get_from_lladdr
                0x00000000000294f2                nbr_table_remove
                0x000000000002954c                nbr_table_lock
                0x0000000000029581                nbr_table_unlock
                0x00000000000295b6                nbr_table_get_lladdr
                0x00000000000295f9                nbr_table_clear
                0x0000000000029636                nbr_table_key_head
                0x000000000002964f                nbr_table_key_next
 .text          0x000000000002966d      0x1e0 build/cooja/contiki-ng-cooja.a(mac-sequence.o)
                0x000000000002966d                mac_sequence_is_duplicate
                0x000000000002974e                mac_sequence_register_seqno
 .text          0x000000000002984d      0x451 build/cooja/contiki-ng-cooja.a(framer-802154.o)
                0x00000000000299e8                framer_802154_setup_params
 .text          0x0000000000029c9e      0xae3 build/cooja/contiki-ng-cooja.a(csma-output.o)
                0x000000000002a480                csma_output_packet
                0x000000000002a749                csma_output_init
 .text          0x000000000002a781       0x3d build/cooja/contiki-ng-cooja.a(csma-security.o)
                0x000000000002a781                csma_security_create_frame
                0x000000000002a7a7                csma_security_parse_frame
 .text          0x000000000002a7be      0x8b7 build/cooja/contiki-ng-cooja.a(uip-icmp6.o)
                0x000000000002a83b                uip_icmp6_input
                0x000000000002a899                uip_icmp6_register_input_handler
                0x000000000002aa2b                uip_icmp6_error_output
                0x000000000002ad90                uip_icmp6_send
                0x000000000002afdc                uip_icmp6_echo_reply_callback_add
                0x000000000002b023                uip_icmp6_echo_reply_callback_rm
                0x000000000002b04c                uip_icmp6_init
 .text          0x000000000002b075      0x87f build/cooja/contiki-ng-cooja.a(uip-nd6.o)
                0x000000000002b8da                uip_nd6_init
 .text          0x000000000002b8f4      0x7e7 build/cooja/contiki-ng-cooja.a(uip-sr.o)
                0x000000000002b8f4                uip_sr_num_nodes
                0x000000000002b99f                uip_sr_get_node
                0x000000000002ba07                uip_sr_is_addr_reachable
                0x000000000002bacf                uip_sr_expire_parent
                0x000000000002bb3e                uip_sr_update_node
                0x000000000002bcb2                uip_sr_init
                0x000000000002bce5                uip_sr_node_head
                0x000000000002bcfe                uip_sr_node_next
                0x000000000002bd1c                uip_sr_periodic
                0x000000000002be58                uip_sr_free_all
                0x000000000002bed7                uip_sr_link_snprint
 .text          0x000000000002c0db      0x35a build/cooja/contiki-ng-cooja.a(rpl-dag-root.o)
                0x000000000002c0db                rpl_dag_root_print_links
                0x000000000002c250                rpl_dag_root_set_prefix
                0x000000000002c28c                rpl_dag_root_start
                0x000000000002c3f5                rpl_dag_root_is_root
 .text          0x000000000002c435     0x1219 build/cooja/contiki-ng-cooja.a(rpl-dag.o)
                0x000000000002c435                rpl_dag_state_to_str
                0x000000000002c493                rpl_dag_get_root_ipaddr
                0x000000000002c4dd                rpl_dag_leave
                0x000000000002c588                rpl_dag_poison_and_leave
                0x000000000002c5a6                rpl_dag_periodic
                0x000000000002c66a                rpl_is_addr_in_our_dag
                0x000000000002c6c6                rpl_get_default_instance
                0x000000000002c6ed                rpl_get_any_dag
                0x000000000002c75a                rpl_refresh_routes
                0x000000000002c7bc                rpl_global_repair
                0x000000000002c87e                rpl_local_repair
                0x000000000002c8e0                rpl_dag_ready_to_advertise
                0x000000000002c938                rpl_dag_update_state
                0x000000000002d1fb                rpl_process_dio
                0x000000000002d29d                rpl_process_dis
                0x000000000002d2f1                rpl_process_dao
                0x000000000002d39a                rpl_process_dao_ack
                0x000000000002d44a                rpl_process_hbh
                0x000000000002d4a9                rpl_dag_init_root
                0x000000000002d62a                rpl_dag_init
 .text          0x000000000002d64e      0xdef build/cooja/contiki-ng-cooja.a(rpl-ext-header.o)
                0x000000000002d64e                rpl_ext_header_srh_get_next_hop
                0x000000000002d75f                rpl_ext_header_srh_update
                0x000000000002ddee                rpl_ext_header_hbh_update
                0x000000000002e18e                rpl_ext_header_update
                0x000000000002e238                rpl_ext_header_remove
 .text          0x000000000002e43d     0x16eb build/cooja/contiki-ng-cooja.a(rpl-icmp6.o)
                0x000000000002e5d1                rpl_icmp6_update_nbr_table
                0x000000000002e686                rpl_icmp6_dis_output
                0x000000000002edaa                rpl_icmp6_dio_output
                0x000000000002f6da                rpl_icmp6_dao_output
                0x000000000002fa4b                rpl_icmp6_dao_ack_output
                0x000000000002fae1                rpl_icmp6_init
 .text          0x000000000002fb28      0x36f build/cooja/contiki-ng-cooja.a(rpl-mrhof.o)
 .text          0x000000000002fe97       0x8c build/cooja/contiki-ng-cooja.a(rpl-nbr-policy.o)
                0x000000000002fedf                rpl_nbr_gc_get_worst
 .text          0x000000000002ff23      0xadd build/cooja/contiki-ng-cooja.a(rpl-neighbor.o)
                0x000000000002ffb6                rpl_neighbor_snprint
                0x00000000000302e4                rpl_neighbor_print_list
                0x00000000000303bb                rpl_neighbor_count
                0x00000000000304a6                rpl_neighbor_get_from_lladdr
                0x00000000000304d1                rpl_neighbor_is_acceptable_parent
                0x000000000003051d                rpl_neighbor_get_link_metric
                0x0000000000030569                rpl_neighbor_rank_via_nbr
                0x00000000000305b5                rpl_neighbor_get_lladdr
                0x00000000000305e0                rpl_neighbor_get_ipaddr
                0x000000000003060e                rpl_neighbor_get_link_stats
                0x000000000003063c                rpl_neighbor_is_fresh
                0x000000000003066a                rpl_neighbor_is_parent
                0x00000000000306a3                rpl_neighbor_set_preferred_parent
                0x000000000003075a                rpl_neighbor_remove_all
                0x00000000000307c0                rpl_neighbor_get_from_ipaddr
                0x00000000000308f9                rpl_neighbor_select_best
                0x00000000000309d9                rpl_neighbor_init
 .text          0x0000000000030a00      0xd3d build/cooja/contiki-ng-cooja.a(rpl-timers.o)
                0x0000000000030a00                rpl_timers_schedule_periodic_dis
                0x0000000000030bb6                rpl_timers_dio_reset
                0x0000000000030d3a                rpl_timers_schedule_unicast_dio
                0x0000000000030f21                rpl_timers_schedule_dao
                0x0000000000031027                rpl_timers_schedule_dao_ack
                0x00000000000310ec                rpl_timers_notify_dao_ack
                0x0000000000031161                get_probing_delay
                0x00000000000311a8                get_probing_target
                0x00000000000313e6                rpl_schedule_probing
                0x000000000003142d                rpl_schedule_probing_now
                0x00000000000314bb                rpl_timers_unschedule_leaving
                0x0000000000031505                rpl_timers_schedule_leaving
                0x0000000000031563                rpl_timers_init
                0x0000000000031615                rpl_timers_stop_dag_timers
                0x00000000000316b7                rpl_timers_unschedule_state_update
                0x00000000000316e4                rpl_timers_schedule_state_update
 .text          0x000000000003173d       0x34 build/cooja/contiki-ng-cooja.a(assert.o)
                0x000000000003173d                _xassert
 .text          0x0000000000031771       0x3a build/cooja/contiki-ng-cooja.a(mac.o)
                0x0000000000031771                mac_call_sent_callback
 .text          0x00000000000317ab      0xca9 build/cooja/contiki-ng-cooja.a(frame802154.o)
                0x00000000000317d9                frame802154_get_pan_id
                0x00000000000317ea                frame802154_set_pan_id
                0x0000000000031806                frame802154_has_panid
                0x00000000000319e5                frame802154_check_dest_panid
                0x0000000000031a83                frame802154_is_broadcast_addr
                0x0000000000031ada                frame802154_extract_linkaddr
                0x0000000000031d74                frame802154_hdrlen
                0x0000000000031df3                frame802154_create_fcf
                0x0000000000031ec5                frame802154_create
                0x000000000003206f                frame802154_parse_fcf
                0x0000000000032166                frame802154_parse
 .text          0x0000000000032454        0x0 /usr/lib/gcc/x86_64-linux-gnu/11/crtendS.o
 .text          0x0000000000032454        0x0 /usr/lib/gcc/x86_64-linux-gnu/11/../../../x86_64-linux-gnu/crtn.o
 *(.gnu.warning)

.fini           0x0000000000032454        0xd
 *(SORT_NONE(.fini))
 .fini          0x0000000000032454        0x8 /usr/lib/gcc/x86_64-linux-gnu/11/../../../x86_64-linux-gnu/crti.o
                0x0000000000032454                _fini
 .fini          0x000000000003245c        0x5 /usr/lib/gcc/x86_64-linux-gnu/11/../../../x86_64-linux-gnu/crtn.o
                [!provide]                        PROVIDE (__etext = .)
                [!provide]                        PROVIDE (_etext = .)
                [!provide]                        PROVIDE (etext = .)
                0x0000000000033000                . = ALIGN (CONSTANT (MAXPAGESIZE))
                0x0000000000033000                . = SEGMENT_START ("rodata-segment", (ALIGN (CONSTANT (MAXPAGESIZE)) + (. & (CONSTANT (MAXPAGESIZE) - 0x1))))

.rodata         0x0000000000033000      0xd95
 *(.rodata .rodata.* .gnu.linkonce.r.*)
 .rodata        0x0000000000033000      0x2ca mqtt-client.o
 .rodata        0x00000000000332ca        0x6 build/cooja/contiki-ng-cooja.a(leds-arch.o)
                0x00000000000332ca                leds_arch_leds
 .rodata        0x00000000000332d0        0x4 build/cooja/contiki-ng-cooja.a(pir-sensor.o)
 .rodata        0x00000000000332d4        0x3 build/cooja/contiki-ng-cooja.a(rs232.o)
 .rodata        0x00000000000332d7        0xa build/cooja/contiki-ng-cooja.a(vib-sensor.o)
 *fill*         0x00000000000332e1        0x7 
 .rodata        0x00000000000332e8       0x26 build/cooja/contiki-ng-cooja.a(cfs-cooja.o)
 *fill*         0x000000000003330e        0x2 
 .rodata        0x0000000000033310       0x68 build/cooja/contiki-ng-cooja.a(cooja-radio.o)
 .rodata        0x0000000000033378        0x8 build/cooja/contiki-ng-cooja.a(sensors.o)
 .rodata        0x0000000000033380       0x14 build/cooja/contiki-ng-cooja.a(buttons.o)
                0x000000000003338c                button_hal_button_count
 .rodata        0x0000000000033394      0x29c build/cooja/contiki-ng-cooja.a(mqtt.o)
 .rodata        0x0000000000033630       0xec build/cooja/contiki-ng-cooja.a(contiki-main.o)
 .rodata        0x000000000003371c        0xf build/cooja/contiki-ng-cooja.a(ctimer.o)
 .rodata        0x000000000003372b        0xc build/cooja/contiki-ng-cooja.a(etimer.o)
 *fill*         0x0000000000033737        0x1 
 .rodata        0x0000000000033738       0xc0 build/cooja/contiki-ng-cooja.a(log.o)
 .rodata        0x00000000000337f8       0x13 build/cooja/contiki-ng-cooja.a(button-hal.o)
 .rodata        0x000000000003380b        0xe build/cooja/contiki-ng-cooja.a(serial-line.o)
 *fill*         0x0000000000033819        0x7 
 .rodata        0x0000000000033820        0x8 build/cooja/contiki-ng-cooja.a(linkaddr.o)
                0x0000000000033820                linkaddr_null
 *fill*         0x0000000000033828        0x8 
 .rodata        0x0000000000033830      0x280 build/cooja/contiki-ng-cooja.a(strformat.o)
 .rodata        0x0000000000033ab0        0x5 build/cooja/contiki-ng-cooja.a(csma.o)
 .rodata        0x0000000000033ab5       0x1d build/cooja/contiki-ng-cooja.a(sicslowpan.o)
                0x0000000000033ab5                unc_llconf
                0x0000000000033ab9                unc_ctxconf
                0x0000000000033abd                unc_mxconf
                0x0000000000033ac1                llprefix
 .rodata        0x0000000000033ad2       0x13 build/cooja/contiki-ng-cooja.a(tcp-socket.o)
 .rodata        0x0000000000033ae5        0xd build/cooja/contiki-ng-cooja.a(tcpip.o)
 *fill*         0x0000000000033af2        0x6 
 .rodata        0x0000000000033af8       0x4c build/cooja/contiki-ng-cooja.a(uip-ds6-route.o)
 .rodata        0x0000000000033b44       0x48 build/cooja/contiki-ng-cooja.a(uip6.o)
 .rodata        0x0000000000033b8c       0x2d build/cooja/contiki-ng-cooja.a(uiplib.o)
 .rodata        0x0000000000033bb9        0x9 build/cooja/contiki-ng-cooja.a(rpl.o)
 *fill*         0x0000000000033bc2        0x6 
 .rodata        0x0000000000033bc8       0x24 build/cooja/contiki-ng-cooja.a(csma-output.o)
 .rodata        0x0000000000033bec       0x44 build/cooja/contiki-ng-cooja.a(uip-sr.o)
 .rodata        0x0000000000033c30       0xd7 build/cooja/contiki-ng-cooja.a(rpl-dag.o)
 *fill*         0x0000000000033d07        0x1 
 .rodata        0x0000000000033d08       0x58 build/cooja/contiki-ng-cooja.a(rpl-neighbor.o)
 .rodata        0x0000000000033d60        0xc build/cooja/contiki-ng-cooja.a(rpl-timers.o)
 *fill*         0x0000000000033d6c        0x4 
 .rodata        0x0000000000033d70       0x25 build/cooja/contiki-ng-cooja.a(assert.o)

.rodata1
 *(.rodata1)

.eh_frame_hdr   0x0000000000033d98     0x18ec
 *(.eh_frame_hdr)
 .eh_frame_hdr  0x0000000000033d98     0x18ec mqtt-client.o
                0x0000000000033d98                __GNU_EH_FRAME_HDR
 *(.eh_frame_entry .eh_frame_entry.*)

.eh_frame       0x0000000000035688     0x6418
 *(.eh_frame)
 .eh_frame      0x0000000000035688       0x40 /usr/lib/gcc/x86_64-linux-gnu/11/../../../x86_64-linux-gnu/crti.o
 .eh_frame      0x00000000000356c8       0x18 /usr/lib/gcc/x86_64-linux-gnu/11/../../../x86_64-linux-gnu/crti.o
                                         0x30 (size before relaxing)
 .eh_frame      0x00000000000356e0       0x18 /usr/lib/gcc/x86_64-linux-gnu/11/../../../x86_64-linux-gnu/crti.o
                                         0x30 (size before relaxing)
 .eh_frame      0x00000000000356f8       0x88 mqtt-client.o
                                         0xa0 (size before relaxing)
 .eh_frame      0x0000000000035780      0x198 build/cooja/mtype841264429.o
                                        0x1b0 (size before relaxing)
 .eh_frame      0x0000000000035918       0x40 build/cooja/contiki-ng-cooja.a(simEnvChange.o)
                                         0x58 (size before relaxing)
 .eh_frame      0x0000000000035958       0x60 build/cooja/contiki-ng-cooja.a(cooja_mt.o)
                                         0x78 (size before relaxing)
 .eh_frame      0x00000000000359b8       0x80 build/cooja/contiki-ng-cooja.a(cooja_mtarch.o)
                                         0x98 (size before relaxing)
 .eh_frame      0x0000000000035a38       0xc0 build/cooja/contiki-ng-cooja.a(rtimer-arch.o)
                                         0xd8 (size before relaxing)
 .eh_frame      0x0000000000035af8      0x160 build/cooja/contiki-ng-cooja.a(beep.o)
                                        0x178 (size before relaxing)
 .eh_frame      0x0000000000035c58       0x80 build/cooja/contiki-ng-cooja.a(leds-arch.o)
                                         0x98 (size before relaxing)
 .eh_frame      0x0000000000035cd8       0x40 build/cooja/contiki-ng-cooja.a(moteid.o)
                                         0x58 (size before relaxing)
 .eh_frame      0x0000000000035d18       0xa0 build/cooja/contiki-ng-cooja.a(pir-sensor.o)
                                         0xb8 (size before relaxing)
 .eh_frame      0x0000000000035db8      0x100 build/cooja/contiki-ng-cooja.a(rs232.o)
                                        0x118 (size before relaxing)
 .eh_frame      0x0000000000035eb8       0xa0 build/cooja/contiki-ng-cooja.a(vib-sensor.o)
                                         0xb8 (size before relaxing)
 .eh_frame      0x0000000000035f58       0xc0 build/cooja/contiki-ng-cooja.a(clock.o)
                                         0xd8 (size before relaxing)
 .eh_frame      0x0000000000036018      0x100 build/cooja/contiki-ng-cooja.a(cooja-log.o)
                                        0x118 (size before relaxing)
 .eh_frame      0x0000000000036118      0x160 build/cooja/contiki-ng-cooja.a(cfs-cooja.o)
                                        0x178 (size before relaxing)
 .eh_frame      0x0000000000036278      0x360 build/cooja/contiki-ng-cooja.a(cooja-radio.o)
                                        0x378 (size before relaxing)
 .eh_frame      0x00000000000365d8       0xa0 build/cooja/contiki-ng-cooja.a(eeprom.o)
                                         0xb8 (size before relaxing)
 .eh_frame      0x0000000000036678       0x40 build/cooja/contiki-ng-cooja.a(random.o)
                                         0x58 (size before relaxing)
 .eh_frame      0x00000000000366b8       0xc0 build/cooja/contiki-ng-cooja.a(sensors.o)
                                         0xd8 (size before relaxing)
 .eh_frame      0x0000000000036778      0x120 build/cooja/contiki-ng-cooja.a(leds.o)
                                        0x138 (size before relaxing)
 .eh_frame      0x0000000000036898      0x220 build/cooja/contiki-ng-cooja.a(gpio-hal-arch.o)
                                        0x238 (size before relaxing)
 .eh_frame      0x0000000000036ab8       0xa0 build/cooja/contiki-ng-cooja.a(buttons.o)
                                         0xb8 (size before relaxing)
 .eh_frame      0x0000000000036b58      0x4e0 build/cooja/contiki-ng-cooja.a(mqtt.o)
                                        0x4f8 (size before relaxing)
 .eh_frame      0x0000000000037038       0x20 build/cooja/contiki-ng-cooja.a(contiki-main.o)
                                         0x38 (size before relaxing)
 .eh_frame      0x0000000000037058       0x40 build/cooja/contiki-ng-cooja.a(autostart.o)
                                         0x58 (size before relaxing)
 .eh_frame      0x0000000000037098      0x100 build/cooja/contiki-ng-cooja.a(ctimer.o)
                                        0x118 (size before relaxing)
 .eh_frame      0x0000000000037198       0x60 build/cooja/contiki-ng-cooja.a(energest.o)
                                         0x78 (size before relaxing)
 .eh_frame      0x00000000000371f8      0x1e0 build/cooja/contiki-ng-cooja.a(etimer.o)
                                        0x1f8 (size before relaxing)
 .eh_frame      0x00000000000373d8      0x120 build/cooja/contiki-ng-cooja.a(log.o)
                                        0x138 (size before relaxing)
 .eh_frame      0x00000000000374f8       0x20 build/cooja/contiki-ng-cooja.a(node-id.o)
                                         0x38 (size before relaxing)
 .eh_frame      0x0000000000037518      0x1c8 build/cooja/contiki-ng-cooja.a(process.o)
                                        0x1e0 (size before relaxing)
 .eh_frame      0x00000000000376e0       0x60 build/cooja/contiki-ng-cooja.a(rtimer.o)
                                         0x78 (size before relaxing)
 .eh_frame      0x0000000000037740       0xa0 build/cooja/contiki-ng-cooja.a(timer.o)
                                         0xb8 (size before relaxing)
 .eh_frame      0x00000000000377e0      0x1a0 build/cooja/contiki-ng-cooja.a(list.o)
                                        0x1b8 (size before relaxing)
 .eh_frame      0x0000000000037980      0x160 build/cooja/contiki-ng-cooja.a(button-hal.o)
                                        0x178 (size before relaxing)
 .eh_frame      0x0000000000037ae0       0xe0 build/cooja/contiki-ng-cooja.a(gpio-hal.o)
                                         0xf8 (size before relaxing)
 .eh_frame      0x0000000000037bc0       0x60 build/cooja/contiki-ng-cooja.a(serial-line.o)
                                         0x78 (size before relaxing)
 .eh_frame      0x0000000000037c20       0x60 build/cooja/contiki-ng-cooja.a(linkaddr.o)
                                         0x78 (size before relaxing)
 .eh_frame      0x0000000000037c80       0x80 build/cooja/contiki-ng-cooja.a(netstack.o)
                                         0x98 (size before relaxing)
 .eh_frame      0x0000000000037d00      0x288 build/cooja/contiki-ng-cooja.a(packetbuf.o)
                                        0x2a0 (size before relaxing)
 .eh_frame      0x0000000000037f88      0x1a0 build/cooja/contiki-ng-cooja.a(queuebuf.o)
                                        0x1b8 (size before relaxing)
 .eh_frame      0x0000000000038128       0x40 build/cooja/contiki-ng-cooja.a(printf.o)
                                         0x58 (size before relaxing)
 .eh_frame      0x0000000000038168       0x20 build/cooja/contiki-ng-cooja.a(putchar.o)
                                         0x38 (size before relaxing)
 .eh_frame      0x0000000000038188       0x20 build/cooja/contiki-ng-cooja.a(puts.o)
                                         0x38 (size before relaxing)
 .eh_frame      0x00000000000381a8       0x60 build/cooja/contiki-ng-cooja.a(snprintf.o)
                                         0x78 (size before relaxing)
 .eh_frame      0x0000000000038208       0x40 build/cooja/contiki-ng-cooja.a(sprintf.o)
                                         0x58 (size before relaxing)
 .eh_frame      0x0000000000038248      0x120 build/cooja/contiki-ng-cooja.a(strformat.o)
                                        0x138 (size before relaxing)
 .eh_frame      0x0000000000038368       0xe0 build/cooja/contiki-ng-cooja.a(csma.o)
                                         0xf8 (size before relaxing)
 .eh_frame      0x0000000000038448      0x2e0 build/cooja/contiki-ng-cooja.a(sicslowpan.o)
                                        0x2f8 (size before relaxing)
 .eh_frame      0x0000000000038728      0x248 build/cooja/contiki-ng-cooja.a(tcp-socket.o)
                                        0x260 (size before relaxing)
 .eh_frame      0x0000000000038970      0x308 build/cooja/contiki-ng-cooja.a(tcpip.o)
                                        0x320 (size before relaxing)
 .eh_frame      0x0000000000038c78      0x1c0 build/cooja/contiki-ng-cooja.a(uip-ds6-nbr.o)
                                        0x1d8 (size before relaxing)
 .eh_frame      0x0000000000038e38      0x240 build/cooja/contiki-ng-cooja.a(uip-ds6-route.o)
                                        0x258 (size before relaxing)
 .eh_frame      0x0000000000039078      0x328 build/cooja/contiki-ng-cooja.a(uip-ds6.o)
                                        0x340 (size before relaxing)
 .eh_frame      0x00000000000393a0       0xe0 build/cooja/contiki-ng-cooja.a(uip-packetqueue.o)
                                         0xf8 (size before relaxing)
 .eh_frame      0x0000000000039480      0x2b0 build/cooja/contiki-ng-cooja.a(uip6.o)
                                        0x2c8 (size before relaxing)
 .eh_frame      0x0000000000039730      0x200 build/cooja/contiki-ng-cooja.a(uipbuf.o)
                                        0x218 (size before relaxing)
 .eh_frame      0x0000000000039930       0x80 build/cooja/contiki-ng-cooja.a(uiplib.o)
                                         0x98 (size before relaxing)
 .eh_frame      0x00000000000399b0      0x1e0 build/cooja/contiki-ng-cooja.a(rpl.o)
                                        0x1f8 (size before relaxing)
 .eh_frame      0x0000000000039b90       0xa0 build/cooja/contiki-ng-cooja.a(watchdog.o)
                                         0xb8 (size before relaxing)
 .eh_frame      0x0000000000039c30       0x80 build/cooja/contiki-ng-cooja.a(int-master.o)
                                         0x98 (size before relaxing)
 .eh_frame      0x0000000000039cb0       0xc0 build/cooja/contiki-ng-cooja.a(stimer.o)
                                         0xd8 (size before relaxing)
 .eh_frame      0x0000000000039d70       0xa0 build/cooja/contiki-ng-cooja.a(memb.o)
                                         0xb8 (size before relaxing)
 .eh_frame      0x0000000000039e10       0xa0 build/cooja/contiki-ng-cooja.a(ringbuf.o)
                                         0xb8 (size before relaxing)
 .eh_frame      0x0000000000039eb0      0x120 build/cooja/contiki-ng-cooja.a(link-stats.o)
                                        0x138 (size before relaxing)
 .eh_frame      0x0000000000039fd0      0x3e0 build/cooja/contiki-ng-cooja.a(nbr-table.o)
                                        0x3f8 (size before relaxing)
 .eh_frame      0x000000000003a3b0       0x48 build/cooja/contiki-ng-cooja.a(mac-sequence.o)
                                         0x60 (size before relaxing)
 .eh_frame      0x000000000003a3f8       0xa8 build/cooja/contiki-ng-cooja.a(framer-802154.o)
                                         0xc0 (size before relaxing)
 .eh_frame      0x000000000003a4a0      0x1c8 build/cooja/contiki-ng-cooja.a(csma-output.o)
                                        0x1e0 (size before relaxing)
 .eh_frame      0x000000000003a668       0x40 build/cooja/contiki-ng-cooja.a(csma-security.o)
                                         0x58 (size before relaxing)
 .eh_frame      0x000000000003a6a8      0x148 build/cooja/contiki-ng-cooja.a(uip-icmp6.o)
                                        0x160 (size before relaxing)
 .eh_frame      0x000000000003a7f0       0x80 build/cooja/contiki-ng-cooja.a(uip-nd6.o)
                                         0x98 (size before relaxing)
 .eh_frame      0x000000000003a870      0x180 build/cooja/contiki-ng-cooja.a(uip-sr.o)
                                        0x198 (size before relaxing)
 .eh_frame      0x000000000003a9f0       0xa0 build/cooja/contiki-ng-cooja.a(rpl-dag-root.o)
                                         0xb8 (size before relaxing)
 .eh_frame      0x000000000003aa90      0x360 build/cooja/contiki-ng-cooja.a(rpl-dag.o)
                                        0x378 (size before relaxing)
 .eh_frame      0x000000000003adf0      0x128 build/cooja/contiki-ng-cooja.a(rpl-ext-header.o)
                                        0x140 (size before relaxing)
 .eh_frame      0x000000000003af18      0x1c0 build/cooja/contiki-ng-cooja.a(rpl-icmp6.o)
                                        0x1d8 (size before relaxing)
 .eh_frame      0x000000000003b0d8      0x148 build/cooja/contiki-ng-cooja.a(rpl-mrhof.o)
                                        0x160 (size before relaxing)
 .eh_frame      0x000000000003b220       0x40 build/cooja/contiki-ng-cooja.a(rpl-nbr-policy.o)
                                         0x58 (size before relaxing)
 .eh_frame      0x000000000003b260      0x2b0 build/cooja/contiki-ng-cooja.a(rpl-neighbor.o)
                                        0x2c8 (size before relaxing)
 .eh_frame      0x000000000003b510      0x3a8 build/cooja/contiki-ng-cooja.a(rpl-timers.o)
                                        0x3c0 (size before relaxing)
 .eh_frame      0x000000000003b8b8       0x20 build/cooja/contiki-ng-cooja.a(assert.o)
                                         0x38 (size before relaxing)
 .eh_frame      0x000000000003b8d8       0x20 build/cooja/contiki-ng-cooja.a(mac.o)
                                         0x38 (size before relaxing)
 .eh_frame      0x000000000003b8f8      0x1a4 build/cooja/contiki-ng-cooja.a(frame802154.o)
                                        0x1c0 (size before relaxing)
 .eh_frame      0x000000000003ba9c        0x4 /usr/lib/gcc/x86_64-linux-gnu/11/crtendS.o
 *(.eh_frame.*)

.gcc_except_table
 *(.gcc_except_table .gcc_except_table.*)

.gnu_extab
 *(.gnu_extab*)

.exception_ranges
 *(.exception_ranges*)
                0x000000000003d6d0                . = DATA_SEGMENT_ALIGN (CONSTANT (MAXPAGESIZE), CONSTANT (COMMONPAGESIZE))

.eh_frame
 *(.eh_frame)
 *(.eh_frame.*)

.gnu_extab
 *(.gnu_extab)

.gcc_except_table
 *(.gcc_except_table .gcc_except_table.*)

.exception_ranges
 *(.exception_ranges*)

.tdata
 *(.tdata .tdata.* .gnu.linkonce.td.*)

.tbss
 *(.tbss .tbss.* .gnu.linkonce.tb.*)
 *(.tcommon)

.preinit_array
 *(.preinit_array)

.init_array     0x000000000003d6d0        0x8
 *(SORT_BY_INIT_PRIORITY(.init_array.*) SORT_BY_INIT_PRIORITY(.ctors.*))
 *(.init_array EXCLUDE_FILE(*crtend?.o *crtend.o *crtbegin?.o *crtbegin.o) .ctors)
 .init_array    0x000000000003d6d0        0x8 /usr/lib/gcc/x86_64-linux-gnu/11/crtbeginS.o

.fini_array     0x000000000003d6d8        0x8
 *(SORT_BY_INIT_PRIORITY(.fini_array.*) SORT_BY_INIT_PRIORITY(.dtors.*))
 *(.fini_array EXCLUDE_FILE(*crtend?.o *crtend.o *crtbegin?.o *crtbegin.o) .dtors)
 .fini_array    0x000000000003d6d8        0x8 /usr/lib/gcc/x86_64-linux-gnu/11/crtbeginS.o

.ctors
 *crtbegin.o(.ctors)
 *crtbegin?.o(.ctors)
 *(EXCLUDE_FILE(*crtend?.o *crtend.o) .ctors)
 *(SORT_BY_NAME(.ctors.*))
 *(.ctors)

.dtors
 *crtbegin.o(.dtors)
 *crtbegin?.o(.dtors)
 *(EXCLUDE_FILE(*crtend?.o *crtend.o) .dtors)
 *(SORT_BY_NAME(.dtors.*))
 *(.dtors)

.jcr
 *(.jcr)

.data.rel.ro    0x000000000003d6e0      0x350
 *(.data.rel.ro.local* .gnu.linkonce.d.rel.ro.local.*)
 .data.rel.ro.local
                0x000000000003d6e0       0x10 build/cooja/contiki-ng-cooja.a(beep.o)
                0x000000000003d6e0                beep_interface
 .data.rel.ro.local
                0x000000000003d6f0       0x10 build/cooja/contiki-ng-cooja.a(leds-arch.o)
                0x000000000003d6f0                leds_interface
 .data.rel.ro.local
                0x000000000003d700       0x10 build/cooja/contiki-ng-cooja.a(moteid.o)
                0x000000000003d700                moteid_interface
 *fill*         0x000000000003d710       0x10 
 .data.rel.ro.local
                0x000000000003d720       0x40 build/cooja/contiki-ng-cooja.a(pir-sensor.o)
                0x000000000003d720                pir_interface
                0x000000000003d740                pir_sensor
 .data.rel.ro.local
                0x000000000003d760       0x10 build/cooja/contiki-ng-cooja.a(rs232.o)
                0x000000000003d760                rs232_interface
 *fill*         0x000000000003d770       0x10 
 .data.rel.ro.local
                0x000000000003d780       0x40 build/cooja/contiki-ng-cooja.a(vib-sensor.o)
                0x000000000003d780                vib_interface
                0x000000000003d7a0                vib_sensor
 .data.rel.ro.local
                0x000000000003d7c0       0x10 build/cooja/contiki-ng-cooja.a(clock.o)
                0x000000000003d7c0                clock_interface
 .data.rel.ro.local
                0x000000000003d7d0       0x10 build/cooja/contiki-ng-cooja.a(cooja-log.o)
                0x000000000003d7d0                simlog_interface
 .data.rel.ro.local
                0x000000000003d7e0       0x10 build/cooja/contiki-ng-cooja.a(cfs-cooja.o)
                0x000000000003d7e0                cfs_interface
 *fill*         0x000000000003d7f0       0x10 
 .data.rel.ro.local
                0x000000000003d800       0x90 build/cooja/contiki-ng-cooja.a(cooja-radio.o)
                0x000000000003d800                radio_interface
                0x000000000003d820                cooja_radio_driver
 .data.rel.ro.local
                0x000000000003d890       0x10 build/cooja/contiki-ng-cooja.a(eeprom.o)
                0x000000000003d890                eeprom_interface
 .data.rel.ro.local
                0x000000000003d8a0       0x40 build/cooja/contiki-ng-cooja.a(buttons.o)
                0x000000000003d8a0                button_interface
                0x000000000003d8c0                button_sensor
 .data.rel.ro.local
                0x000000000003d8e0       0x38 build/cooja/contiki-ng-cooja.a(csma.o)
                0x000000000003d8e0                csma_driver
 *fill*         0x000000000003d918        0x8 
 .data.rel.ro.local
                0x000000000003d920       0x18 build/cooja/contiki-ng-cooja.a(framer-802154.o)
                0x000000000003d920                framer_802154
 *(.data.rel.ro .data.rel.ro.* .gnu.linkonce.d.rel.ro.*)
 .data.rel.ro   0x000000000003d938        0x0 /usr/lib/gcc/x86_64-linux-gnu/11/../../../x86_64-linux-gnu/crti.o
 *fill*         0x000000000003d938        0x8 
 .data.rel.ro   0x000000000003d940       0x10 mqtt-client.o
                0x000000000003d940                autostart_processes
 *fill*         0x000000000003d950       0x10 
 .data.rel.ro   0x000000000003d960       0x20 build/cooja/contiki-ng-cooja.a(sicslowpan.o)
                0x000000000003d960                sicslowpan_driver
 .data.rel.ro   0x000000000003d980       0xa8 build/cooja/contiki-ng-cooja.a(rpl.o)
                0x000000000003d980                rpl_lite_driver
 .data.rel.ro   0x000000000003da28        0x8 build/cooja/contiki-ng-cooja.a(rpl-dag.o)

.dynamic        0x000000000003da30      0x1c0
 *(.dynamic)
 .dynamic       0x000000000003da30      0x1c0 /usr/lib/gcc/x86_64-linux-gnu/11/../../../x86_64-linux-gnu/crti.o
                0x000000000003da30                _DYNAMIC

.got            0x000000000003dbf0      0x400
 *(.got)
 .got           0x000000000003dbf0      0x400 /usr/lib/gcc/x86_64-linux-gnu/11/../../../x86_64-linux-gnu/crti.o
 *(.igot)
                0x000000000003efe8                . = DATA_SEGMENT_RELRO_END (., (SIZEOF (.got.plt) >= 0x18)?0x18:0x0)

.got.plt        0x000000000003e000      0xbb8
 *(.got.plt)
 .got.plt       0x000000000003e000      0xbb8 /usr/lib/gcc/x86_64-linux-gnu/11/../../../x86_64-linux-gnu/crti.o
                0x000000000003e000                _GLOBAL_OFFSET_TABLE_
 *(.igot.plt)

.data           0x000000000003ebc0      0x812
 *(.data .data.* .gnu.linkonce.d.*)
 .data          0x000000000003ebc0        0x0 /usr/lib/gcc/x86_64-linux-gnu/11/../../../x86_64-linux-gnu/crti.o
 .data          0x000000000003ebc0        0x0 /usr/lib/gcc/x86_64-linux-gnu/11/crtbeginS.o
 .data.rel.local
                0x000000000003ebc0        0x8 /usr/lib/gcc/x86_64-linux-gnu/11/crtbeginS.o
                0x000000000003ebc0                __dso_handle
 .data          0x000000000003ebc8        0x4 mqtt-client.o
 *fill*         0x000000000003ebcc       0x14 
 .data.rel.local
                0x000000000003ebe0       0x40 mqtt-client.o
                0x000000000003ec00                mqtt_client_process
 .data          0x000000000003ec20        0x0 build/cooja/mtype841264429.o
 .data.rel      0x000000000003ec20       0xa0 build/cooja/mtype841264429.o
                0x000000000003ec20                simInterfaces
                0x000000000003eca0                sensors
 .data          0x000000000003ecc0        0x0 build/cooja/contiki-ng-cooja.a(simEnvChange.o)
 .data          0x000000000003ecc0        0x0 build/cooja/contiki-ng-cooja.a(cooja_mt.o)
 .data          0x000000000003ecc0        0x0 build/cooja/contiki-ng-cooja.a(cooja_mtarch.o)
 .data          0x000000000003ecc0        0x0 build/cooja/contiki-ng-cooja.a(rtimer-arch.o)
 .data          0x000000000003ecc0        0x0 build/cooja/contiki-ng-cooja.a(beep.o)
 .data          0x000000000003ecc0        0x0 build/cooja/contiki-ng-cooja.a(leds-arch.o)
 .data          0x000000000003ecc0        0x0 build/cooja/contiki-ng-cooja.a(moteid.o)
 .data          0x000000000003ecc0        0x0 build/cooja/contiki-ng-cooja.a(pir-sensor.o)
 .data          0x000000000003ecc0        0x0 build/cooja/contiki-ng-cooja.a(rs232.o)
 .data          0x000000000003ecc0        0x0 build/cooja/contiki-ng-cooja.a(vib-sensor.o)
 .data          0x000000000003ecc0        0x0 build/cooja/contiki-ng-cooja.a(clock.o)
 .data          0x000000000003ecc0        0x0 build/cooja/contiki-ng-cooja.a(cooja-log.o)
 .data          0x000000000003ecc0        0x0 build/cooja/contiki-ng-cooja.a(cfs-cooja.o)
 .data          0x000000000003ecc0       0x20 build/cooja/contiki-ng-cooja.a(cooja-radio.o)
                0x000000000003ecc0                simRadioHWOn
                0x000000000003ecc4                simSignalStrength
                0x000000000003ecc8                simLastSignalStrength
                0x000000000003eccc                simPower
                0x000000000003ecd0                simRadioChannel
                0x000000000003ecd4                simLQI
                0x000000000003ecd8                simLastLQI
 .data.rel.local
                0x000000000003ece0       0x20 build/cooja/contiki-ng-cooja.a(cooja-radio.o)
                0x000000000003ece0                cooja_radio_process
 .data          0x000000000003ed00        0x0 build/cooja/contiki-ng-cooja.a(eeprom.o)
 .data          0x000000000003ed00        0x0 build/cooja/contiki-ng-cooja.a(random.o)
 .data          0x000000000003ed00        0x0 build/cooja/contiki-ng-cooja.a(sensors.o)
 .data.rel.local
                0x000000000003ed00       0x20 build/cooja/contiki-ng-cooja.a(sensors.o)
                0x000000000003ed00                sensors_process
 .data          0x000000000003ed20        0x0 build/cooja/contiki-ng-cooja.a(leds.o)
 .data          0x000000000003ed20        0x0 build/cooja/contiki-ng-cooja.a(gpio-hal-arch.o)
 .data          0x000000000003ed20        0x1 build/cooja/contiki-ng-cooja.a(buttons.o)
                0x000000000003ed20                simButtonIsActive
 *fill*         0x000000000003ed21       0x1f 
 .data.rel.local
                0x000000000003ed40       0xb0 build/cooja/contiki-ng-cooja.a(buttons.o)
                0x000000000003ede0                button_hal_buttons
 .data          0x000000000003edf0        0x0 build/cooja/contiki-ng-cooja.a(mqtt.o)
 *fill*         0x000000000003edf0       0x10 
 .data.rel.local
                0x000000000003ee00       0x40 build/cooja/contiki-ng-cooja.a(mqtt.o)
                0x000000000003ee20                mqtt_process
 .data          0x000000000003ee40        0x0 build/cooja/contiki-ng-cooja.a(contiki-main.o)
 .data          0x000000000003ee40        0x0 build/cooja/contiki-ng-cooja.a(autostart.o)
 .data          0x000000000003ee40        0x0 build/cooja/contiki-ng-cooja.a(ctimer.o)
 .data.rel.local
                0x000000000003ee40       0x40 build/cooja/contiki-ng-cooja.a(ctimer.o)
                0x000000000003ee60                ctimer_process
 .data          0x000000000003ee80        0x0 build/cooja/contiki-ng-cooja.a(energest.o)
 .data          0x000000000003ee80        0x0 build/cooja/contiki-ng-cooja.a(etimer.o)
 .data.rel.local
                0x000000000003ee80       0x20 build/cooja/contiki-ng-cooja.a(etimer.o)
                0x000000000003ee80                etimer_process
 .data          0x000000000003eea0        0x4 build/cooja/contiki-ng-cooja.a(log.o)
                0x000000000003eea0                curr_log_level_main
 *fill*         0x000000000003eea4       0x1c 
 .data.rel      0x000000000003eec0      0x138 build/cooja/contiki-ng-cooja.a(log.o)
                0x000000000003eec0                all_modules
 .data          0x000000000003eff8        0x0 build/cooja/contiki-ng-cooja.a(node-id.o)
 .data          0x000000000003eff8        0x0 build/cooja/contiki-ng-cooja.a(process.o)
 .data          0x000000000003eff8        0x0 build/cooja/contiki-ng-cooja.a(rtimer.o)
 .data          0x000000000003eff8        0x0 build/cooja/contiki-ng-cooja.a(timer.o)
 .data          0x000000000003eff8        0x0 build/cooja/contiki-ng-cooja.a(list.o)
 .data          0x000000000003eff8        0x0 build/cooja/contiki-ng-cooja.a(button-hal.o)
 *fill*         0x000000000003eff8        0x8 
 .data.rel.local
                0x000000000003f000       0x20 build/cooja/contiki-ng-cooja.a(button-hal.o)
                0x000000000003f000                button_hal_process
 .data          0x000000000003f020        0x0 build/cooja/contiki-ng-cooja.a(gpio-hal.o)
 .data.rel.local
                0x000000000003f020        0x8 build/cooja/contiki-ng-cooja.a(gpio-hal.o)
 .data          0x000000000003f028        0x0 build/cooja/contiki-ng-cooja.a(serial-line.o)
 *fill*         0x000000000003f028       0x18 
 .data.rel.local
                0x000000000003f040       0x20 build/cooja/contiki-ng-cooja.a(serial-line.o)
                0x000000000003f040                serial_line_process
 .data          0x000000000003f060        0x0 build/cooja/contiki-ng-cooja.a(linkaddr.o)
 .data          0x000000000003f060        0x0 build/cooja/contiki-ng-cooja.a(netstack.o)
 .data.rel.local
                0x000000000003f060        0x8 build/cooja/contiki-ng-cooja.a(netstack.o)
 .data          0x000000000003f068        0x0 build/cooja/contiki-ng-cooja.a(packetbuf.o)
 .data.rel.local
                0x000000000003f068        0x8 build/cooja/contiki-ng-cooja.a(packetbuf.o)
 .data          0x000000000003f070        0x0 build/cooja/contiki-ng-cooja.a(queuebuf.o)
 .data.rel.local
                0x000000000003f070       0x38 build/cooja/contiki-ng-cooja.a(queuebuf.o)
 .data          0x000000000003f0a8        0x0 build/cooja/contiki-ng-cooja.a(printf.o)
 *fill*         0x000000000003f0a8        0x8 
 .data.rel.local
                0x000000000003f0b0       0x10 build/cooja/contiki-ng-cooja.a(printf.o)
 .data          0x000000000003f0c0        0x0 build/cooja/contiki-ng-cooja.a(putchar.o)
 .data          0x000000000003f0c0        0x0 build/cooja/contiki-ng-cooja.a(puts.o)
 .data          0x000000000003f0c0        0x0 build/cooja/contiki-ng-cooja.a(snprintf.o)
 .data          0x000000000003f0c0        0x0 build/cooja/contiki-ng-cooja.a(sprintf.o)
 .data          0x000000000003f0c0        0x0 build/cooja/contiki-ng-cooja.a(strformat.o)
 .data          0x000000000003f0c0        0x0 build/cooja/contiki-ng-cooja.a(csma.o)
 .data          0x000000000003f0c0        0x0 build/cooja/contiki-ng-cooja.a(sicslowpan.o)
 .data          0x000000000003f0c0        0x0 build/cooja/contiki-ng-cooja.a(tcp-socket.o)
 .data.rel.local
                0x000000000003f0c0       0x40 build/cooja/contiki-ng-cooja.a(tcp-socket.o)
                0x000000000003f0e0                tcp_socket_process
 .data          0x000000000003f100        0x0 build/cooja/contiki-ng-cooja.a(tcpip.o)
 .data.rel.local
                0x000000000003f100       0x20 build/cooja/contiki-ng-cooja.a(tcpip.o)
                0x000000000003f100                tcpip_process
 .data          0x000000000003f120        0x0 build/cooja/contiki-ng-cooja.a(uip-ds6-nbr.o)
 .data.rel.local
                0x000000000003f120       0x20 build/cooja/contiki-ng-cooja.a(uip-ds6-nbr.o)
 .data          0x000000000003f140        0x0 build/cooja/contiki-ng-cooja.a(uip-ds6-route.o)
 .data.rel.local
                0x000000000003f140       0x28 build/cooja/contiki-ng-cooja.a(uip-ds6-route.o)
 .data          0x000000000003f168        0x0 build/cooja/contiki-ng-cooja.a(uip-ds6.o)
 .data          0x000000000003f168        0x0 build/cooja/contiki-ng-cooja.a(uip-packetqueue.o)
 *fill*         0x000000000003f168        0x8 
 .data.rel.local
                0x000000000003f170       0x18 build/cooja/contiki-ng-cooja.a(uip-packetqueue.o)
 .data          0x000000000003f188        0x0 build/cooja/contiki-ng-cooja.a(uip6.o)
 .data          0x000000000003f188        0x0 build/cooja/contiki-ng-cooja.a(uipbuf.o)
 .data          0x000000000003f188        0x0 build/cooja/contiki-ng-cooja.a(uiplib.o)
 .data          0x000000000003f188        0x0 build/cooja/contiki-ng-cooja.a(rpl.o)
 .data          0x000000000003f188        0x0 build/cooja/contiki-ng-cooja.a(watchdog.o)
 .data          0x000000000003f188        0x0 build/cooja/contiki-ng-cooja.a(int-master.o)
 .data          0x000000000003f188        0x0 build/cooja/contiki-ng-cooja.a(stimer.o)
 .data          0x000000000003f188        0x0 build/cooja/contiki-ng-cooja.a(memb.o)
 .data          0x000000000003f188        0x0 build/cooja/contiki-ng-cooja.a(ringbuf.o)
 .data          0x000000000003f188        0x0 build/cooja/contiki-ng-cooja.a(link-stats.o)
 *fill*         0x000000000003f188        0x8 
 .data.rel.local
                0x000000000003f190       0x20 build/cooja/contiki-ng-cooja.a(link-stats.o)
 .data          0x000000000003f1b0        0x0 build/cooja/contiki-ng-cooja.a(nbr-table.o)
 .data.rel.local
                0x000000000003f1b0       0x20 build/cooja/contiki-ng-cooja.a(nbr-table.o)
 .data          0x000000000003f1d0        0x0 build/cooja/contiki-ng-cooja.a(mac-sequence.o)
 .data          0x000000000003f1d0        0x0 build/cooja/contiki-ng-cooja.a(framer-802154.o)
 .data          0x000000000003f1d0        0x0 build/cooja/contiki-ng-cooja.a(csma-output.o)
 .data.rel.local
                0x000000000003f1d0       0x60 build/cooja/contiki-ng-cooja.a(csma-output.o)
 .data          0x000000000003f230        0x0 build/cooja/contiki-ng-cooja.a(csma-security.o)
 .data          0x000000000003f230        0x0 build/cooja/contiki-ng-cooja.a(uip-icmp6.o)
 .data.rel.local
                0x000000000003f230       0x48 build/cooja/contiki-ng-cooja.a(uip-icmp6.o)
 .data          0x000000000003f278        0x0 build/cooja/contiki-ng-cooja.a(uip-nd6.o)
 *fill*         0x000000000003f278        0x8 
 .data.rel.local
                0x000000000003f280       0x18 build/cooja/contiki-ng-cooja.a(uip-nd6.o)
 .data          0x000000000003f298        0x0 build/cooja/contiki-ng-cooja.a(uip-sr.o)
 *fill*         0x000000000003f298        0x8 
 .data.rel.local
                0x000000000003f2a0       0x28 build/cooja/contiki-ng-cooja.a(uip-sr.o)
 .data          0x000000000003f2c8        0x0 build/cooja/contiki-ng-cooja.a(rpl-dag-root.o)
 .data          0x000000000003f2c8        0x0 build/cooja/contiki-ng-cooja.a(rpl-dag.o)
 .data          0x000000000003f2c8        0x0 build/cooja/contiki-ng-cooja.a(rpl-ext-header.o)
 .data          0x000000000003f2c8        0x0 build/cooja/contiki-ng-cooja.a(rpl-icmp6.o)
 *fill*         0x000000000003f2c8        0x8 
 .data.rel.local
                0x000000000003f2d0       0x78 build/cooja/contiki-ng-cooja.a(rpl-icmp6.o)
 .data          0x000000000003f348        0x0 build/cooja/contiki-ng-cooja.a(rpl-mrhof.o)
 *fill*         0x000000000003f348       0x18 
 .data.rel.local
                0x000000000003f360       0x48 build/cooja/contiki-ng-cooja.a(rpl-mrhof.o)
                0x000000000003f360                rpl_mrhof
 .data          0x000000000003f3a8        0x0 build/cooja/contiki-ng-cooja.a(rpl-nbr-policy.o)
 .data          0x000000000003f3a8        0x0 build/cooja/contiki-ng-cooja.a(rpl-neighbor.o)
 *fill*         0x000000000003f3a8        0x8 
 .data.rel.local
                0x000000000003f3b0       0x20 build/cooja/contiki-ng-cooja.a(rpl-neighbor.o)
                0x000000000003f3c8                rpl_neighbors
 .data          0x000000000003f3d0        0x0 build/cooja/contiki-ng-cooja.a(rpl-timers.o)
 .data          0x000000000003f3d0        0x0 build/cooja/contiki-ng-cooja.a(assert.o)
 .data          0x000000000003f3d0        0x0 build/cooja/contiki-ng-cooja.a(mac.o)
 .data          0x000000000003f3d0        0x2 build/cooja/contiki-ng-cooja.a(frame802154.o)
 .data          0x000000000003f3d2        0x0 /usr/lib/gcc/x86_64-linux-gnu/11/crtendS.o
 .data          0x000000000003f3d2        0x0 /usr/lib/gcc/x86_64-linux-gnu/11/../../../x86_64-linux-gnu/crtn.o

.tm_clone_table
                0x000000000003f3d8        0x0
 .tm_clone_table
                0x000000000003f3d8        0x0 /usr/lib/gcc/x86_64-linux-gnu/11/crtbeginS.o
 .tm_clone_table
                0x000000000003f3d8        0x0 /usr/lib/gcc/x86_64-linux-gnu/11/crtendS.o

.data1
 *(.data1)
                [!provide]                        PROVIDE (_edata = .)
                [!provide]                        PROVIDE (edata = .)
                0x000000000003f3d8                . = .
                [!provide]                        PROVIDE (__bss_start = .)

.bss            0x000000000003f3e0    0x18280
 *(.dynbss)
 .dynbss        0x000000000003f3e0        0x0 /usr/lib/gcc/x86_64-linux-gnu/11/../../../x86_64-linux-gnu/crti.o
 *(.bss .bss.* .gnu.linkonce.b.*)
 .bss           0x000000000003f3e0        0x0 /usr/lib/gcc/x86_64-linux-gnu/11/../../../x86_64-linux-gnu/crti.o
 .bss           0x000000000003f3e0        0x1 /usr/lib/gcc/x86_64-linux-gnu/11/crtbeginS.o
 *fill*         0x000000000003f3e1       0x1f 
 .bss           0x000000000003f400      0xbd0 mqtt-client.o
                0x000000000003f400                status
                0x000000000003f420                broker_address
 *fill*         0x000000000003ffd0       0x10 
 .bss           0x000000000003ffe0     0x4060 build/cooja/mtype841264429.o
                0x000000000003ffe0                sensors_flags
                0x000000000003ffe8                referenceVar
 .bss           0x0000000000044040       0x18 build/cooja/contiki-ng-cooja.a(simEnvChange.o)
                0x0000000000044040                simDontFallAsleep
                0x0000000000044044                simProcessRunValue
                0x0000000000044048                simEtimerPending
                0x0000000000044050                simEtimerNextExpirationTime
 .bss           0x0000000000044058        0x8 build/cooja/contiki-ng-cooja.a(cooja_mt.o)
 .bss           0x0000000000044060        0x8 build/cooja/contiki-ng-cooja.a(cooja_mtarch.o)
 .bss           0x0000000000044068       0x18 build/cooja/contiki-ng-cooja.a(rtimer-arch.o)
                0x0000000000044068                simRtimerPending
                0x0000000000044070                simRtimerNextExpirationTime
                0x0000000000044078                simRtimerCurrentTicks
 .bss           0x0000000000044080        0x1 build/cooja/contiki-ng-cooja.a(beep.o)
                0x0000000000044080                simBeeped
 .bss           0x0000000000044081        0x1 build/cooja/contiki-ng-cooja.a(leds-arch.o)
                0x0000000000044081                simLedsValue
 *fill*         0x0000000000044082        0x2 
 .bss           0x0000000000044084        0xc build/cooja/contiki-ng-cooja.a(moteid.o)
                0x0000000000044084                simMoteID
                0x0000000000044088                simMoteIDChanged
                0x000000000004408c                simRandomSeed
 .bss           0x0000000000044090        0x3 build/cooja/contiki-ng-cooja.a(pir-sensor.o)
                0x0000000000044090                simPirChanged
                0x0000000000044091                simPirIsActive
                0x0000000000044092                simPirValue
 *fill*         0x0000000000044093        0xd 
 .bss           0x00000000000440a0      0x810 build/cooja/contiki-ng-cooja.a(rs232.o)
                0x00000000000440a0                simSerialReceivingData
                0x00000000000448a0                simSerialReceivingLength
                0x00000000000448a4                simSerialReceivingFlag
 .bss           0x00000000000448b0        0x3 build/cooja/contiki-ng-cooja.a(vib-sensor.o)
                0x00000000000448b0                simVibChanged
                0x00000000000448b1                simVibIsActive
                0x00000000000448b2                simVibValue
 *fill*         0x00000000000448b3        0x5 
 .bss           0x00000000000448b8        0x8 build/cooja/contiki-ng-cooja.a(clock.o)
                0x00000000000448b8                simCurrentTime
 .bss           0x00000000000448c0     0x200d build/cooja/contiki-ng-cooja.a(cooja-log.o)
                0x00000000000448c0                simLoggedData
                0x00000000000468c0                simLoggedLength
                0x00000000000468c4                simLoggedFlag
 *fill*         0x00000000000468cd       0x13 
 .bss           0x00000000000468e0      0xfc0 build/cooja/contiki-ng-cooja.a(cfs-cooja.o)
                0x00000000000468e0                simCFSData
                0x0000000000047880                simCFSSize
                0x0000000000047884                simCFSChanged
                0x0000000000047888                simCFSRead
                0x000000000004788c                simCFSWritten
 .bss           0x00000000000478a0      0x15c build/cooja/contiki-ng-cooja.a(cooja-radio.o)
                0x00000000000478a0                simReceiving
                0x00000000000478c0                simInDataBuffer
                0x0000000000047940                simInSize
                0x0000000000047948                simLastPacketTimestamp
                0x0000000000047960                simOutDataBuffer
                0x00000000000479e0                simOutSize
 *fill*         0x00000000000479fc        0x4 
 .bss           0x0000000000047a00      0x40c build/cooja/contiki-ng-cooja.a(eeprom.o)
                0x0000000000047a00                simEEPROMData
                0x0000000000047e00                simEEPROMChanged
                0x0000000000047e04                simEEPROMRead
                0x0000000000047e08                simEEPROMWritten
 .bss           0x0000000000047e0c        0x0 build/cooja/contiki-ng-cooja.a(random.o)
 .bss           0x0000000000047e0c        0xc build/cooja/contiki-ng-cooja.a(sensors.o)
                0x0000000000047e0c                sensors_event
 .bss           0x0000000000047e18        0x0 build/cooja/contiki-ng-cooja.a(leds.o)
 *fill*         0x0000000000047e18        0x8 
 .bss           0x0000000000047e20       0x40 build/cooja/contiki-ng-cooja.a(gpio-hal-arch.o)
 .bss           0x0000000000047e60        0x2 build/cooja/contiki-ng-cooja.a(buttons.o)
                0x0000000000047e60                simButtonChanged
                0x0000000000047e61                simButtonIsDown
 *fill*         0x0000000000047e62        0x6 